Archive member included to satisfy reference by file (symbol)

/home/tomoaki/.p2/pool/plugins/fr.ac6.mcu.externaltools.arm-none.linux64_1.17.0.201812190825/tools/compiler/bin/../lib/gcc/arm-none-eabi/7.3.1/../../../../arm-none-eabi/lib/thumb/v6-m/libm.a(lib_a-s_ceil.o)
                              LoRaEz/sx1276/sx1276.o (ceil)
/home/tomoaki/.p2/pool/plugins/fr.ac6.mcu.externaltools.arm-none.linux64_1.17.0.201812190825/tools/compiler/bin/../lib/gcc/arm-none-eabi/7.3.1/../../../../arm-none-eabi/lib/thumb/v6-m/libm.a(lib_a-s_floor.o)
                              LoRaEz/rtc.o (floor)
/home/tomoaki/.p2/pool/plugins/fr.ac6.mcu.externaltools.arm-none.linux64_1.17.0.201812190825/tools/compiler/bin/../lib/gcc/arm-none-eabi/7.3.1/../../../../arm-none-eabi/lib/thumb/v6-m/libm.a(lib_a-s_round.o)
                              LoRaEz/sx1276/sx1276.o (round)
/home/tomoaki/.p2/pool/plugins/fr.ac6.mcu.externaltools.arm-none.linux64_1.17.0.201812190825/tools/compiler/bin/../lib/gcc/arm-none-eabi/7.3.1/thumb/v6-m/libgcc.a(_udivsi3.o)
                              LoRaEz/device.o (__aeabi_uidiv)
/home/tomoaki/.p2/pool/plugins/fr.ac6.mcu.externaltools.arm-none.linux64_1.17.0.201812190825/tools/compiler/bin/../lib/gcc/arm-none-eabi/7.3.1/thumb/v6-m/libgcc.a(_divsi3.o)
                              LoRaEz/fifo.o (__aeabi_idivmod)
/home/tomoaki/.p2/pool/plugins/fr.ac6.mcu.externaltools.arm-none.linux64_1.17.0.201812190825/tools/compiler/bin/../lib/gcc/arm-none-eabi/7.3.1/thumb/v6-m/libgcc.a(_dvmd_tls.o)
                              /home/tomoaki/.p2/pool/plugins/fr.ac6.mcu.externaltools.arm-none.linux64_1.17.0.201812190825/tools/compiler/bin/../lib/gcc/arm-none-eabi/7.3.1/thumb/v6-m/libgcc.a(_udivsi3.o) (__aeabi_idiv0)
/home/tomoaki/.p2/pool/plugins/fr.ac6.mcu.externaltools.arm-none.linux64_1.17.0.201812190825/tools/compiler/bin/../lib/gcc/arm-none-eabi/7.3.1/thumb/v6-m/libgcc.a(_arm_cmpdf2.o)
                              LoRaEz/sx1276/sx1276.o (__aeabi_dcmpgt)
/home/tomoaki/.p2/pool/plugins/fr.ac6.mcu.externaltools.arm-none.linux64_1.17.0.201812190825/tools/compiler/bin/../lib/gcc/arm-none-eabi/7.3.1/thumb/v6-m/libgcc.a(_arm_cmpsf2.o)
                              LoRaEz/rtc.o (__aeabi_fcmplt)
/home/tomoaki/.p2/pool/plugins/fr.ac6.mcu.externaltools.arm-none.linux64_1.17.0.201812190825/tools/compiler/bin/../lib/gcc/arm-none-eabi/7.3.1/thumb/v6-m/libgcc.a(_aeabi_uldivmod.o)
                              LoRaEz/rtc.o (__aeabi_uldivmod)
/home/tomoaki/.p2/pool/plugins/fr.ac6.mcu.externaltools.arm-none.linux64_1.17.0.201812190825/tools/compiler/bin/../lib/gcc/arm-none-eabi/7.3.1/thumb/v6-m/libgcc.a(_fixunssfsi.o)
                              LoRaEz/delay.o (__aeabi_f2uiz)
/home/tomoaki/.p2/pool/plugins/fr.ac6.mcu.externaltools.arm-none.linux64_1.17.0.201812190825/tools/compiler/bin/../lib/gcc/arm-none-eabi/7.3.1/thumb/v6-m/libgcc.a(_fixunsdfsi.o)
                              LoRaEz/device.o (__aeabi_d2uiz)
/home/tomoaki/.p2/pool/plugins/fr.ac6.mcu.externaltools.arm-none.linux64_1.17.0.201812190825/tools/compiler/bin/../lib/gcc/arm-none-eabi/7.3.1/thumb/v6-m/libgcc.a(_udivmoddi4.o)
                              /home/tomoaki/.p2/pool/plugins/fr.ac6.mcu.externaltools.arm-none.linux64_1.17.0.201812190825/tools/compiler/bin/../lib/gcc/arm-none-eabi/7.3.1/thumb/v6-m/libgcc.a(_aeabi_uldivmod.o) (__udivmoddi4)
/home/tomoaki/.p2/pool/plugins/fr.ac6.mcu.externaltools.arm-none.linux64_1.17.0.201812190825/tools/compiler/bin/../lib/gcc/arm-none-eabi/7.3.1/thumb/v6-m/libgcc.a(addsf3.o)
                              LoRaEz/rtc.o (__aeabi_fadd)
/home/tomoaki/.p2/pool/plugins/fr.ac6.mcu.externaltools.arm-none.linux64_1.17.0.201812190825/tools/compiler/bin/../lib/gcc/arm-none-eabi/7.3.1/thumb/v6-m/libgcc.a(divsf3.o)
                              LoRaEz/rtc.o (__aeabi_fdiv)
/home/tomoaki/.p2/pool/plugins/fr.ac6.mcu.externaltools.arm-none.linux64_1.17.0.201812190825/tools/compiler/bin/../lib/gcc/arm-none-eabi/7.3.1/thumb/v6-m/libgcc.a(eqsf2.o)
                              /home/tomoaki/.p2/pool/plugins/fr.ac6.mcu.externaltools.arm-none.linux64_1.17.0.201812190825/tools/compiler/bin/../lib/gcc/arm-none-eabi/7.3.1/thumb/v6-m/libgcc.a(_arm_cmpsf2.o) (__eqsf2)
/home/tomoaki/.p2/pool/plugins/fr.ac6.mcu.externaltools.arm-none.linux64_1.17.0.201812190825/tools/compiler/bin/../lib/gcc/arm-none-eabi/7.3.1/thumb/v6-m/libgcc.a(gesf2.o)
                              /home/tomoaki/.p2/pool/plugins/fr.ac6.mcu.externaltools.arm-none.linux64_1.17.0.201812190825/tools/compiler/bin/../lib/gcc/arm-none-eabi/7.3.1/thumb/v6-m/libgcc.a(_arm_cmpsf2.o) (__gesf2)
/home/tomoaki/.p2/pool/plugins/fr.ac6.mcu.externaltools.arm-none.linux64_1.17.0.201812190825/tools/compiler/bin/../lib/gcc/arm-none-eabi/7.3.1/thumb/v6-m/libgcc.a(lesf2.o)
                              /home/tomoaki/.p2/pool/plugins/fr.ac6.mcu.externaltools.arm-none.linux64_1.17.0.201812190825/tools/compiler/bin/../lib/gcc/arm-none-eabi/7.3.1/thumb/v6-m/libgcc.a(_arm_cmpsf2.o) (__lesf2)
[...]
Memory Configuration

Name             Origin             Length             Attributes
FLASH            0x0000000008000000 0x0000000000030000 xr
RAM              0x0000000020000000 0x0000000000005000 xrw
*default*        0x0000000000000000 0xffffffffffffffff

Linker script and memory map

LOAD /home/tomoaki/.p2/pool/plugins/fr.ac6.mcu.externaltools.arm-none.linux64_1.17.0.201812190825/tools/compiler/bin/../lib/gcc/arm-none-eabi/7.3.1/thumb/v6-m/crti.o
LOAD /home/tomoaki/.p2/pool/plugins/fr.ac6.mcu.externaltools.arm-none.linux64_1.17.0.201812190825/tools/compiler/bin/../lib/gcc/arm-none-eabi/7.3.1/thumb/v6-m/crtbegin.o
LOAD /home/tomoaki/.p2/pool/plugins/fr.ac6.mcu.externaltools.arm-none.linux64_1.17.0.201812190825/tools/compiler/bin/../lib/gcc/arm-none-eabi/7.3.1/../../../../arm-none-eabi/lib/thumb/v6-m/crt0.o
LOAD AppSrc/test.o
LOAD LoRaEz/adc.o
LOAD LoRaEz/delay.o
LOAD LoRaEz/device.o
LOAD LoRaEz/eeprom-board.o
LOAD LoRaEz/eeprom.o
LOAD LoRaEz/fifo.o
LOAD LoRaEz/gpio.o
LOAD LoRaEz/i2c.o
LOAD LoRaEz/lpm.o
LOAD LoRaEz/nvmm.o
LOAD LoRaEz/rtc.o
LOAD LoRaEz/spi.o
LOAD LoRaEz/sx1276-device.o
LOAD LoRaEz/systime.o
LOAD LoRaEz/timer.o
LOAD LoRaEz/uart.o
LOAD LoRaEz/mcu/STM32L0xx_HAL_Driver/Src/stm32l0xx_hal.o
LOAD LoRaEz/mcu/STM32L0xx_HAL_Driver/Src/stm32l0xx_hal_adc.o
LOAD LoRaEz/mcu/STM32L0xx_HAL_Driver/Src/stm32l0xx_hal_adc_ex.o
LOAD LoRaEz/mcu/STM32L0xx_HAL_Driver/Src/stm32l0xx_hal_comp.o
LOAD LoRaEz/mcu/STM32L0xx_HAL_Driver/Src/stm32l0xx_hal_comp_ex.o
LOAD LoRaEz/mcu/STM32L0xx_HAL_Driver/Src/stm32l0xx_hal_cortex.o
LOAD LoRaEz/mcu/STM32L0xx_HAL_Driver/Src/stm32l0xx_hal_crc.o
LOAD LoRaEz/mcu/STM32L0xx_HAL_Driver/Src/stm32l0xx_hal_crc_ex.o
LOAD LoRaEz/mcu/STM32L0xx_HAL_Driver/Src/stm32l0xx_hal_cryp.o
LOAD LoRaEz/mcu/STM32L0xx_HAL_Driver/Src/stm32l0xx_hal_cryp_ex.o
LOAD LoRaEz/mcu/STM32L0xx_HAL_Driver/Src/stm32l0xx_hal_dac.o
LOAD LoRaEz/mcu/STM32L0xx_HAL_Driver/Src/stm32l0xx_hal_dac_ex.o
LOAD LoRaEz/mcu/STM32L0xx_HAL_Driver/Src/stm32l0xx_hal_dma.o
LOAD LoRaEz/mcu/STM32L0xx_HAL_Driver/Src/stm32l0xx_hal_firewall.o
LOAD LoRaEz/mcu/STM32L0xx_HAL_Driver/Src/stm32l0xx_hal_flash.o
LOAD LoRaEz/mcu/STM32L0xx_HAL_Driver/Src/stm32l0xx_hal_flash_ex.o
LOAD LoRaEz/mcu/STM32L0xx_HAL_Driver/Src/stm32l0xx_hal_flash_ramfunc.o
LOAD LoRaEz/mcu/STM32L0xx_HAL_Driver/Src/stm32l0xx_hal_gpio.o
LOAD LoRaEz/mcu/STM32L0xx_HAL_Driver/Src/stm32l0xx_hal_i2c.o
LOAD LoRaEz/mcu/STM32L0xx_HAL_Driver/Src/stm32l0xx_hal_i2c_ex.o
LOAD LoRaEz/mcu/STM32L0xx_HAL_Driver/Src/stm32l0xx_hal_i2s.o
LOAD LoRaEz/mcu/STM32L0xx_HAL_Driver/Src/stm32l0xx_hal_irda.o
LOAD LoRaEz/mcu/STM32L0xx_HAL_Driver/Src/stm32l0xx_hal_iwdg.o
LOAD LoRaEz/mcu/STM32L0xx_HAL_Driver/Src/stm32l0xx_hal_lcd.o
LOAD LoRaEz/mcu/STM32L0xx_HAL_Driver/Src/stm32l0xx_hal_lptim.o
LOAD LoRaEz/mcu/STM32L0xx_HAL_Driver/Src/stm32l0xx_hal_msp_template.o
LOAD LoRaEz/mcu/STM32L0xx_HAL_Driver/Src/stm32l0xx_hal_pcd.o
LOAD LoRaEz/mcu/STM32L0xx_HAL_Driver/Src/stm32l0xx_hal_pcd_ex.o
LOAD LoRaEz/mcu/STM32L0xx_HAL_Driver/Src/stm32l0xx_hal_pwr.o
LOAD LoRaEz/mcu/STM32L0xx_HAL_Driver/Src/stm32l0xx_hal_pwr_ex.o
LOAD LoRaEz/mcu/STM32L0xx_HAL_Driver/Src/stm32l0xx_hal_rcc.o
LOAD LoRaEz/mcu/STM32L0xx_HAL_Driver/Src/stm32l0xx_hal_rcc_ex.o
LOAD LoRaEz/mcu/STM32L0xx_HAL_Driver/Src/stm32l0xx_hal_rng.o
LOAD LoRaEz/mcu/STM32L0xx_HAL_Driver/Src/stm32l0xx_hal_rtc.o
LOAD LoRaEz/mcu/STM32L0xx_HAL_Driver/Src/stm32l0xx_hal_rtc_ex.o
LOAD LoRaEz/mcu/STM32L0xx_HAL_Driver/Src/stm32l0xx_hal_smartcard.o
LOAD LoRaEz/mcu/STM32L0xx_HAL_Driver/Src/stm32l0xx_hal_smartcard_ex.o
LOAD LoRaEz/mcu/STM32L0xx_HAL_Driver/Src/stm32l0xx_hal_smbus.o
LOAD LoRaEz/mcu/STM32L0xx_HAL_Driver/Src/stm32l0xx_hal_spi.o
LOAD LoRaEz/mcu/STM32L0xx_HAL_Driver/Src/stm32l0xx_hal_tim.o
LOAD LoRaEz/mcu/STM32L0xx_HAL_Driver/Src/stm32l0xx_hal_tim_ex.o
LOAD LoRaEz/mcu/STM32L0xx_HAL_Driver/Src/stm32l0xx_hal_tsc.o
LOAD LoRaEz/mcu/STM32L0xx_HAL_Driver/Src/stm32l0xx_hal_uart.o
LOAD LoRaEz/mcu/STM32L0xx_HAL_Driver/Src/stm32l0xx_hal_uart_ex.o
LOAD LoRaEz/mcu/STM32L0xx_HAL_Driver/Src/stm32l0xx_hal_usart.o
LOAD LoRaEz/mcu/STM32L0xx_HAL_Driver/Src/stm32l0xx_hal_wwdg.o
LOAD LoRaEz/mcu/cmsis/arm-gcc/startup_stm32l082xx.o
LOAD LoRaEz/mcu/cmsis/system_stm32l0xx.o
LOAD LoRaEz/sx1276/sx1276.o
LOAD LoRaLink/LoRaLink.o
LOAD LoRaLink/LoRaLinkApi.o
LOAD LoRaLink/LoRaLinkCrypto.o
LOAD MQTTSN/MQTTSNClient.o
LOAD MQTTSN/MQTTSNPublish.o
LOAD MQTTSN/MQTTSNRegister.o
LOAD MQTTSN/MQTTSNSubscribe.o
LOAD MQTTSN/MQTTSNTopic.o
LOAD System/Payload.o
LOAD System/Peripheral.o
LOAD System/TaskMgmt.o
LOAD System/utilities.o
LOAD System/soft-se/aes.o
LOAD System/soft-se/cmac.o
LOAD /home/tomoaki/.p2/pool/plugins/fr.ac6.mcu.externaltools.arm-none.linux64_1.17.0.201812190825/tools/compiler/bin/../lib/gcc/arm-none-eabi/7.3.1/../../../../arm-none-eabi/lib/thumb/v6-m/libm.a
START GROUP
LOAD /home/tomoaki/.p2/pool/plugins/fr.ac6.mcu.externaltools.arm-none.linux64_1.17.0.201812190825/tools/compiler/bin/../lib/gcc/arm-none-eabi/7.3.1/thumb/v6-m/libgcc.a
LOAD /home/tomoaki/.p2/pool/plugins/fr.ac6.mcu.externaltools.arm-none.linux64_1.17.0.201812190825/tools/compiler/bin/../lib/gcc/arm-none-eabi/7.3.1/../../../../arm-none-eabi/lib/thumb/v6-m/libc_nano.a
END GROUP
START GROUP
LOAD /home/tomoaki/.p2/pool/plugins/fr.ac6.mcu.externaltools.arm-none.linux64_1.17.0.201812190825/tools/compiler/bin/../lib/gcc/arm-none-eabi/7.3.1/thumb/v6-m/libgcc.a
LOAD /home/tomoaki/.p2/pool/plugins/fr.ac6.mcu.externaltools.arm-none.linux64_1.17.0.201812190825/tools/compiler/bin/../lib/gcc/arm-none-eabi/7.3.1/../../../../arm-none-eabi/lib/thumb/v6-m/libc_nano.a
LOAD /home/tomoaki/.p2/pool/plugins/fr.ac6.mcu.externaltools.arm-none.linux64_1.17.0.201812190825/tools/compiler/bin/../lib/gcc/arm-none-eabi/7.3.1/../../../../arm-none-eabi/lib/thumb/v6-m/libnosys.a
END GROUP
START GROUP
LOAD /home/tomoaki/.p2/pool/plugins/fr.ac6.mcu.externaltools.arm-none.linux64_1.17.0.201812190825/tools/compiler/bin/../lib/gcc/arm-none-eabi/7.3.1/thumb/v6-m/libgcc.a
LOAD /home/tomoaki/.p2/pool/plugins/fr.ac6.mcu.externaltools.arm-none.linux64_1.17.0.201812190825/tools/compiler/bin/../lib/gcc/arm-none-eabi/7.3.1/../../../../arm-none-eabi/lib/thumb/v6-m/libc_nano.a
LOAD /home/tomoaki/.p2/pool/plugins/fr.ac6.mcu.externaltools.arm-none.linux64_1.17.0.201812190825/tools/compiler/bin/../lib/gcc/arm-none-eabi/7.3.1/../../../../arm-none-eabi/lib/thumb/v6-m/libnosys.a
END GROUP
LOAD /home/tomoaki/.p2/pool/plugins/fr.ac6.mcu.externaltools.arm-none.linux64_1.17.0.201812190825/tools/compiler/bin/../lib/gcc/arm-none-eabi/7.3.1/thumb/v6-m/crtend.o
LOAD /home/tomoaki/.p2/pool/plugins/fr.ac6.mcu.externaltools.arm-none.linux64_1.17.0.201812190825/tools/compiler/bin/../lib/gcc/arm-none-eabi/7.3.1/thumb/v6-m/crtn.o

.text           0x0000000008000000    0x150d4
 *(.isr_vector)
 .isr_vector    0x0000000008000000       0xc0 LoRaEz/mcu/cmsis/arm-gcc/startup_stm32l082xx.o
                0x0000000008000000                g_pfnVectors
 *(.text*)
 .text          0x00000000080000c0       0x48 /home/tomoaki/.p2/pool/plugins/fr.ac6.mcu.externaltools.arm-none.linux64_1.17.0.201812190825/tools/compiler/bin/../lib/gcc/arm-none-eabi/7.3.1/thumb/v6-m/crtbegin.o
 .text.start    0x0000000008000108       0x50 AppSrc/test.o
                0x0000000008000108                start
 .text.task1    0x0000000008000158       0x54 AppSrc/test.o
                0x0000000008000158                task1
 .text.on_publish
                0x00000000080001ac       0x1c AppSrc/test.o
                0x00000000080001ac                on_publish
 .text.AdcInit  0x00000000080001c8       0xf0 LoRaEz/adc.o
                0x00000000080001c8                AdcInit
 .text.AdcReadChannel
                0x00000000080002b8      0x160 LoRaEz/adc.o
                0x00000000080002b8                AdcReadChannel
 .text.DelayMs  0x0000000008000418       0x18 LoRaEz/delay.o
                0x0000000008000418                DelayMs
 .text.sleep    0x0000000008000430        0xa LoRaEz/device.o
                0x0000000008000430                sleep
 .text.wakeup   0x000000000800043a        0xa LoRaEz/device.o
                0x000000000800043a                wakeup
 .text.DeviceGetInt0
                0x0000000008000444       0x10 LoRaEz/device.o
                0x0000000008000444                DeviceGetInt0
 .text.DeviceGetInt1
                0x0000000008000454       0x10 LoRaEz/device.o
                0x0000000008000454                DeviceGetInt1
 .text.DeviceSetBaudeRate
                0x0000000008000464       0x1c LoRaEz/device.o
                0x0000000008000464                DeviceSetBaudeRate
 .text.DeviceUartInit
                0x0000000008000480       0x68 LoRaEz/device.o
                0x0000000008000480                DeviceUartInit
 .text.DeviceIsUartsBusy
                0x00000000080004e8       0x2c LoRaEz/device.o
                0x00000000080004e8                DeviceIsUartsBusy
 .text.OnCalibrateSystemWakeupTimeTimerEvent
                0x0000000008000514       0x20 LoRaEz/device.o
 .text.DeviceCriticalSectionBegin
                0x0000000008000534       0x1e LoRaEz/device.o
                0x0000000008000534                DeviceCriticalSectionBegin
 .text.DeviceCriticalSectionEnd
                0x0000000008000552       0x1c LoRaEz/device.o
                0x0000000008000552                DeviceCriticalSectionEnd
 *fill*         0x000000000800056e        0x2 
 .text.DeviceInitMcu
                0x0000000008000570      0x100 LoRaEz/device.o
                0x0000000008000570                DeviceInitMcu
 .text.DeviceDeInitMcu
                0x0000000008000670       0x40 LoRaEz/device.o
                0x0000000008000670                DeviceDeInitMcu
 .text.DeviceGetRandomSeed
                0x00000000080006b0       0x28 LoRaEz/device.o
                0x00000000080006b0                DeviceGetRandomSeed
 .text.DeviceMeasureVdd
                0x00000000080006d8       0x5c LoRaEz/device.o
                0x00000000080006d8                DeviceMeasureVdd
 .text.DeviceGetBatteryLevel
                0x0000000008000734       0x88 LoRaEz/device.o
                0x0000000008000734                DeviceGetBatteryLevel
 .text.DeviceUnusedIoInit
                0x00000000080007bc       0x16 LoRaEz/device.o
 *fill*         0x00000000080007d2        0x2 
 .text.SystemClockConfig
                0x00000000080007d4       0xf8 LoRaEz/device.o
 .text.CalibrateSystemWakeupTime
                0x00000000080008cc       0x5c LoRaEz/device.o
 .text.SystemClockReConfig
                0x0000000008000928       0x8c LoRaEz/device.o
 .text.SysTick_Handler
                0x00000000080009b4       0x12 LoRaEz/device.o
                0x00000000080009b4                SysTick_Handler
 *fill*         0x00000000080009c6        0x2 
 .text.GetDevicePowerSource
                0x00000000080009c8       0x24 LoRaEz/device.o
                0x00000000080009c8                GetDevicePowerSource
 .text.LpmEnterStopMode
                0x00000000080009ec       0x4c LoRaEz/device.o
                0x00000000080009ec                LpmEnterStopMode
 .text.LpmExitStopMode
                0x0000000008000a38       0x2a LoRaEz/device.o
                0x0000000008000a38                LpmExitStopMode
 .text.LpmEnterSleepMode
                0x0000000008000a62       0x12 LoRaEz/device.o
                0x0000000008000a62                LpmEnterSleepMode
 .text.DeviceLowPowerHandler
                0x0000000008000a74       0x20 LoRaEz/device.o
                0x0000000008000a74                DeviceLowPowerHandler
 .text._write   0x0000000008000a94       0x30 LoRaEz/device.o
                0x0000000008000a94                _write
 .text._read    0x0000000008000ac4       0x48 LoRaEz/device.o
                0x0000000008000ac4                _read
 .text.FifoNext
                0x0000000008000b0c       0x2c LoRaEz/fifo.o
 .text.FifoInit
                0x0000000008000b38       0x30 LoRaEz/fifo.o
                0x0000000008000b38                FifoInit
 .text.FifoPush
                0x0000000008000b68       0x3c LoRaEz/fifo.o
                0x0000000008000b68                FifoPush
 .text.FifoPop  0x0000000008000ba4       0x48 LoRaEz/fifo.o
                0x0000000008000ba4                FifoPop
 .text.IsFifoEmpty
                0x0000000008000bec       0x20 LoRaEz/fifo.o
                0x0000000008000bec                IsFifoEmpty
 .text.IsFifoFull
                0x0000000008000c0c       0x2e LoRaEz/fifo.o
                0x0000000008000c0c                IsFifoFull
 *fill*         0x0000000008000c3a        0x2 
 .text.GpioInit
                0x0000000008000c3c      0x1dc LoRaEz/gpio.o
                0x0000000008000c3c                GpioInit
 .text.GpioSetInterrupt
                0x0000000008000e18      0x1b4 LoRaEz/gpio.o
                0x0000000008000e18                GpioSetInterrupt
 .text.GpioWrite
                0x0000000008000fcc       0x30 LoRaEz/gpio.o
                0x0000000008000fcc                GpioWrite
 .text.GpioRead
                0x0000000008000ffc       0x30 LoRaEz/gpio.o
                0x0000000008000ffc                GpioRead
 .text.EXTI0_1_IRQHandler
                0x000000000800102c       0x16 LoRaEz/gpio.o
                0x000000000800102c                EXTI0_1_IRQHandler
 .text.EXTI2_3_IRQHandler
                0x0000000008001042       0x16 LoRaEz/gpio.o
                0x0000000008001042                EXTI2_3_IRQHandler
 .text.EXTI4_15_IRQHandler
                0x0000000008001058       0x72 LoRaEz/gpio.o
                0x0000000008001058                EXTI4_15_IRQHandler
 *fill*         0x00000000080010ca        0x2 
 .text.HAL_GPIO_EXTI_Callback
                0x00000000080010cc       0x88 LoRaEz/gpio.o
                0x00000000080010cc                HAL_GPIO_EXTI_Callback
 .text.I2cFormat
                0x0000000008001154       0xb4 LoRaEz/i2c.o
                0x0000000008001154                I2cFormat
 .text.I2cInit  0x0000000008001208       0xe0 LoRaEz/i2c.o
                0x0000000008001208                I2cInit
 .text.I2cDeInit
                0x00000000080012e8       0x8c LoRaEz/i2c.o
                0x00000000080012e8                I2cDeInit
 .text.LpmSetOffMode
                0x0000000008001374       0x64 LoRaEz/lpm.o
                0x0000000008001374                LpmSetOffMode
 .text.LpmSetStopMode
                0x00000000080013d8       0x64 LoRaEz/lpm.o
                0x00000000080013d8                LpmSetStopMode
 .text.LpmEnterLowPower
                0x000000000800143c       0x40 LoRaEz/lpm.o
                0x000000000800143c                LpmEnterLowPower
 .text.LpmGetMode
                0x000000000800147c       0x50 LoRaEz/lpm.o
                0x000000000800147c                LpmGetMode
 .text.LpmExitSleepMode
                0x00000000080014cc        0xa LoRaEz/lpm.o
                0x00000000080014cc                LpmExitSleepMode
 .text.LpmEnterOffMode
                0x00000000080014d6        0xa LoRaEz/lpm.o
                0x00000000080014d6                LpmEnterOffMode
 .text.LpmExitOffMode
                0x00000000080014e0        0xa LoRaEz/lpm.o
                0x00000000080014e0                LpmExitOffMode
 *fill*         0x00000000080014ea        0x2 
 .text.RtcInit  0x00000000080014ec       0xfc LoRaEz/rtc.o
                0x00000000080014ec                RtcInit
 .text.RtcSetTimerContext
                0x00000000080015e8       0x30 LoRaEz/rtc.o
                0x00000000080015e8                RtcSetTimerContext
 .text.RtcGetTimerContext
                0x0000000008001618       0x14 LoRaEz/rtc.o
                0x0000000008001618                RtcGetTimerContext
 .text.RtcGetMinimumTimeout
                0x000000000800162c        0xc LoRaEz/rtc.o
                0x000000000800162c                RtcGetMinimumTimeout
 .text.RtcMs2Tick
                0x0000000008001638       0x30 LoRaEz/rtc.o
                0x0000000008001638                RtcMs2Tick
 .text.RtcTick2Ms
                0x0000000008001668       0x40 LoRaEz/rtc.o
                0x0000000008001668                RtcTick2Ms
 .text.RtcSetAlarm
                0x00000000080016a8       0x78 LoRaEz/rtc.o
                0x00000000080016a8                RtcSetAlarm
 .text.RtcStopAlarm
                0x0000000008001720       0x40 LoRaEz/rtc.o
                0x0000000008001720                RtcStopAlarm
 .text.RtcStartAlarm
                0x0000000008001760      0x2d8 LoRaEz/rtc.o
                0x0000000008001760                RtcStartAlarm
 .text.RtcGetTimerValue
                0x0000000008001a38       0x24 LoRaEz/rtc.o
                0x0000000008001a38                RtcGetTimerValue
 .text.RtcGetTimerElapsedTime
                0x0000000008001a5c       0x30 LoRaEz/rtc.o
                0x0000000008001a5c                RtcGetTimerElapsedTime
 .text.RtcSetMcuWakeUpTime
                0x0000000008001a8c       0xd8 LoRaEz/rtc.o
                0x0000000008001a8c                RtcSetMcuWakeUpTime
 .text.RtcGetCalendarValue
                0x0000000008001b64      0x144 LoRaEz/rtc.o
 .text.RtcGetCalendarTime
                0x0000000008001ca8       0x54 LoRaEz/rtc.o
                0x0000000008001ca8                RtcGetCalendarTime
 .text.RTC_IRQHandler
                0x0000000008001cfc       0x68 LoRaEz/rtc.o
                0x0000000008001cfc                RTC_IRQHandler
 .text.HAL_RTC_AlarmAEventCallback
                0x0000000008001d64       0x14 LoRaEz/rtc.o
                0x0000000008001d64                HAL_RTC_AlarmAEventCallback
 .text.RtcBkupRead
                0x0000000008001d78       0x38 LoRaEz/rtc.o
                0x0000000008001d78                RtcBkupRead
 .text.SpiInit  0x0000000008001db0      0x21c LoRaEz/spi.o
                0x0000000008001db0                SpiInit
 .text.SpiDeInit
                0x0000000008001fcc       0x98 LoRaEz/spi.o
                0x0000000008001fcc                SpiDeInit
 .text.SpiFormat
                0x0000000008002064      0x130 LoRaEz/spi.o
                0x0000000008002064                SpiFormat
 .text.SpiFrequency
                0x0000000008002194       0x88 LoRaEz/spi.o
                0x0000000008002194                SpiFrequency
 .text.SpiInOut
                0x000000000800221c       0xc4 LoRaEz/spi.o
                0x000000000800221c                SpiInOut
 .text.SX1276IoInit
                0x00000000080022e0       0x9c LoRaEz/sx1276-device.o
                0x00000000080022e0                SX1276IoInit
 .text.SX1276IoIrqInit
                0x000000000800237c       0x74 LoRaEz/sx1276-device.o
                0x000000000800237c                SX1276IoIrqInit
 .text.SX1276IoDeInit
                0x00000000080023f0       0x9c LoRaEz/sx1276-device.o
                0x00000000080023f0                SX1276IoDeInit
 .text.SX1276IoDbgInit
                0x000000000800248c        0xa LoRaEz/sx1276-device.o
                0x000000000800248c                SX1276IoDbgInit
 *fill*         0x0000000008002496        0x2 
 .text.SX1276IoTcxoInit
                0x0000000008002498       0x24 LoRaEz/sx1276-device.o
                0x0000000008002498                SX1276IoTcxoInit
 .text.SX1276SetDeviceTcxo
                0x00000000080024bc       0x48 LoRaEz/sx1276-device.o
                0x00000000080024bc                SX1276SetDeviceTcxo
 .text.SX1276Reset
                0x0000000008002504       0x4c LoRaEz/sx1276-device.o
                0x0000000008002504                SX1276Reset
 .text.SX1276SetRfTxPower
                0x0000000008002550      0x1c2 LoRaEz/sx1276-device.o
                0x0000000008002550                SX1276SetRfTxPower
 .text.SX1276GetPaSelect
                0x0000000008002712       0x24 LoRaEz/sx1276-device.o
 *fill*         0x0000000008002736        0x2 
 .text.SX1276SetAntSwLowPower
                0x0000000008002738       0x44 LoRaEz/sx1276-device.o
                0x0000000008002738                SX1276SetAntSwLowPower
 .text.SX1276AntSwInit
                0x000000000800277c       0x54 LoRaEz/sx1276-device.o
                0x000000000800277c                SX1276AntSwInit
 .text.SX1276AntSwDeInit
                0x00000000080027d0       0x54 LoRaEz/sx1276-device.o
                0x00000000080027d0                SX1276AntSwDeInit
 .text.SX1276SetAntSw
                0x0000000008002824       0x68 LoRaEz/sx1276-device.o
                0x0000000008002824                SX1276SetAntSw
 .text.SysTimeAdd
                0x000000000800288c       0xb0 LoRaEz/systime.o
                0x000000000800288c                SysTimeAdd
 .text.SysTimeGet
                0x000000000800293c       0x72 LoRaEz/systime.o
                0x000000000800293c                SysTimeGet
 *fill*         0x00000000080029ae        0x2 
 .text.SysTimeSetTimeZone
                0x00000000080029b0       0x1c LoRaEz/systime.o
                0x00000000080029b0                SysTimeSetTimeZone
 .text.TimerInit
                0x00000000080029cc       0x3c LoRaEz/timer.o
                0x00000000080029cc                TimerInit
 .text.TimerStart
                0x0000000008002a08       0xa8 LoRaEz/timer.o
                0x0000000008002a08                TimerStart
 .text.TimerInsertTimer
                0x0000000008002ab0       0x5c LoRaEz/timer.o
 .text.TimerInsertNewHeadTimer
                0x0000000008002b0c       0x3c LoRaEz/timer.o
 .text.TimerIrqHandler
                0x0000000008002b48      0x108 LoRaEz/timer.o
                0x0000000008002b48                TimerIrqHandler
 .text.TimerStop
                0x0000000008002c50       0xf4 LoRaEz/timer.o
                0x0000000008002c50                TimerStop
 .text.TimerExists
                0x0000000008002d44       0x38 LoRaEz/timer.o
 .text.TimerSetValue
                0x0000000008002d7c       0x4a LoRaEz/timer.o
                0x0000000008002d7c                TimerSetValue
 .text.TimerGetCurrentTime
                0x0000000008002dc6       0x20 LoRaEz/timer.o
                0x0000000008002dc6                TimerGetCurrentTime
 .text.TimerGetElapsedTime
                0x0000000008002de6       0x3c LoRaEz/timer.o
                0x0000000008002de6                TimerGetElapsedTime
 .text.TimerSetTimeout
                0x0000000008002e22       0x48 LoRaEz/timer.o
 *fill*         0x0000000008002e6a        0x2 
 .text.UartMcuInit
                0x0000000008002e6c       0x98 LoRaEz/uart.o
                0x0000000008002e6c                UartMcuInit
 .text.UartMcuConfig
                0x0000000008002f04      0x190 LoRaEz/uart.o
                0x0000000008002f04                UartMcuConfig
 .text.UartMcuDeInit
                0x0000000008003094       0x7c LoRaEz/uart.o
                0x0000000008003094                UartMcuDeInit
 .text.UartMcuPutChar
                0x0000000008003110       0x90 LoRaEz/uart.o
                0x0000000008003110                UartMcuPutChar
 .text.UartMcuGetChar
                0x00000000080031a0       0x6c LoRaEz/uart.o
                0x00000000080031a0                UartMcuGetChar
 .text.UartMcuPutBuffer
                0x000000000800320c       0x84 LoRaEz/uart.o
                0x000000000800320c                UartMcuPutBuffer
 .text.UartMcuGetBuffer
                0x0000000008003290       0x70 LoRaEz/uart.o
                0x0000000008003290                UartMcuGetBuffer
 .text.HAL_UART_TxCpltCallback
                0x0000000008003300       0x64 LoRaEz/uart.o
                0x0000000008003300                HAL_UART_TxCpltCallback
 .text.HAL_UART_RxCpltCallback
                0x0000000008003364       0x60 LoRaEz/uart.o
                0x0000000008003364                HAL_UART_RxCpltCallback
 .text.HAL_UART_ErrorCallback
                0x00000000080033c4       0x24 LoRaEz/uart.o
                0x00000000080033c4                HAL_UART_ErrorCallback
 .text.USART1_IRQHandler
                0x00000000080033e8       0x18 LoRaEz/uart.o
                0x00000000080033e8                USART1_IRQHandler
 .text.UartInit
                0x0000000008003400       0x54 LoRaEz/uart.o
                0x0000000008003400                UartInit
 .text.UartConfig
                0x0000000008003454       0x50 LoRaEz/uart.o
                0x0000000008003454                UartConfig
 .text.UartDeInit
                0x00000000080034a4       0x24 LoRaEz/uart.o
                0x00000000080034a4                UartDeInit
 .text.UartPutChar
                0x00000000080034c8       0x28 LoRaEz/uart.o
                0x00000000080034c8                UartPutChar
 .text.UartGetChar
                0x00000000080034f0       0x24 LoRaEz/uart.o
                0x00000000080034f0                UartGetChar
 .text.HAL_Init
                0x0000000008003514       0x28 LoRaEz/mcu/STM32L0xx_HAL_Driver/Src/stm32l0xx_hal.o
                0x0000000008003514                HAL_Init
 .text.HAL_InitTick
                0x000000000800353c       0x3c LoRaEz/mcu/STM32L0xx_HAL_Driver/Src/stm32l0xx_hal.o
                0x000000000800353c                HAL_InitTick
 .text.HAL_IncTick
                0x0000000008003578       0x18 LoRaEz/mcu/STM32L0xx_HAL_Driver/Src/stm32l0xx_hal.o
                0x0000000008003578                HAL_IncTick
 .text.HAL_GetTick
                0x0000000008003590       0x14 LoRaEz/mcu/STM32L0xx_HAL_Driver/Src/stm32l0xx_hal.o
                0x0000000008003590                HAL_GetTick
 .text.HAL_Delay
                0x00000000080035a4       0x2e LoRaEz/mcu/STM32L0xx_HAL_Driver/Src/stm32l0xx_hal.o
                0x00000000080035a4                HAL_Delay
 *fill*         0x00000000080035d2        0x2 
 .text.HAL_SuspendTick
                0x00000000080035d4       0x1c LoRaEz/mcu/STM32L0xx_HAL_Driver/Src/stm32l0xx_hal.o
                0x00000000080035d4                HAL_SuspendTick
 .text.HAL_ResumeTick
                0x00000000080035f0       0x1c LoRaEz/mcu/STM32L0xx_HAL_Driver/Src/stm32l0xx_hal.o
                0x00000000080035f0                HAL_ResumeTick
 .text.HAL_DBGMCU_EnableDBGSleepMode
                0x000000000800360c       0x1c LoRaEz/mcu/STM32L0xx_HAL_Driver/Src/stm32l0xx_hal.o
                0x000000000800360c                HAL_DBGMCU_EnableDBGSleepMode
 .text.HAL_DBGMCU_EnableDBGStopMode
                0x0000000008003628       0x1c LoRaEz/mcu/STM32L0xx_HAL_Driver/Src/stm32l0xx_hal.o
                0x0000000008003628                HAL_DBGMCU_EnableDBGStopMode
 .text.HAL_DBGMCU_EnableDBGStandbyMode
                0x0000000008003644       0x1c LoRaEz/mcu/STM32L0xx_HAL_Driver/Src/stm32l0xx_hal.o
                0x0000000008003644                HAL_DBGMCU_EnableDBGStandbyMode
 .text.HAL_ADC_Init
                0x0000000008003660      0x2dc LoRaEz/mcu/STM32L0xx_HAL_Driver/Src/stm32l0xx_hal_adc.o
                0x0000000008003660                HAL_ADC_Init
 .text.HAL_ADC_DeInit
                0x000000000800393c      0x138 LoRaEz/mcu/STM32L0xx_HAL_Driver/Src/stm32l0xx_hal_adc.o
                0x000000000800393c                HAL_ADC_DeInit
 .text.HAL_ADC_MspInit
                0x0000000008003a74       0x10 LoRaEz/mcu/STM32L0xx_HAL_Driver/Src/stm32l0xx_hal_adc.o
                0x0000000008003a74                HAL_ADC_MspInit
 .text.HAL_ADC_MspDeInit
                0x0000000008003a84       0x10 LoRaEz/mcu/STM32L0xx_HAL_Driver/Src/stm32l0xx_hal_adc.o
                0x0000000008003a84                HAL_ADC_MspDeInit
 .text.HAL_ADC_Start
                0x0000000008003a94       0xa8 LoRaEz/mcu/STM32L0xx_HAL_Driver/Src/stm32l0xx_hal_adc.o
                0x0000000008003a94                HAL_ADC_Start
 .text.HAL_ADC_PollForConversion
                0x0000000008003b3c      0x128 LoRaEz/mcu/STM32L0xx_HAL_Driver/Src/stm32l0xx_hal_adc.o
                0x0000000008003b3c                HAL_ADC_PollForConversion
 .text.HAL_ADC_GetValue
                0x0000000008003c64       0x16 LoRaEz/mcu/STM32L0xx_HAL_Driver/Src/stm32l0xx_hal_adc.o
                0x0000000008003c64                HAL_ADC_GetValue
 *fill*         0x0000000008003c7a        0x2 
 .text.HAL_ADC_ConfigChannel
                0x0000000008003c7c      0x10c LoRaEz/mcu/STM32L0xx_HAL_Driver/Src/stm32l0xx_hal_adc.o
                0x0000000008003c7c                HAL_ADC_ConfigChannel
 .text.ADC_Enable
                0x0000000008003d88       0xc0 LoRaEz/mcu/STM32L0xx_HAL_Driver/Src/stm32l0xx_hal_adc.o
 .text.ADC_Disable
                0x0000000008003e48       0xbe LoRaEz/mcu/STM32L0xx_HAL_Driver/Src/stm32l0xx_hal_adc.o
 .text.ADC_ConversionStop
                0x0000000008003f06       0x8a LoRaEz/mcu/STM32L0xx_HAL_Driver/Src/stm32l0xx_hal_adc.o
 .text.ADC_DelayMicroSecond
                0x0000000008003f90       0x3c LoRaEz/mcu/STM32L0xx_HAL_Driver/Src/stm32l0xx_hal_adc.o
 .text.HAL_ADCEx_Calibration_Start
                0x0000000008003fcc      0x124 LoRaEz/mcu/STM32L0xx_HAL_Driver/Src/stm32l0xx_hal_adc_ex.o
                0x0000000008003fcc                HAL_ADCEx_Calibration_Start
 .text.NVIC_EnableIRQ
                0x00000000080040f0       0x2c LoRaEz/mcu/STM32L0xx_HAL_Driver/Src/stm32l0xx_hal_cortex.o
 .text.NVIC_GetPendingIRQ
                0x000000000800411c       0x34 LoRaEz/mcu/STM32L0xx_HAL_Driver/Src/stm32l0xx_hal_cortex.o
 .text.NVIC_SetPriority
                0x0000000008004150       0xdc LoRaEz/mcu/STM32L0xx_HAL_Driver/Src/stm32l0xx_hal_cortex.o
 .text.SysTick_Config
                0x000000000800422c       0x48 LoRaEz/mcu/STM32L0xx_HAL_Driver/Src/stm32l0xx_hal_cortex.o
 .text.HAL_NVIC_SetPriority
                0x0000000008004274       0x2a LoRaEz/mcu/STM32L0xx_HAL_Driver/Src/stm32l0xx_hal_cortex.o
                0x0000000008004274                HAL_NVIC_SetPriority
 .text.HAL_NVIC_EnableIRQ
                0x000000000800429e       0x20 LoRaEz/mcu/STM32L0xx_HAL_Driver/Src/stm32l0xx_hal_cortex.o
                0x000000000800429e                HAL_NVIC_EnableIRQ
 .text.HAL_SYSTICK_Config
                0x00000000080042be       0x1a LoRaEz/mcu/STM32L0xx_HAL_Driver/Src/stm32l0xx_hal_cortex.o
                0x00000000080042be                HAL_SYSTICK_Config
 .text.HAL_NVIC_GetPendingIRQ
                0x00000000080042d8       0x22 LoRaEz/mcu/STM32L0xx_HAL_Driver/Src/stm32l0xx_hal_cortex.o
                0x00000000080042d8                HAL_NVIC_GetPendingIRQ
 *fill*         0x00000000080042fa        0x2 
 .text.HAL_SYSTICK_CLKSourceConfig
                0x00000000080042fc       0x34 LoRaEz/mcu/STM32L0xx_HAL_Driver/Src/stm32l0xx_hal_cortex.o
                0x00000000080042fc                HAL_SYSTICK_CLKSourceConfig
 .text.HAL_SYSTICK_IRQHandler
                0x0000000008004330        0xe LoRaEz/mcu/STM32L0xx_HAL_Driver/Src/stm32l0xx_hal_cortex.o
                0x0000000008004330                HAL_SYSTICK_IRQHandler
 .text.HAL_SYSTICK_Callback
                0x000000000800433e        0xa LoRaEz/mcu/STM32L0xx_HAL_Driver/Src/stm32l0xx_hal_cortex.o
                0x000000000800433e                HAL_SYSTICK_Callback
 .text.HAL_DMA_Abort_IT
                0x0000000008004348       0xfc LoRaEz/mcu/STM32L0xx_HAL_Driver/Src/stm32l0xx_hal_dma.o
                0x0000000008004348                HAL_DMA_Abort_IT
 .text.HAL_GPIO_Init
                0x0000000008004444      0x2fc LoRaEz/mcu/STM32L0xx_HAL_Driver/Src/stm32l0xx_hal_gpio.o
                0x0000000008004444                HAL_GPIO_Init
 .text.HAL_GPIO_ReadPin
                0x0000000008004740       0x3a LoRaEz/mcu/STM32L0xx_HAL_Driver/Src/stm32l0xx_hal_gpio.o
                0x0000000008004740                HAL_GPIO_ReadPin
 .text.HAL_GPIO_WritePin
                0x000000000800477a       0x3a LoRaEz/mcu/STM32L0xx_HAL_Driver/Src/stm32l0xx_hal_gpio.o
                0x000000000800477a                HAL_GPIO_WritePin
 .text.HAL_GPIO_EXTI_IRQHandler
                0x00000000080047b4       0x38 LoRaEz/mcu/STM32L0xx_HAL_Driver/Src/stm32l0xx_hal_gpio.o
                0x00000000080047b4                HAL_GPIO_EXTI_IRQHandler
 .text.HAL_I2C_Init
                0x00000000080047ec      0x12c LoRaEz/mcu/STM32L0xx_HAL_Driver/Src/stm32l0xx_hal_i2c.o
                0x00000000080047ec                HAL_I2C_Init
 .text.HAL_I2C_DeInit
                0x0000000008004918       0x60 LoRaEz/mcu/STM32L0xx_HAL_Driver/Src/stm32l0xx_hal_i2c.o
                0x0000000008004918                HAL_I2C_DeInit
 .text.HAL_I2C_MspInit
                0x0000000008004978       0x10 LoRaEz/mcu/STM32L0xx_HAL_Driver/Src/stm32l0xx_hal_i2c.o
                0x0000000008004978                HAL_I2C_MspInit
 .text.HAL_I2C_MspDeInit
                0x0000000008004988       0x10 LoRaEz/mcu/STM32L0xx_HAL_Driver/Src/stm32l0xx_hal_i2c.o
                0x0000000008004988                HAL_I2C_MspDeInit
 .text.HAL_I2CEx_ConfigAnalogFilter
                0x0000000008004998       0x98 LoRaEz/mcu/STM32L0xx_HAL_Driver/Src/stm32l0xx_hal_i2c_ex.o
                0x0000000008004998                HAL_I2CEx_ConfigAnalogFilter
 .text.HAL_MspInit
                0x0000000008004a30        0xa LoRaEz/mcu/STM32L0xx_HAL_Driver/Src/stm32l0xx_hal_msp_template.o
                0x0000000008004a30                HAL_MspInit
 *fill*         0x0000000008004a3a        0x2 
 .text.HAL_PWR_DisablePVD
                0x0000000008004a3c       0x1c LoRaEz/mcu/STM32L0xx_HAL_Driver/Src/stm32l0xx_hal_pwr.o
                0x0000000008004a3c                HAL_PWR_DisablePVD
 .text.HAL_PWR_EnterSLEEPMode
                0x0000000008004a58       0x5c LoRaEz/mcu/STM32L0xx_HAL_Driver/Src/stm32l0xx_hal_pwr.o
                0x0000000008004a58                HAL_PWR_EnterSLEEPMode
 .text.HAL_PWR_EnterSTOPMode
                0x0000000008004ab4       0x68 LoRaEz/mcu/STM32L0xx_HAL_Driver/Src/stm32l0xx_hal_pwr.o
                0x0000000008004ab4                HAL_PWR_EnterSTOPMode
 .text.HAL_PWREx_EnableFastWakeUp
                0x0000000008004b1c       0x1c LoRaEz/mcu/STM32L0xx_HAL_Driver/Src/stm32l0xx_hal_pwr_ex.o
                0x0000000008004b1c                HAL_PWREx_EnableFastWakeUp
 .text.HAL_PWREx_EnableUltraLowPower
                0x0000000008004b38       0x1c LoRaEz/mcu/STM32L0xx_HAL_Driver/Src/stm32l0xx_hal_pwr_ex.o
                0x0000000008004b38                HAL_PWREx_EnableUltraLowPower
 .text.HAL_RCC_OscConfig
                0x0000000008004b54      0x760 LoRaEz/mcu/STM32L0xx_HAL_Driver/Src/stm32l0xx_hal_rcc.o
                0x0000000008004b54                HAL_RCC_OscConfig
 .text.HAL_RCC_ClockConfig
                0x00000000080052b4      0x238 LoRaEz/mcu/STM32L0xx_HAL_Driver/Src/stm32l0xx_hal_rcc.o
                0x00000000080052b4                HAL_RCC_ClockConfig
 .text.HAL_RCC_GetSysClockFreq
                0x00000000080054ec      0x120 LoRaEz/mcu/STM32L0xx_HAL_Driver/Src/stm32l0xx_hal_rcc.o
                0x00000000080054ec                HAL_RCC_GetSysClockFreq
 .text.HAL_RCC_GetHCLKFreq
                0x000000000800560c       0x14 LoRaEz/mcu/STM32L0xx_HAL_Driver/Src/stm32l0xx_hal_rcc.o
                0x000000000800560c                HAL_RCC_GetHCLKFreq
 .text.HAL_RCC_GetPCLK1Freq
                0x0000000008005620       0x2c LoRaEz/mcu/STM32L0xx_HAL_Driver/Src/stm32l0xx_hal_rcc.o
                0x0000000008005620                HAL_RCC_GetPCLK1Freq
 .text.HAL_RCC_GetPCLK2Freq
                0x000000000800564c       0x2c LoRaEz/mcu/STM32L0xx_HAL_Driver/Src/stm32l0xx_hal_rcc.o
                0x000000000800564c                HAL_RCC_GetPCLK2Freq
 .text.RCC_SetFlashLatencyFromMSIRange
                0x0000000008005678       0xb0 LoRaEz/mcu/STM32L0xx_HAL_Driver/Src/stm32l0xx_hal_rcc.o
 .text.HAL_RCCEx_PeriphCLKConfig
                0x0000000008005728      0x2b0 LoRaEz/mcu/STM32L0xx_HAL_Driver/Src/stm32l0xx_hal_rcc_ex.o
                0x0000000008005728                HAL_RCCEx_PeriphCLKConfig
 .text.HAL_RCCEx_GetPeriphCLKFreq
                0x00000000080059d8      0x3e0 LoRaEz/mcu/STM32L0xx_HAL_Driver/Src/stm32l0xx_hal_rcc_ex.o
                0x00000000080059d8                HAL_RCCEx_GetPeriphCLKFreq
 .text.HAL_RTC_Init
                0x0000000008005db8      0x108 LoRaEz/mcu/STM32L0xx_HAL_Driver/Src/stm32l0xx_hal_rtc.o
                0x0000000008005db8                HAL_RTC_Init
 .text.HAL_RTC_MspInit
                0x0000000008005ec0       0x10 LoRaEz/mcu/STM32L0xx_HAL_Driver/Src/stm32l0xx_hal_rtc.o
                0x0000000008005ec0                HAL_RTC_MspInit
 .text.HAL_RTC_SetTime
                0x0000000008005ed0      0x19c LoRaEz/mcu/STM32L0xx_HAL_Driver/Src/stm32l0xx_hal_rtc.o
                0x0000000008005ed0                HAL_RTC_SetTime
 .text.HAL_RTC_GetTime
                0x000000000800606c       0xbc LoRaEz/mcu/STM32L0xx_HAL_Driver/Src/stm32l0xx_hal_rtc.o
                0x000000000800606c                HAL_RTC_GetTime
 .text.HAL_RTC_SetDate
                0x0000000008006128      0x17c LoRaEz/mcu/STM32L0xx_HAL_Driver/Src/stm32l0xx_hal_rtc.o
                0x0000000008006128                HAL_RTC_SetDate
 .text.HAL_RTC_GetDate
                0x00000000080062a4       0xa0 LoRaEz/mcu/STM32L0xx_HAL_Driver/Src/stm32l0xx_hal_rtc.o
                0x00000000080062a4                HAL_RTC_GetDate
 .text.HAL_RTC_SetAlarm_IT
                0x0000000008006344      0x2e0 LoRaEz/mcu/STM32L0xx_HAL_Driver/Src/stm32l0xx_hal_rtc.o
                0x0000000008006344                HAL_RTC_SetAlarm_IT
 .text.HAL_RTC_DeactivateAlarm
                0x0000000008006624      0x144 LoRaEz/mcu/STM32L0xx_HAL_Driver/Src/stm32l0xx_hal_rtc.o
                0x0000000008006624                HAL_RTC_DeactivateAlarm
 .text.HAL_RTC_GetAlarm
                0x0000000008006768      0x194 LoRaEz/mcu/STM32L0xx_HAL_Driver/Src/stm32l0xx_hal_rtc.o
                0x0000000008006768                HAL_RTC_GetAlarm
 .text.HAL_RTC_WaitForSynchro
                0x00000000080068fc       0x52 LoRaEz/mcu/STM32L0xx_HAL_Driver/Src/stm32l0xx_hal_rtc.o
                0x00000000080068fc                HAL_RTC_WaitForSynchro
 .text.RTC_EnterInitMode
                0x000000000800694e       0x58 LoRaEz/mcu/STM32L0xx_HAL_Driver/Src/stm32l0xx_hal_rtc.o
                0x000000000800694e                RTC_EnterInitMode
 .text.RTC_ByteToBcd2
                0x00000000080069a6       0x42 LoRaEz/mcu/STM32L0xx_HAL_Driver/Src/stm32l0xx_hal_rtc.o
                0x00000000080069a6                RTC_ByteToBcd2
 .text.RTC_Bcd2ToByte
                0x00000000080069e8       0x3e LoRaEz/mcu/STM32L0xx_HAL_Driver/Src/stm32l0xx_hal_rtc.o
                0x00000000080069e8                RTC_Bcd2ToByte
 .text.HAL_RTCEx_BKUPRead
                0x0000000008006a26       0x2c LoRaEz/mcu/STM32L0xx_HAL_Driver/Src/stm32l0xx_hal_rtc_ex.o
                0x0000000008006a26                HAL_RTCEx_BKUPRead
 .text.HAL_RTCEx_EnableBypassShadow
                0x0000000008006a52       0x68 LoRaEz/mcu/STM32L0xx_HAL_Driver/Src/stm32l0xx_hal_rtc_ex.o
                0x0000000008006a52                HAL_RTCEx_EnableBypassShadow
 *fill*         0x0000000008006aba        0x2 
 .text.HAL_SPI_Init
                0x0000000008006abc       0xd8 LoRaEz/mcu/STM32L0xx_HAL_Driver/Src/stm32l0xx_hal_spi.o
                0x0000000008006abc                HAL_SPI_Init
 .text.HAL_SPI_DeInit
                0x0000000008006b94       0x52 LoRaEz/mcu/STM32L0xx_HAL_Driver/Src/stm32l0xx_hal_spi.o
                0x0000000008006b94                HAL_SPI_DeInit
 .text.HAL_SPI_MspInit
                0x0000000008006be6       0x10 LoRaEz/mcu/STM32L0xx_HAL_Driver/Src/stm32l0xx_hal_spi.o
                0x0000000008006be6                HAL_SPI_MspInit
 .text.HAL_SPI_MspDeInit
                0x0000000008006bf6       0x10 LoRaEz/mcu/STM32L0xx_HAL_Driver/Src/stm32l0xx_hal_spi.o
                0x0000000008006bf6                HAL_SPI_MspDeInit
 *fill*         0x0000000008006c06        0x2 
 .text.HAL_UART_Init
                0x0000000008006c08       0xb0 LoRaEz/mcu/STM32L0xx_HAL_Driver/Src/stm32l0xx_hal_uart.o
                0x0000000008006c08                HAL_UART_Init
 .text.HAL_UART_MspInit
                0x0000000008006cb8       0x10 LoRaEz/mcu/STM32L0xx_HAL_Driver/Src/stm32l0xx_hal_uart.o
                0x0000000008006cb8                HAL_UART_MspInit
 .text.HAL_UART_Transmit_IT
                0x0000000008006cc8       0xb0 LoRaEz/mcu/STM32L0xx_HAL_Driver/Src/stm32l0xx_hal_uart.o
                0x0000000008006cc8                HAL_UART_Transmit_IT
 .text.HAL_UART_Receive_IT
                0x0000000008006d78      0x13c LoRaEz/mcu/STM32L0xx_HAL_Driver/Src/stm32l0xx_hal_uart.o
                0x0000000008006d78                HAL_UART_Receive_IT
 .text.HAL_UART_IRQHandler
                0x0000000008006eb4      0x22c LoRaEz/mcu/STM32L0xx_HAL_Driver/Src/stm32l0xx_hal_uart.o
                0x0000000008006eb4                HAL_UART_IRQHandler
 .text.UART_SetConfig
                0x00000000080070e0      0x688 LoRaEz/mcu/STM32L0xx_HAL_Driver/Src/stm32l0xx_hal_uart.o
                0x00000000080070e0                UART_SetConfig
 .text.UART_AdvFeatureConfig
                0x0000000008007768      0x168 LoRaEz/mcu/STM32L0xx_HAL_Driver/Src/stm32l0xx_hal_uart.o
                0x0000000008007768                UART_AdvFeatureConfig
 .text.UART_CheckIdleState
                0x00000000080078d0       0x94 LoRaEz/mcu/STM32L0xx_HAL_Driver/Src/stm32l0xx_hal_uart.o
                0x00000000080078d0                UART_CheckIdleState
 .text.UART_WaitOnFlagUntilTimeout
                0x0000000008007964       0x98 LoRaEz/mcu/STM32L0xx_HAL_Driver/Src/stm32l0xx_hal_uart.o
                0x0000000008007964                UART_WaitOnFlagUntilTimeout
 .text.UART_EndRxTransfer
                0x00000000080079fc       0x3c LoRaEz/mcu/STM32L0xx_HAL_Driver/Src/stm32l0xx_hal_uart.o
 .text.UART_DMAAbortOnError
                0x0000000008007a38       0x2e LoRaEz/mcu/STM32L0xx_HAL_Driver/Src/stm32l0xx_hal_uart.o
 .text.UART_Transmit_IT
                0x0000000008007a66       0xac LoRaEz/mcu/STM32L0xx_HAL_Driver/Src/stm32l0xx_hal_uart.o
 .text.UART_EndTransmit_IT
                0x0000000008007b12       0x32 LoRaEz/mcu/STM32L0xx_HAL_Driver/Src/stm32l0xx_hal_uart.o
 .text.UART_Receive_IT
                0x0000000008007b44       0xf8 LoRaEz/mcu/STM32L0xx_HAL_Driver/Src/stm32l0xx_hal_uart.o
 .text.HAL_UARTEx_WakeupCallback
                0x0000000008007c3c       0x10 LoRaEz/mcu/STM32L0xx_HAL_Driver/Src/stm32l0xx_hal_uart_ex.o
                0x0000000008007c3c                HAL_UARTEx_WakeupCallback
 .text.Reset_Handler
                0x0000000008007c4c       0x50 LoRaEz/mcu/cmsis/arm-gcc/startup_stm32l082xx.o
                0x0000000008007c4c                Reset_Handler
 .text.Default_Handler
                0x0000000008007c9c        0x2 LoRaEz/mcu/cmsis/arm-gcc/startup_stm32l082xx.o
                0x0000000008007c9c                TSC_IRQHandler
                0x0000000008007c9c                HardFault_Handler
                0x0000000008007c9c                ADC1_COMP_IRQHandler
                0x0000000008007c9c                PVD_IRQHandler
                0x0000000008007c9c                PendSV_Handler
                0x0000000008007c9c                NMI_Handler
                0x0000000008007c9c                I2C1_IRQHandler
                0x0000000008007c9c                RCC_CRS_IRQHandler
                0x0000000008007c9c                SPI1_IRQHandler
                0x0000000008007c9c                TIM6_DAC_IRQHandler
                0x0000000008007c9c                I2C2_IRQHandler
                0x0000000008007c9c                DMA1_Channel4_5_6_7_IRQHandler
                0x0000000008007c9c                TIM3_IRQHandler
                0x0000000008007c9c                DMA1_Channel1_IRQHandler
                0x0000000008007c9c                USART4_5_IRQHandler
                0x0000000008007c9c                Default_Handler
                0x0000000008007c9c                TIM22_IRQHandler
                0x0000000008007c9c                TIM7_IRQHandler
                0x0000000008007c9c                USB_IRQHandler
                0x0000000008007c9c                I2C3_IRQHandler
                0x0000000008007c9c                SPI2_IRQHandler
                0x0000000008007c9c                SVC_Handler
                0x0000000008007c9c                TIM21_IRQHandler
                0x0000000008007c9c                WWDG_IRQHandler
                0x0000000008007c9c                TIM2_IRQHandler
                0x0000000008007c9c                DMA1_Channel2_3_IRQHandler
                0x0000000008007c9c                USART2_IRQHandler
                0x0000000008007c9c                FLASH_IRQHandler
                0x0000000008007c9c                AES_RNG_LPUART1_IRQHandler
                0x0000000008007c9c                LPTIM1_IRQHandler
 *fill*         0x0000000008007c9e        0x2 
 .text.SystemInit
                0x0000000008007ca0       0x7c LoRaEz/mcu/cmsis/system_stm32l0xx.o
                0x0000000008007ca0                SystemInit
 .text.SX1276Init
                0x0000000008007d1c       0xd0 LoRaEz/sx1276/sx1276.o
                0x0000000008007d1c                SX1276Init
 .text.SX1276GetStatus
                0x0000000008007dec       0x14 LoRaEz/sx1276/sx1276.o
                0x0000000008007dec                SX1276GetStatus
 .text.SX1276SetChannel
                0x0000000008007e00       0x68 LoRaEz/sx1276/sx1276.o
                0x0000000008007e00                SX1276SetChannel
 .text.GetFskBandwidthRegValue
                0x0000000008007e68       0x70 LoRaEz/sx1276/sx1276.o
 .text.SX1276IsChannelFree
                0x0000000008007ed8       0xe8 LoRaEz/sx1276/sx1276.o
                0x0000000008007ed8                SX1276IsChannelFree
 .text.RxChainCalibration
                0x0000000008007fc0       0xdc LoRaEz/sx1276/sx1276.o
 .text.SX1276SetRxConfig
                0x000000000800809c      0x534 LoRaEz/sx1276/sx1276.o
                0x000000000800809c                SX1276SetRxConfig
 .text.SX1276SetTxConfig
                0x00000000080085d0      0x40c LoRaEz/sx1276/sx1276.o
                0x00000000080085d0                SX1276SetTxConfig
 .text.SX1276GetTimeOnAir
                0x00000000080089dc      0x344 LoRaEz/sx1276/sx1276.o
                0x00000000080089dc                SX1276GetTimeOnAir
 .text.SX1276Send
                0x0000000008008d20      0x1a4 LoRaEz/sx1276/sx1276.o
                0x0000000008008d20                SX1276Send
 .text.SX1276SetSleep
                0x0000000008008ec4       0x3c LoRaEz/sx1276/sx1276.o
                0x0000000008008ec4                SX1276SetSleep
 .text.SX1276SetStby
                0x0000000008008f00       0x34 LoRaEz/sx1276/sx1276.o
                0x0000000008008f00                SX1276SetStby
 .text.SX1276SetRx
                0x0000000008008f34      0x294 LoRaEz/sx1276/sx1276.o
                0x0000000008008f34                SX1276SetRx
 .text.SX1276SetTx
                0x00000000080091c8       0xb4 LoRaEz/sx1276/sx1276.o
                0x00000000080091c8                SX1276SetTx
 .text.SX1276ReadRssi
                0x000000000800927c       0x98 LoRaEz/sx1276/sx1276.o
                0x000000000800927c                SX1276ReadRssi
 .text.SX1276SetOpMode
                0x0000000008009314       0x5e LoRaEz/sx1276/sx1276.o
                0x0000000008009314                SX1276SetOpMode
 *fill*         0x0000000008009372        0x2 
 .text.SX1276SetModem
                0x0000000008009374       0xc0 LoRaEz/sx1276/sx1276.o
                0x0000000008009374                SX1276SetModem
 .text.SX1276Write
                0x0000000008009434       0x28 LoRaEz/sx1276/sx1276.o
                0x0000000008009434                SX1276Write
 .text.SX1276Read
                0x000000000800945c       0x28 LoRaEz/sx1276/sx1276.o
                0x000000000800945c                SX1276Read
 .text.SX1276WriteBuffer
                0x0000000008009484       0x88 LoRaEz/sx1276/sx1276.o
                0x0000000008009484                SX1276WriteBuffer
 .text.SX1276ReadBuffer
                0x000000000800950c       0x8c LoRaEz/sx1276/sx1276.o
                0x000000000800950c                SX1276ReadBuffer
 .text.SX1276WriteFifo
                0x0000000008009598       0x24 LoRaEz/sx1276/sx1276.o
                0x0000000008009598                SX1276WriteFifo
 .text.SX1276ReadFifo
                0x00000000080095bc       0x24 LoRaEz/sx1276/sx1276.o
                0x00000000080095bc                SX1276ReadFifo
 .text.SX1276SetMaxPayloadLength
                0x00000000080095e0       0x64 LoRaEz/sx1276/sx1276.o
                0x00000000080095e0                SX1276SetMaxPayloadLength
 .text.SX1276SetSyncword
                0x0000000008009644       0x38 LoRaEz/sx1276/sx1276.o
                0x0000000008009644                SX1276SetSyncword
 .text.SX1276ReSetSyncword
                0x000000000800967c       0x24 LoRaEz/sx1276/sx1276.o
                0x000000000800967c                SX1276ReSetSyncword
 .text.SX1276OnTimeoutIrq
                0x00000000080096a0      0x15c LoRaEz/sx1276/sx1276.o
                0x00000000080096a0                SX1276OnTimeoutIrq
 .text.SX1276OnDio0Irq
                0x00000000080097fc      0x4c8 LoRaEz/sx1276/sx1276.o
                0x00000000080097fc                SX1276OnDio0Irq
 .text.SX1276OnDio1Irq
                0x0000000008009cc4      0x214 LoRaEz/sx1276/sx1276.o
                0x0000000008009cc4                SX1276OnDio1Irq
 .text.SX1276OnDio2Irq
                0x0000000008009ed8      0x198 LoRaEz/sx1276/sx1276.o
                0x0000000008009ed8                SX1276OnDio2Irq
 .text.SX1276OnDio3Irq
                0x000000000800a070       0x8c LoRaEz/sx1276/sx1276.o
                0x000000000800a070                SX1276OnDio3Irq
 .text.SX1276OnDio4Irq
                0x000000000800a0fc       0x44 LoRaEz/sx1276/sx1276.o
                0x000000000800a0fc                SX1276OnDio4Irq
 .text.LoRaLinkInitilize
                0x000000000800a140       0x70 LoRaLink/LoRaLink.o
                0x000000000800a140                LoRaLinkInitilize
 .text.LoRaLinkDeviceInit
                0x000000000800a1b0      0x1ec LoRaLink/LoRaLink.o
                0x000000000800a1b0                LoRaLinkDeviceInit
 .text.LoRaLinkUart
                0x000000000800a39c      0x478 LoRaLink/LoRaLink.o
                0x000000000800a39c                LoRaLinkUart
 .text.LoRaLinkSendPacket
                0x000000000800a814       0xd8 LoRaLink/LoRaLink.o
 .text.LoRaLinkSend
                0x000000000800a8ec      0x178 LoRaLink/LoRaLink.o
                0x000000000800a8ec                LoRaLinkSend
 .text.LoRaLinkRecvPacket
                0x000000000800aa64       0xb4 LoRaLink/LoRaLink.o
                0x000000000800aa64                LoRaLinkRecvPacket
 .text.LoRaLinkSetTxData
                0x000000000800ab18       0x38 LoRaLink/LoRaLink.o
                0x000000000800ab18                LoRaLinkSetTxData
 .text.LoRaLinkSerializeData
                0x000000000800ab50       0xaa LoRaLink/LoRaLink.o
                0x000000000800ab50                LoRaLinkSerializeData
 *fill*         0x000000000800abfa        0x2 
 .text.LoRaLinkSetDeviceId
                0x000000000800abfc       0x5c LoRaLink/LoRaLink.o
                0x000000000800abfc                LoRaLinkSetDeviceId
 .text.scheduleTx
                0x000000000800ac58       0x78 LoRaLink/LoRaLink.o
 .text.SetRxConfig
                0x000000000800acd0       0xe4 LoRaLink/LoRaLink.o
 .text.SetTxConfig
                0x000000000800adb4       0xa8 LoRaLink/LoRaLink.o
 .text.LoRaLinkClearPacket
                0x000000000800ae5c       0x54 LoRaLink/LoRaLink.o
                0x000000000800ae5c                LoRaLinkClearPacket
 .text.LoRaLinkGetSourceAddr
                0x000000000800aeb0       0x18 LoRaLink/LoRaLink.o
                0x000000000800aeb0                LoRaLinkGetSourceAddr
 .text.LoRaLinkGetPanId
                0x000000000800aec8       0x18 LoRaLink/LoRaLink.o
                0x000000000800aec8                LoRaLinkGetPanId
 .text.LoRaLinkGetMaxPayloadLength
                0x000000000800aee0       0x20 LoRaLink/LoRaLink.o
                0x000000000800aee0                LoRaLinkGetMaxPayloadLength
 .text.GetMaxPayloadLength
                0x000000000800af00       0x48 LoRaLink/LoRaLink.o
 .text.GetBandwidth
                0x000000000800af48       0x44 LoRaLink/LoRaLink.o
 .text.CalcBackOffTime
                0x000000000800af8c       0x90 LoRaLink/LoRaLink.o
 .text.LoRaLinkHandleIrqEvents
                0x000000000800b01c       0xa0 LoRaLink/LoRaLink.o
 .text.ProcessRadioTxDone
                0x000000000800b0bc       0x2c LoRaLink/LoRaLink.o
 .text.ProcessRadioRxDone
                0x000000000800b0e8       0x6c LoRaLink/LoRaLink.o
 .text.ProcessRadioRxTimeout
                0x000000000800b154       0x18 LoRaLink/LoRaLink.o
 .text.ProcessRadioTxTimeout
                0x000000000800b16c       0x18 LoRaLink/LoRaLink.o
 .text.ProcessRadioRxError
                0x000000000800b184       0x18 LoRaLink/LoRaLink.o
 .text.ProcessRadioTxDelaied
                0x000000000800b19c       0x28 LoRaLink/LoRaLink.o
 .text.OnRadioTxDone
                0x000000000800b1c4       0x5c LoRaLink/LoRaLink.o
 .text.OnRadioRxDone
                0x000000000800b220       0x80 LoRaLink/LoRaLink.o
 .text.OnRadioTxTimeout
                0x000000000800b2a0       0x34 LoRaLink/LoRaLink.o
 .text.OnRadioRxError
                0x000000000800b2d4       0x34 LoRaLink/LoRaLink.o
 .text.OnRadioRxTimeout
                0x000000000800b308       0x34 LoRaLink/LoRaLink.o
 .text.OnTxDelayedTimerEvent
                0x000000000800b33c       0x38 LoRaLink/LoRaLink.o
 .text.LoRaLinkApiGetRxData
                0x000000000800b374       0xa4 LoRaLink/LoRaLinkApi.o
                0x000000000800b374                LoRaLinkApiGetRxData
 .text.LoRaLinkApiWrite
                0x000000000800b418      0x15a LoRaLink/LoRaLinkApi.o
                0x000000000800b418                LoRaLinkApiWrite
 .text.LoRaLinkApiSetTxData
                0x000000000800b572       0x50 LoRaLink/LoRaLinkApi.o
                0x000000000800b572                LoRaLinkApiSetTxData
 *fill*         0x000000000800b5c2        0x2 
 .text.LoRaLinkApiRead
                0x000000000800b5c4      0x180 LoRaLink/LoRaLinkApi.o
                0x000000000800b5c4                LoRaLinkApiRead
 .text.UartGetByte
                0x000000000800b744       0x46 LoRaLink/LoRaLinkApi.o
 .text.UartPutByte
                0x000000000800b78a       0x56 LoRaLink/LoRaLinkApi.o
 .text.LoRaLinkCryptoSetKey
                0x000000000800b7e0       0x20 LoRaLink/LoRaLinkCrypto.o
                0x000000000800b7e0                LoRaLinkCryptoSetKey
 .text.LoRaLinkCryptoSecureMessage
                0x000000000800b800       0xdc LoRaLink/LoRaLinkCrypto.o
                0x000000000800b800                LoRaLinkCryptoSecureMessage
 .text.LoRaLinkCryptoUnsecureMessage
                0x000000000800b8dc       0x90 LoRaLink/LoRaLinkCrypto.o
                0x000000000800b8dc                LoRaLinkCryptoUnsecureMessage
 .text.PayloadEncrypt
                0x000000000800b96c      0x152 LoRaLink/LoRaLinkCrypto.o
 *fill*         0x000000000800babe        0x2 
 .text.SecureElementAesEncrypt
                0x000000000800bac0       0xa4 LoRaLink/LoRaLinkCrypto.o
 .text.ComputeCmacB0
                0x000000000800bb64       0xb0 LoRaLink/LoRaLinkCrypto.o
 .text.VerifyCmacB0
                0x000000000800bc14      0x13c LoRaLink/LoRaLinkCrypto.o
 .text.PrepareB0
                0x000000000800bd50       0xd0 LoRaLink/LoRaLinkCrypto.o
 .text.ComputeCmac
                0x000000000800be20       0x94 LoRaLink/LoRaLinkCrypto.o
 .text.SecureElementComputeAesCmac
                0x000000000800beb4       0x2e LoRaLink/LoRaLinkCrypto.o
 .text.SecureElementVerifyAesCmac
                0x000000000800bee2       0x76 LoRaLink/LoRaLinkCrypto.o
 .text.MQTTSNClientInit
                0x000000000800bf58      0x10c MQTTSN/MQTTSNClient.o
                0x000000000800bf58                MQTTSNClientInit
 .text.Connect  0x000000000800c064      0x218 MQTTSN/MQTTSNClient.o
                0x000000000800c064                Connect
 .text.Disconnect
                0x000000000800c27c       0x94 MQTTSN/MQTTSNClient.o
                0x000000000800c27c                Disconnect
 .text.GetConnectResponce
                0x000000000800c310      0x154 MQTTSN/MQTTSNClient.o
 .text.GetDisconnectResponce
                0x000000000800c464       0xb4 MQTTSN/MQTTSNClient.o
 .text.GetMessage
                0x000000000800c518      0x230 MQTTSN/MQTTSNClient.o
                0x000000000800c518                GetMessage
 .text.SendPingReqMsg
                0x000000000800c748      0x11c MQTTSN/MQTTSNClient.o
 .text.CheckPingRequest
                0x000000000800c864       0x20 MQTTSN/MQTTSNClient.o
                0x000000000800c864                CheckPingRequest
 .text.OnKeepAliveTimeupEvent
                0x000000000800c884       0x1c MQTTSN/MQTTSNClient.o
 .text.OnSleepTimeupEvent
                0x000000000800c8a0       0x1c MQTTSN/MQTTSNClient.o
 .text.RestartPingRequestTimer
                0x000000000800c8bc       0x3c MQTTSN/MQTTSNClient.o
                0x000000000800c8bc                RestartPingRequestTimer
 .text.StopPingRequestTimer
                0x000000000800c8f8       0x20 MQTTSN/MQTTSNClient.o
 .text.StartClientWakeupTimer
                0x000000000800c918       0x34 MQTTSN/MQTTSNClient.o
 .text.WriteMsg
                0x000000000800c94c       0xa4 MQTTSN/MQTTSNClient.o
                0x000000000800c94c                WriteMsg
 .text.ReadMsg  0x000000000800c9f0       0x90 MQTTSN/MQTTSNClient.o
 .text.GetNextMsgId
                0x000000000800ca80       0x1c MQTTSN/MQTTSNClient.o
                0x000000000800ca80                GetNextMsgId
 .text.resetPublishMsg
                0x000000000800ca9c       0x1c MQTTSN/MQTTSNPublish.o
 .text.PublishByName
                0x000000000800cab8       0x4a MQTTSN/MQTTSNPublish.o
                0x000000000800cab8                PublishByName
 .text.PublishRowdataByName
                0x000000000800cb02       0x6c MQTTSN/MQTTSNPublish.o
                0x000000000800cb02                PublishRowdataByName
 *fill*         0x000000000800cb6e        0x2 
 .text.publish  0x000000000800cb70      0x1e8 MQTTSN/MQTTSNPublish.o
 .text.ResponcePublish
                0x000000000800cd58      0x130 MQTTSN/MQTTSNPublish.o
                0x000000000800cd58                ResponcePublish
 .text.SendPublishSuspend
                0x000000000800ce88       0x7c MQTTSN/MQTTSNPublish.o
                0x000000000800ce88                SendPublishSuspend
 .text.SendPubAck
                0x000000000800cf04       0x66 MQTTSN/MQTTSNPublish.o
                0x000000000800cf04                SendPubAck
 .text.SendPubRel
                0x000000000800cf6a       0x3a MQTTSN/MQTTSNPublish.o
                0x000000000800cf6a                SendPubRel
 .text.sendPublishMsg
                0x000000000800cfa4       0x4c MQTTSN/MQTTSNPublish.o
 .text.sendPublish
                0x000000000800cff0      0x160 MQTTSN/MQTTSNPublish.o
 .text.Published
                0x000000000800d150       0xe8 MQTTSN/MQTTSNPublish.o
                0x000000000800d150                Published
 .text.resetRegisterMsg
                0x000000000800d238       0x1c MQTTSN/MQTTSNRegister.o
 .text.RegisterTopic
                0x000000000800d254       0x44 MQTTSN/MQTTSNRegister.o
                0x000000000800d254                RegisterTopic
 .text.ResponceRegAck
                0x000000000800d298       0x74 MQTTSN/MQTTSNRegister.o
                0x000000000800d298                ResponceRegAck
 .text.ResponceRegister
                0x000000000800d30c       0x90 MQTTSN/MQTTSNRegister.o
                0x000000000800d30c                ResponceRegister
 .text.SendRegister
                0x000000000800d39c       0x8c MQTTSN/MQTTSNRegister.o
 .text.SendRegisterMsg
                0x000000000800d428       0x4c MQTTSN/MQTTSNRegister.o
 .text.ClearSubscribeMsg
                0x000000000800d474       0x1c MQTTSN/MQTTSNSubscribe.o
                0x000000000800d474                ClearSubscribeMsg
 .text.OnConnect
                0x000000000800d490       0x78 MQTTSN/MQTTSNSubscribe.o
                0x000000000800d490                OnConnect
 .text.SubscribeByName
                0x000000000800d508       0x78 MQTTSN/MQTTSNSubscribe.o
                0x000000000800d508                SubscribeByName
 .text.ResponceSubscribe
                0x000000000800d580       0xe8 MQTTSN/MQTTSNSubscribe.o
                0x000000000800d580                ResponceSubscribe
 .text.SendSubscribeMsg
                0x000000000800d668      0x15c MQTTSN/MQTTSNSubscribe.o
 .text.MQTTSNTopicAdd
                0x000000000800d7c4      0x11c MQTTSN/MQTTSNTopic.o
                0x000000000800d7c4                MQTTSNTopicAdd
 .text.ClearTopicTable
                0x000000000800d8e0       0x44 MQTTSN/MQTTSNTopic.o
                0x000000000800d8e0                ClearTopicTable
 .text.hasWildCard
                0x000000000800d924       0x84 MQTTSN/MQTTSNTopic.o
 .text.TopicIsMatch
                0x000000000800d9a8      0x176 MQTTSN/MQTTSNTopic.o
                0x000000000800d9a8                TopicIsMatch
 *fill*         0x000000000800db1e        0x2 
 .text.GetTopicMatch
                0x000000000800db20       0x40 MQTTSN/MQTTSNTopic.o
                0x000000000800db20                GetTopicMatch
 .text.GetTopicByName
                0x000000000800db60       0x48 MQTTSN/MQTTSNTopic.o
                0x000000000800db60                GetTopicByName
 .text.GetTopicById
                0x000000000800dba8       0x50 MQTTSN/MQTTSNTopic.o
                0x000000000800dba8                GetTopicById
 .text.SetTopicId
                0x000000000800dbf8       0x4c MQTTSN/MQTTSNTopic.o
                0x000000000800dbf8                SetTopicId
 .text.MQTTSNTopicExecCallback
                0x000000000800dc44       0x48 MQTTSN/MQTTSNTopic.o
                0x000000000800dc44                MQTTSNTopicExecCallback
 .text.ResetPayload
                0x000000000800dc8c       0x4e System/Payload.o
                0x000000000800dc8c                ResetPayload
 .text.ClearPayload
                0x000000000800dcda       0x18 System/Payload.o
                0x000000000800dcda                ClearPayload
 .text.GetPL_RowData
                0x000000000800dcf2       0x12 System/Payload.o
                0x000000000800dcf2                GetPL_RowData
 .text.SetRowdataToPayload
                0x000000000800dd04       0x44 System/Payload.o
                0x000000000800dd04                SetRowdataToPayload
 .text.GetRowdaataLength
                0x000000000800dd48       0x16 System/Payload.o
                0x000000000800dd48                GetRowdaataLength
 .text.SetUartBaudrate
                0x000000000800dd5e       0x18 System/Peripheral.o
                0x000000000800dd5e                SetUartBaudrate
 *fill*         0x000000000800dd76        0x2 
 .text.int0     0x000000000800dd78       0x18 System/TaskMgmt.o
                0x000000000800dd78                int0
 .text.int1     0x000000000800dd90       0x18 System/TaskMgmt.o
                0x000000000800dd90                int1
 .text.OnTaskExecutionTimerEvent
                0x000000000800dda8       0x1c System/TaskMgmt.o
 .text.OnInterrupt0
                0x000000000800ddc4       0x20 System/TaskMgmt.o
 .text.OnInterrupt1
                0x000000000800dde4       0x70 System/TaskMgmt.o
 .text.OnWakeupTimerEvent
                0x000000000800de54       0x1c System/TaskMgmt.o
 .text.Task_add
                0x000000000800de70       0x88 System/TaskMgmt.o
 .text.setInterrupt
                0x000000000800def8       0x44 System/TaskMgmt.o
 .text.Task_init
                0x000000000800df3c      0x100 System/TaskMgmt.o
 .text.Task_sleep
                0x000000000800e03c       0xd8 System/TaskMgmt.o
 .text.Task_run
                0x000000000800e114      0x10c System/TaskMgmt.o
 .text.main     0x000000000800e220       0x36 System/TaskMgmt.o
                0x000000000800e220                main
 *fill*         0x000000000800e256        0x2 
 .text.rand1    0x000000000800e258       0x38 System/utilities.o
                0x000000000800e258                rand1
 .text.srand1   0x000000000800e290       0x1c System/utilities.o
                0x000000000800e290                srand1
 .text.randr    0x000000000800e2ac       0x2c System/utilities.o
                0x000000000800e2ac                randr
 .text.memcpy1  0x000000000800e2d8       0x36 System/utilities.o
                0x000000000800e2d8                memcpy1
 .text.memset1  0x000000000800e30e       0x3c System/utilities.o
                0x000000000800e30e                memset1
 .text.getUint16
                0x000000000800e34a       0x36 System/utilities.o
                0x000000000800e34a                getUint16
 .text.setUint16
                0x000000000800e380       0x32 System/utilities.o
                0x000000000800e380                setUint16
 .text.getUint32
                0x000000000800e3b2       0x4e System/utilities.o
                0x000000000800e3b2                getUint32
 .text.setUint32
                0x000000000800e400       0x44 System/utilities.o
                0x000000000800e400                setUint32
 .text.copy_block
                0x000000000800e444       0xb0 System/soft-se/aes.o
 .text.copy_block_nn
                0x000000000800e4f4       0x36 System/soft-se/aes.o
 .text.xor_block
                0x000000000800e52a      0x16c System/soft-se/aes.o
 .text.copy_and_key
                0x000000000800e696      0x16e System/soft-se/aes.o
 .text.add_round_key
                0x000000000800e804       0x1e System/soft-se/aes.o
 *fill*         0x000000000800e822        0x2 
 .text.shift_sub_rows
                0x000000000800e824      0x144 System/soft-se/aes.o
 .text.mix_sub_columns
                0x000000000800e968      0x3cc System/soft-se/aes.o
 .text.aes_set_key
                0x000000000800ed34      0x264 System/soft-se/aes.o
                0x000000000800ed34                aes_set_key
 .text.aes_encrypt
                0x000000000800ef98       0x96 System/soft-se/aes.o
                0x000000000800ef98                aes_encrypt
 .text.AES_CMAC_Init
                0x000000000800f02e       0x34 System/soft-se/cmac.o
                0x000000000800f02e                AES_CMAC_Init
 .text.AES_CMAC_SetKey
                0x000000000800f062       0x1e System/soft-se/cmac.o
                0x000000000800f062                AES_CMAC_SetKey
 .text.AES_CMAC_Update
                0x000000000800f080      0x190 System/soft-se/cmac.o
                0x000000000800f080                AES_CMAC_Update
 .text.AES_CMAC_Final
                0x000000000800f210      0x2d6 System/soft-se/cmac.o
                0x000000000800f210                AES_CMAC_Final
 *fill*         0x000000000800f4e6        0x2 
 .text.ceil     0x000000000800f4e8      0x128 /home/tomoaki/.p2/pool/plugins/fr.ac6.mcu.externaltools.arm-none.linux64_1.17.0.201812190825/tools/compiler/bin/../lib/gcc/arm-none-eabi/7.3.1/../../../../arm-none-eabi/lib/thumb/v6-m/libm.a(lib_a-s_ceil.o)
                0x000000000800f4e8                ceil
 .text.floor    0x000000000800f610      0x138 /home/tomoaki/.p2/pool/plugins/fr.ac6.mcu.externaltools.arm-none.linux64_1.17.0.201812190825/tools/compiler/bin/../lib/gcc/arm-none-eabi/7.3.1/../../../../arm-none-eabi/lib/thumb/v6-m/libm.a(lib_a-s_floor.o)
                0x000000000800f610                floor
 .text.round    0x000000000800f748       0xb0 /home/tomoaki/.p2/pool/plugins/fr.ac6.mcu.externaltools.arm-none.linux64_1.17.0.201812190825/tools/compiler/bin/../lib/gcc/arm-none-eabi/7.3.1/../../../../arm-none-eabi/lib/thumb/v6-m/libm.a(lib_a-s_round.o)
                0x000000000800f748                round
 .text          0x000000000800f7f8      0x114 /home/tomoaki/.p2/pool/plugins/fr.ac6.mcu.externaltools.arm-none.linux64_1.17.0.201812190825/tools/compiler/bin/../lib/gcc/arm-none-eabi/7.3.1/thumb/v6-m/libgcc.a(_udivsi3.o)
                0x000000000800f7f8                __udivsi3
                0x000000000800f7f8                __aeabi_uidiv
                0x000000000800f904                __aeabi_uidivmod
 .text          0x000000000800f90c      0x1d4 /home/tomoaki/.p2/pool/plugins/fr.ac6.mcu.externaltools.arm-none.linux64_1.17.0.201812190825/tools/compiler/bin/../lib/gcc/arm-none-eabi/7.3.1/thumb/v6-m/libgcc.a(_divsi3.o)
                0x000000000800f90c                __aeabi_idiv
                0x000000000800f90c                __divsi3
                0x000000000800fad8                __aeabi_idivmod
 .text          0x000000000800fae0        0x4 /home/tomoaki/.p2/pool/plugins/fr.ac6.mcu.externaltools.arm-none.linux64_1.17.0.201812190825/tools/compiler/bin/../lib/gcc/arm-none-eabi/7.3.1/thumb/v6-m/libgcc.a(_dvmd_tls.o)
                0x000000000800fae0                __aeabi_ldiv0
                0x000000000800fae0                __aeabi_idiv0
 .text          0x000000000800fae4       0x7c /home/tomoaki/.p2/pool/plugins/fr.ac6.mcu.externaltools.arm-none.linux64_1.17.0.201812190825/tools/compiler/bin/../lib/gcc/arm-none-eabi/7.3.1/thumb/v6-m/libgcc.a(_arm_cmpdf2.o)
                0x000000000800fae4                __aeabi_cdrcmple
                0x000000000800faf4                __aeabi_cdcmple
                0x000000000800faf4                __aeabi_cdcmpeq
                0x000000000800fb04                __aeabi_dcmpeq
                0x000000000800fb10                __aeabi_dcmplt
                0x000000000800fb24                __aeabi_dcmple
                0x000000000800fb38                __aeabi_dcmpgt
                0x000000000800fb4c                __aeabi_dcmpge
 .text          0x000000000800fb60       0x40 /home/tomoaki/.p2/pool/plugins/fr.ac6.mcu.externaltools.arm-none.linux64_1.17.0.201812190825/tools/compiler/bin/../lib/gcc/arm-none-eabi/7.3.1/thumb/v6-m/libgcc.a(_aeabi_uldivmod.o)
                0x000000000800fb60                __aeabi_uldivmod
 .text          0x000000000800fba0       0x3c /home/tomoaki/.p2/pool/plugins/fr.ac6.mcu.externaltools.arm-none.linux64_1.17.0.201812190825/tools/compiler/bin/../lib/gcc/arm-none-eabi/7.3.1/thumb/v6-m/libgcc.a(_fixunsdfsi.o)
                0x000000000800fba0                __fixunsdfsi
                0x000000000800fba0                __aeabi_d2uiz
 .text          0x000000000800fbdc      0x184 /home/tomoaki/.p2/pool/plugins/fr.ac6.mcu.externaltools.arm-none.linux64_1.17.0.201812190825/tools/compiler/bin/../lib/gcc/arm-none-eabi/7.3.1/thumb/v6-m/libgcc.a(_udivmoddi4.o)
                0x000000000800fbdc                __udivmoddi4
 .text          0x000000000800fd60      0x638 /home/tomoaki/.p2/pool/plugins/fr.ac6.mcu.externaltools.arm-none.linux64_1.17.0.201812190825/tools/compiler/bin/../lib/gcc/arm-none-eabi/7.3.1/thumb/v6-m/libgcc.a(adddf3.o)
                0x000000000800fd60                __aeabi_dadd
 .text          0x0000000008010398      0x604 /home/tomoaki/.p2/pool/plugins/fr.ac6.mcu.externaltools.arm-none.linux64_1.17.0.201812190825/tools/compiler/bin/../lib/gcc/arm-none-eabi/7.3.1/thumb/v6-m/libgcc.a(divdf3.o)
                0x0000000008010398                __aeabi_ddiv
 .text          0x000000000801099c       0x78 /home/tomoaki/.p2/pool/plugins/fr.ac6.mcu.externaltools.arm-none.linux64_1.17.0.201812190825/tools/compiler/bin/../lib/gcc/arm-none-eabi/7.3.1/thumb/v6-m/libgcc.a(eqdf2.o)
                0x000000000801099c                __eqdf2
                0x000000000801099c                __nedf2
 .text          0x0000000008010a14       0xc8 /home/tomoaki/.p2/pool/plugins/fr.ac6.mcu.externaltools.arm-none.linux64_1.17.0.201812190825/tools/compiler/bin/../lib/gcc/arm-none-eabi/7.3.1/thumb/v6-m/libgcc.a(gedf2.o)
                0x0000000008010a14                __gtdf2
                0x0000000008010a14                __gedf2
 .text          0x0000000008010adc       0xd0 /home/tomoaki/.p2/pool/plugins/fr.ac6.mcu.externaltools.arm-none.linux64_1.17.0.201812190825/tools/compiler/bin/../lib/gcc/arm-none-eabi/7.3.1/thumb/v6-m/libgcc.a(ledf2.o)
                0x0000000008010adc                __ltdf2
                0x0000000008010adc                __ledf2
 .text          0x0000000008010bac      0x4e4 /home/tomoaki/.p2/pool/plugins/fr.ac6.mcu.externaltools.arm-none.linux64_1.17.0.201812190825/tools/compiler/bin/../lib/gcc/arm-none-eabi/7.3.1/thumb/v6-m/libgcc.a(muldf3.o)
                0x0000000008010bac                __aeabi_dmul
 .text          0x0000000008011090      0x690 /home/tomoaki/.p2/pool/plugins/fr.ac6.mcu.externaltools.arm-none.linux64_1.17.0.201812190825/tools/compiler/bin/../lib/gcc/arm-none-eabi/7.3.1/thumb/v6-m/libgcc.a(subdf3.o)
                0x0000000008011090                __aeabi_dsub
 .text          0x0000000008011720       0x6c /home/tomoaki/.p2/pool/plugins/fr.ac6.mcu.externaltools.arm-none.linux64_1.17.0.201812190825/tools/compiler/bin/../lib/gcc/arm-none-eabi/7.3.1/thumb/v6-m/libgcc.a(fixdfsi.o)
                0x0000000008011720                __aeabi_d2iz
 .text          0x000000000801178c       0x74 /home/tomoaki/.p2/pool/plugins/fr.ac6.mcu.externaltools.arm-none.linux64_1.17.0.201812190825/tools/compiler/bin/../lib/gcc/arm-none-eabi/7.3.1/thumb/v6-m/libgcc.a(floatsidf.o)
                0x000000000801178c                __aeabi_i2d
 .text          0x0000000008011800       0x64 /home/tomoaki/.p2/pool/plugins/fr.ac6.mcu.externaltools.arm-none.linux64_1.17.0.201812190825/tools/compiler/bin/../lib/gcc/arm-none-eabi/7.3.1/thumb/v6-m/libgcc.a(floatunsidf.o)
                0x0000000008011800                __aeabi_ui2d
 .text          0x0000000008011864       0x3c /home/tomoaki/.p2/pool/plugins/fr.ac6.mcu.externaltools.arm-none.linux64_1.17.0.201812190825/tools/compiler/bin/../lib/gcc/arm-none-eabi/7.3.1/thumb/v6-m/libgcc.a(_clzsi2.o)
                0x0000000008011864                __clzsi2
 .text          0x00000000080118a0       0x18 /home/tomoaki/.p2/pool/plugins/fr.ac6.mcu.externaltools.arm-none.linux64_1.17.0.201812190825/tools/compiler/bin/../lib/gcc/arm-none-eabi/7.3.1/thumb/v6-m/libgcc.a(_clzdi2.o)
                0x00000000080118a0                __clzdi2
 .text.calloc   0x00000000080118b8       0x14 /home/tomoaki/.p2/pool/plugins/fr.ac6.mcu.externaltools.arm-none.linux64_1.17.0.201812190825/tools/compiler/bin/../lib/gcc/arm-none-eabi/7.3.1/../../../../arm-none-eabi/lib/thumb/v6-m/libc_nano.a(lib_a-calloc.o)
                0x00000000080118b8                calloc
 .text.__libc_init_array
                0x00000000080118cc       0x48 /home/tomoaki/.p2/pool/plugins/fr.ac6.mcu.externaltools.arm-none.linux64_1.17.0.201812190825/tools/compiler/bin/../lib/gcc/arm-none-eabi/7.3.1/../../../../arm-none-eabi/lib/thumb/v6-m/libc_nano.a(lib_a-init.o)
                0x00000000080118cc                __libc_init_array
 .text.malloc   0x0000000008011914       0x14 /home/tomoaki/.p2/pool/plugins/fr.ac6.mcu.externaltools.arm-none.linux64_1.17.0.201812190825/tools/compiler/bin/../lib/gcc/arm-none-eabi/7.3.1/../../../../arm-none-eabi/lib/thumb/v6-m/libc_nano.a(lib_a-malloc.o)
                0x0000000008011914                malloc
 .text.free     0x0000000008011928       0x14 /home/tomoaki/.p2/pool/plugins/fr.ac6.mcu.externaltools.arm-none.linux64_1.17.0.201812190825/tools/compiler/bin/../lib/gcc/arm-none-eabi/7.3.1/../../../../arm-none-eabi/lib/thumb/v6-m/libc_nano.a(lib_a-malloc.o)
                0x0000000008011928                free
 .text.memset   0x000000000801193c       0x10 /home/tomoaki/.p2/pool/plugins/fr.ac6.mcu.externaltools.arm-none.linux64_1.17.0.201812190825/tools/compiler/bin/../lib/gcc/arm-none-eabi/7.3.1/../../../../arm-none-eabi/lib/thumb/v6-m/libc_nano.a(lib_a-memset.o)
                0x000000000801193c                memset
 .text._calloc_r
                0x000000000801194c       0x1c /home/tomoaki/.p2/pool/plugins/fr.ac6.mcu.externaltools.arm-none.linux64_1.17.0.201812190825/tools/compiler/bin/../lib/gcc/arm-none-eabi/7.3.1/../../../../arm-none-eabi/lib/thumb/v6-m/libc_nano.a(lib_a-nano-callocr.o)
                0x000000000801194c                _calloc_r
 .text._free_r  0x0000000008011968       0x94 /home/tomoaki/.p2/pool/plugins/fr.ac6.mcu.externaltools.arm-none.linux64_1.17.0.201812190825/tools/compiler/bin/../lib/gcc/arm-none-eabi/7.3.1/../../../../arm-none-eabi/lib/thumb/v6-m/libc_nano.a(lib_a-nano-freer.o)
                0x0000000008011968                _free_r
 .text._malloc_r
                0x00000000080119fc       0xbc /home/tomoaki/.p2/pool/plugins/fr.ac6.mcu.externaltools.arm-none.linux64_1.17.0.201812190825/tools/compiler/bin/../lib/gcc/arm-none-eabi/7.3.1/../../../../arm-none-eabi/lib/thumb/v6-m/libc_nano.a(lib_a-nano-mallocr.o)
                0x00000000080119fc                _malloc_r
 .text.__cvt    0x0000000008011ab8       0xc8 /home/tomoaki/.p2/pool/plugins/fr.ac6.mcu.externaltools.arm-none.linux64_1.17.0.201812190825/tools/compiler/bin/../lib/gcc/arm-none-eabi/7.3.1/../../../../arm-none-eabi/lib/thumb/v6-m/libc_nano.a(lib_a-nano-vfprintf_float.o)
                0x0000000008011ab8                __cvt
 .text.__exponent
                0x0000000008011b80       0x70 /home/tomoaki/.p2/pool/plugins/fr.ac6.mcu.externaltools.arm-none.linux64_1.17.0.201812190825/tools/compiler/bin/../lib/gcc/arm-none-eabi/7.3.1/../../../../arm-none-eabi/lib/thumb/v6-m/libc_nano.a(lib_a-nano-vfprintf_float.o)
                0x0000000008011b80                __exponent
 .text._printf_float
                0x0000000008011bf0      0x498 /home/tomoaki/.p2/pool/plugins/fr.ac6.mcu.externaltools.arm-none.linux64_1.17.0.201812190825/tools/compiler/bin/../lib/gcc/arm-none-eabi/7.3.1/../../../../arm-none-eabi/lib/thumb/v6-m/libc_nano.a(lib_a-nano-vfprintf_float.o)
                0x0000000008011bf0                _printf_float
 .text._printf_common
                0x0000000008012088       0xda /home/tomoaki/.p2/pool/plugins/fr.ac6.mcu.externaltools.arm-none.linux64_1.17.0.201812190825/tools/compiler/bin/../lib/gcc/arm-none-eabi/7.3.1/../../../../arm-none-eabi/lib/thumb/v6-m/libc_nano.a(lib_a-nano-vfprintf_i.o)
                0x0000000008012088                _printf_common
 *fill*         0x0000000008012162        0x2 
 .text._printf_i
                0x0000000008012164      0x210 /home/tomoaki/.p2/pool/plugins/fr.ac6.mcu.externaltools.arm-none.linux64_1.17.0.201812190825/tools/compiler/bin/../lib/gcc/arm-none-eabi/7.3.1/../../../../arm-none-eabi/lib/thumb/v6-m/libc_nano.a(lib_a-nano-vfprintf_i.o)
                0x0000000008012164                _printf_i
 .text.printf   0x0000000008012374       0x34 /home/tomoaki/.p2/pool/plugins/fr.ac6.mcu.externaltools.arm-none.linux64_1.17.0.201812190825/tools/compiler/bin/../lib/gcc/arm-none-eabi/7.3.1/../../../../arm-none-eabi/lib/thumb/v6-m/libc_nano.a(lib_a-printf.o)
                0x0000000008012374                printf
                0x0000000008012374                iprintf
 .text._puts_r  0x00000000080123a8       0xc0 /home/tomoaki/.p2/pool/plugins/fr.ac6.mcu.externaltools.arm-none.linux64_1.17.0.201812190825/tools/compiler/bin/../lib/gcc/arm-none-eabi/7.3.1/../../../../arm-none-eabi/lib/thumb/v6-m/libc_nano.a(lib_a-puts.o)
                0x00000000080123a8                _puts_r
 .text.puts     0x0000000008012468       0x14 /home/tomoaki/.p2/pool/plugins/fr.ac6.mcu.externaltools.arm-none.linux64_1.17.0.201812190825/tools/compiler/bin/../lib/gcc/arm-none-eabi/7.3.1/../../../../arm-none-eabi/lib/thumb/v6-m/libc_nano.a(lib_a-puts.o)
                0x0000000008012468                puts
 .text._sbrk_r  0x000000000801247c       0x24 /home/tomoaki/.p2/pool/plugins/fr.ac6.mcu.externaltools.arm-none.linux64_1.17.0.201812190825/tools/compiler/bin/../lib/gcc/arm-none-eabi/7.3.1/../../../../arm-none-eabi/lib/thumb/v6-m/libc_nano.a(lib_a-sbrkr.o)
                0x000000000801247c                _sbrk_r
 .text.sprintf  0x00000000080124a0       0x40 /home/tomoaki/.p2/pool/plugins/fr.ac6.mcu.externaltools.arm-none.linux64_1.17.0.201812190825/tools/compiler/bin/../lib/gcc/arm-none-eabi/7.3.1/../../../../arm-none-eabi/lib/thumb/v6-m/libc_nano.a(lib_a-sprintf.o)
                0x00000000080124a0                sprintf
                0x00000000080124a0                siprintf
 .text          0x00000000080124e0       0x14 /home/tomoaki/.p2/pool/plugins/fr.ac6.mcu.externaltools.arm-none.linux64_1.17.0.201812190825/tools/compiler/bin/../lib/gcc/arm-none-eabi/7.3.1/../../../../arm-none-eabi/lib/thumb/v6-m/libc_nano.a(lib_a-strcmp.o)
                0x00000000080124e0                strcmp
 .text.strcpy   0x00000000080124f4       0x10 /home/tomoaki/.p2/pool/plugins/fr.ac6.mcu.externaltools.arm-none.linux64_1.17.0.201812190825/tools/compiler/bin/../lib/gcc/arm-none-eabi/7.3.1/../../../../arm-none-eabi/lib/thumb/v6-m/libc_nano.a(lib_a-strcpy.o)
                0x00000000080124f4                strcpy
 .text          0x0000000008012504        0xe /home/tomoaki/.p2/pool/plugins/fr.ac6.mcu.externaltools.arm-none.linux64_1.17.0.201812190825/tools/compiler/bin/../lib/gcc/arm-none-eabi/7.3.1/../../../../arm-none-eabi/lib/thumb/v6-m/libc_nano.a(lib_a-strlen.o)
                0x0000000008012504                strlen
 .text.strncmp  0x0000000008012512       0x22 /home/tomoaki/.p2/pool/plugins/fr.ac6.mcu.externaltools.arm-none.linux64_1.17.0.201812190825/tools/compiler/bin/../lib/gcc/arm-none-eabi/7.3.1/../../../../arm-none-eabi/lib/thumb/v6-m/libc_nano.a(lib_a-strncmp.o)
                0x0000000008012512                strncmp
 .text.strncpy  0x0000000008012534       0x28 /home/tomoaki/.p2/pool/plugins/fr.ac6.mcu.externaltools.arm-none.linux64_1.17.0.201812190825/tools/compiler/bin/../lib/gcc/arm-none-eabi/7.3.1/../../../../arm-none-eabi/lib/thumb/v6-m/libc_nano.a(lib_a-strncpy.o)
                0x0000000008012534                strncpy
 .text.__swbuf_r
                0x000000000801255c       0xac /home/tomoaki/.p2/pool/plugins/fr.ac6.mcu.externaltools.arm-none.linux64_1.17.0.201812190825/tools/compiler/bin/../lib/gcc/arm-none-eabi/7.3.1/../../../../arm-none-eabi/lib/thumb/v6-m/libc_nano.a(lib_a-wbuf.o)
                0x000000000801255c                __swbuf_r
 .text.__swsetup_r
                0x0000000008012608       0xec /home/tomoaki/.p2/pool/plugins/fr.ac6.mcu.externaltools.arm-none.linux64_1.17.0.201812190825/tools/compiler/bin/../lib/gcc/arm-none-eabi/7.3.1/../../../../arm-none-eabi/lib/thumb/v6-m/libc_nano.a(lib_a-wsetup.o)
                0x0000000008012608                __swsetup_r
 .text.quorem   0x00000000080126f4      0x10c /home/tomoaki/.p2/pool/plugins/fr.ac6.mcu.externaltools.arm-none.linux64_1.17.0.201812190825/tools/compiler/bin/../lib/gcc/arm-none-eabi/7.3.1/../../../../arm-none-eabi/lib/thumb/v6-m/libc_nano.a(lib_a-dtoa.o)
 .text._dtoa_r  0x0000000008012800      0xbc0 /home/tomoaki/.p2/pool/plugins/fr.ac6.mcu.externaltools.arm-none.linux64_1.17.0.201812190825/tools/compiler/bin/../lib/gcc/arm-none-eabi/7.3.1/../../../../arm-none-eabi/lib/thumb/v6-m/libc_nano.a(lib_a-dtoa.o)
                0x0000000008012800                _dtoa_r
 .text.__sflush_r
                0x00000000080133c0      0x114 /home/tomoaki/.p2/pool/plugins/fr.ac6.mcu.externaltools.arm-none.linux64_1.17.0.201812190825/tools/compiler/bin/../lib/gcc/arm-none-eabi/7.3.1/../../../../arm-none-eabi/lib/thumb/v6-m/libc_nano.a(lib_a-fflush.o)
                0x00000000080133c0                __sflush_r
 .text._fflush_r
                0x00000000080134d4       0x58 /home/tomoaki/.p2/pool/plugins/fr.ac6.mcu.externaltools.arm-none.linux64_1.17.0.201812190825/tools/compiler/bin/../lib/gcc/arm-none-eabi/7.3.1/../../../../arm-none-eabi/lib/thumb/v6-m/libc_nano.a(lib_a-fflush.o)
                0x00000000080134d4                _fflush_r
 .text.std      0x000000000801352c       0x48 /home/tomoaki/.p2/pool/plugins/fr.ac6.mcu.externaltools.arm-none.linux64_1.17.0.201812190825/tools/compiler/bin/../lib/gcc/arm-none-eabi/7.3.1/../../../../arm-none-eabi/lib/thumb/v6-m/libc_nano.a(lib_a-findfp.o)
 .text._cleanup_r
                0x0000000008013574       0x10 /home/tomoaki/.p2/pool/plugins/fr.ac6.mcu.externaltools.arm-none.linux64_1.17.0.201812190825/tools/compiler/bin/../lib/gcc/arm-none-eabi/7.3.1/../../../../arm-none-eabi/lib/thumb/v6-m/libc_nano.a(lib_a-findfp.o)
                0x0000000008013574                _cleanup_r
 .text.__sfmoreglue
                0x0000000008013584       0x2c /home/tomoaki/.p2/pool/plugins/fr.ac6.mcu.externaltools.arm-none.linux64_1.17.0.201812190825/tools/compiler/bin/../lib/gcc/arm-none-eabi/7.3.1/../../../../arm-none-eabi/lib/thumb/v6-m/libc_nano.a(lib_a-findfp.o)
                0x0000000008013584                __sfmoreglue
 .text.__sinit  0x00000000080135b0       0x68 /home/tomoaki/.p2/pool/plugins/fr.ac6.mcu.externaltools.arm-none.linux64_1.17.0.201812190825/tools/compiler/bin/../lib/gcc/arm-none-eabi/7.3.1/../../../../arm-none-eabi/lib/thumb/v6-m/libc_nano.a(lib_a-findfp.o)
                0x00000000080135b0                __sinit
 .text.__sfp    0x0000000008013618       0x7c /home/tomoaki/.p2/pool/plugins/fr.ac6.mcu.externaltools.arm-none.linux64_1.17.0.201812190825/tools/compiler/bin/../lib/gcc/arm-none-eabi/7.3.1/../../../../arm-none-eabi/lib/thumb/v6-m/libc_nano.a(lib_a-findfp.o)
                0x0000000008013618                __sfp
 .text._fwalk_reent
                0x0000000008013694       0x42 /home/tomoaki/.p2/pool/plugins/fr.ac6.mcu.externaltools.arm-none.linux64_1.17.0.201812190825/tools/compiler/bin/../lib/gcc/arm-none-eabi/7.3.1/../../../../arm-none-eabi/lib/thumb/v6-m/libc_nano.a(lib_a-fwalk.o)
                0x0000000008013694                _fwalk_reent
 *fill*         0x00000000080136d6        0x2 
 .text._localeconv_r
                0x00000000080136d8       0x18 /home/tomoaki/.p2/pool/plugins/fr.ac6.mcu.externaltools.arm-none.linux64_1.17.0.201812190825/tools/compiler/bin/../lib/gcc/arm-none-eabi/7.3.1/../../../../arm-none-eabi/lib/thumb/v6-m/libc_nano.a(lib_a-localeconv.o)
                0x00000000080136d8                _localeconv_r
 .text.__swhatbuf_r
                0x00000000080136f0       0x50 /home/tomoaki/.p2/pool/plugins/fr.ac6.mcu.externaltools.arm-none.linux64_1.17.0.201812190825/tools/compiler/bin/../lib/gcc/arm-none-eabi/7.3.1/../../../../arm-none-eabi/lib/thumb/v6-m/libc_nano.a(lib_a-makebuf.o)
                0x00000000080136f0                __swhatbuf_r
 .text.__smakebuf_r
                0x0000000008013740       0x88 /home/tomoaki/.p2/pool/plugins/fr.ac6.mcu.externaltools.arm-none.linux64_1.17.0.201812190825/tools/compiler/bin/../lib/gcc/arm-none-eabi/7.3.1/../../../../arm-none-eabi/lib/thumb/v6-m/libc_nano.a(lib_a-makebuf.o)
                0x0000000008013740                __smakebuf_r
 .text.memchr   0x00000000080137c8       0x16 /home/tomoaki/.p2/pool/plugins/fr.ac6.mcu.externaltools.arm-none.linux64_1.17.0.201812190825/tools/compiler/bin/../lib/gcc/arm-none-eabi/7.3.1/../../../../arm-none-eabi/lib/thumb/v6-m/libc_nano.a(lib_a-memchr-stub.o)
                0x00000000080137c8                memchr
 .text.memcpy   0x00000000080137de       0x12 /home/tomoaki/.p2/pool/plugins/fr.ac6.mcu.externaltools.arm-none.linux64_1.17.0.201812190825/tools/compiler/bin/../lib/gcc/arm-none-eabi/7.3.1/../../../../arm-none-eabi/lib/thumb/v6-m/libc_nano.a(lib_a-memcpy-stub.o)
                0x00000000080137de                memcpy
 .text.__malloc_lock
                0x00000000080137f0        0x2 /home/tomoaki/.p2/pool/plugins/fr.ac6.mcu.externaltools.arm-none.linux64_1.17.0.201812190825/tools/compiler/bin/../lib/gcc/arm-none-eabi/7.3.1/../../../../arm-none-eabi/lib/thumb/v6-m/libc_nano.a(lib_a-mlock.o)
                0x00000000080137f0                __malloc_lock
 .text.__malloc_unlock
                0x00000000080137f2        0x2 /home/tomoaki/.p2/pool/plugins/fr.ac6.mcu.externaltools.arm-none.linux64_1.17.0.201812190825/tools/compiler/bin/../lib/gcc/arm-none-eabi/7.3.1/../../../../arm-none-eabi/lib/thumb/v6-m/libc_nano.a(lib_a-mlock.o)
                0x00000000080137f2                __malloc_unlock
 .text._Balloc  0x00000000080137f4       0x70 /home/tomoaki/.p2/pool/plugins/fr.ac6.mcu.externaltools.arm-none.linux64_1.17.0.201812190825/tools/compiler/bin/../lib/gcc/arm-none-eabi/7.3.1/../../../../arm-none-eabi/lib/thumb/v6-m/libc_nano.a(lib_a-mprec.o)
                0x00000000080137f4                _Balloc
 .text._Bfree   0x0000000008013864       0x32 /home/tomoaki/.p2/pool/plugins/fr.ac6.mcu.externaltools.arm-none.linux64_1.17.0.201812190825/tools/compiler/bin/../lib/gcc/arm-none-eabi/7.3.1/../../../../arm-none-eabi/lib/thumb/v6-m/libc_nano.a(lib_a-mprec.o)
                0x0000000008013864                _Bfree
 .text.__multadd
                0x0000000008013896       0x7c /home/tomoaki/.p2/pool/plugins/fr.ac6.mcu.externaltools.arm-none.linux64_1.17.0.201812190825/tools/compiler/bin/../lib/gcc/arm-none-eabi/7.3.1/../../../../arm-none-eabi/lib/thumb/v6-m/libc_nano.a(lib_a-mprec.o)
                0x0000000008013896                __multadd
 .text.__hi0bits
                0x0000000008013912       0x34 /home/tomoaki/.p2/pool/plugins/fr.ac6.mcu.externaltools.arm-none.linux64_1.17.0.201812190825/tools/compiler/bin/../lib/gcc/arm-none-eabi/7.3.1/../../../../arm-none-eabi/lib/thumb/v6-m/libc_nano.a(lib_a-mprec.o)
                0x0000000008013912                __hi0bits
 .text.__lo0bits
                0x0000000008013946       0x5e /home/tomoaki/.p2/pool/plugins/fr.ac6.mcu.externaltools.arm-none.linux64_1.17.0.201812190825/tools/compiler/bin/../lib/gcc/arm-none-eabi/7.3.1/../../../../arm-none-eabi/lib/thumb/v6-m/libc_nano.a(lib_a-mprec.o)
                0x0000000008013946                __lo0bits
 .text.__i2b    0x00000000080139a4       0x12 /home/tomoaki/.p2/pool/plugins/fr.ac6.mcu.externaltools.arm-none.linux64_1.17.0.201812190825/tools/compiler/bin/../lib/gcc/arm-none-eabi/7.3.1/../../../../arm-none-eabi/lib/thumb/v6-m/libc_nano.a(lib_a-mprec.o)
                0x00000000080139a4                __i2b
 .text.__multiply
                0x00000000080139b6      0x11e /home/tomoaki/.p2/pool/plugins/fr.ac6.mcu.externaltools.arm-none.linux64_1.17.0.201812190825/tools/compiler/bin/../lib/gcc/arm-none-eabi/7.3.1/../../../../arm-none-eabi/lib/thumb/v6-m/libc_nano.a(lib_a-mprec.o)
                0x00000000080139b6                __multiply
 .text.__pow5mult
                0x0000000008013ad4       0xa4 /home/tomoaki/.p2/pool/plugins/fr.ac6.mcu.externaltools.arm-none.linux64_1.17.0.201812190825/tools/compiler/bin/../lib/gcc/arm-none-eabi/7.3.1/../../../../arm-none-eabi/lib/thumb/v6-m/libc_nano.a(lib_a-mprec.o)
                0x0000000008013ad4                __pow5mult
 .text.__lshift
                0x0000000008013b78       0xa4 /home/tomoaki/.p2/pool/plugins/fr.ac6.mcu.externaltools.arm-none.linux64_1.17.0.201812190825/tools/compiler/bin/../lib/gcc/arm-none-eabi/7.3.1/../../../../arm-none-eabi/lib/thumb/v6-m/libc_nano.a(lib_a-mprec.o)
                0x0000000008013b78                __lshift
 .text.__mcmp   0x0000000008013c1c       0x34 /home/tomoaki/.p2/pool/plugins/fr.ac6.mcu.externaltools.arm-none.linux64_1.17.0.201812190825/tools/compiler/bin/../lib/gcc/arm-none-eabi/7.3.1/../../../../arm-none-eabi/lib/thumb/v6-m/libc_nano.a(lib_a-mprec.o)
                0x0000000008013c1c                __mcmp
 .text.__mdiff  0x0000000008013c50       0xc8 /home/tomoaki/.p2/pool/plugins/fr.ac6.mcu.externaltools.arm-none.linux64_1.17.0.201812190825/tools/compiler/bin/../lib/gcc/arm-none-eabi/7.3.1/../../../../arm-none-eabi/lib/thumb/v6-m/libc_nano.a(lib_a-mprec.o)
                0x0000000008013c50                __mdiff
 .text.__d2b    0x0000000008013d18       0xa8 /home/tomoaki/.p2/pool/plugins/fr.ac6.mcu.externaltools.arm-none.linux64_1.17.0.201812190825/tools/compiler/bin/../lib/gcc/arm-none-eabi/7.3.1/../../../../arm-none-eabi/lib/thumb/v6-m/libc_nano.a(lib_a-mprec.o)
                0x0000000008013d18                __d2b
 .text.__ssputs_r
                0x0000000008013dc0       0xc4 /home/tomoaki/.p2/pool/plugins/fr.ac6.mcu.externaltools.arm-none.linux64_1.17.0.201812190825/tools/compiler/bin/../lib/gcc/arm-none-eabi/7.3.1/../../../../arm-none-eabi/lib/thumb/v6-m/libc_nano.a(lib_a-nano-svfprintf.o)
                0x0000000008013dc0                __ssputs_r
 .text._svfprintf_r
                0x0000000008013e84      0x1fc /home/tomoaki/.p2/pool/plugins/fr.ac6.mcu.externaltools.arm-none.linux64_1.17.0.201812190825/tools/compiler/bin/../lib/gcc/arm-none-eabi/7.3.1/../../../../arm-none-eabi/lib/thumb/v6-m/libc_nano.a(lib_a-nano-svfprintf.o)
                0x0000000008013e84                _svfprintf_r
                0x0000000008013e84                _svfiprintf_r
 .text.__sfputc_r
                0x0000000008014080       0x2a /home/tomoaki/.p2/pool/plugins/fr.ac6.mcu.externaltools.arm-none.linux64_1.17.0.201812190825/tools/compiler/bin/../lib/gcc/arm-none-eabi/7.3.1/../../../../arm-none-eabi/lib/thumb/v6-m/libc_nano.a(lib_a-nano-vfprintf.o)
 .text.__sfputs_r
                0x00000000080140aa       0x24 /home/tomoaki/.p2/pool/plugins/fr.ac6.mcu.externaltools.arm-none.linux64_1.17.0.201812190825/tools/compiler/bin/../lib/gcc/arm-none-eabi/7.3.1/../../../../arm-none-eabi/lib/thumb/v6-m/libc_nano.a(lib_a-nano-vfprintf.o)
                0x00000000080140aa                __sfputs_r
 *fill*         0x00000000080140ce        0x2 
 .text._vfprintf_r
                0x00000000080140d0      0x22c /home/tomoaki/.p2/pool/plugins/fr.ac6.mcu.externaltools.arm-none.linux64_1.17.0.201812190825/tools/compiler/bin/../lib/gcc/arm-none-eabi/7.3.1/../../../../arm-none-eabi/lib/thumb/v6-m/libc_nano.a(lib_a-nano-vfprintf.o)
                0x00000000080140d0                _vfiprintf_r
                0x00000000080140d0                _vfprintf_r
 .text.__sread  0x00000000080142fc       0x28 /home/tomoaki/.p2/pool/plugins/fr.ac6.mcu.externaltools.arm-none.linux64_1.17.0.201812190825/tools/compiler/bin/../lib/gcc/arm-none-eabi/7.3.1/../../../../arm-none-eabi/lib/thumb/v6-m/libc_nano.a(lib_a-stdio.o)
                0x00000000080142fc                __sread
 .text.__swrite
                0x0000000008014324       0x38 /home/tomoaki/.p2/pool/plugins/fr.ac6.mcu.externaltools.arm-none.linux64_1.17.0.201812190825/tools/compiler/bin/../lib/gcc/arm-none-eabi/7.3.1/../../../../arm-none-eabi/lib/thumb/v6-m/libc_nano.a(lib_a-stdio.o)
                0x0000000008014324                __swrite