Archive member included to satisfy reference by file (symbol)

/home/tomoaki/.p2/pool/plugins/fr.ac6.mcu.externaltools.arm-none.linux64_1.17.0.201812190825/tools/compiler/bin/../lib/gcc/arm-none-eabi/7.3.1/../../../../arm-none-eabi/lib/thumb/v6-m/libm.a(lib_a-s_ceil.o)
                              LoRaEz/sx1276/sx1276.o (ceil)
/home/tomoaki/.p2/pool/plugins/fr.ac6.mcu.externaltools.arm-none.linux64_1.17.0.201812190825/tools/compiler/bin/../lib/gcc/arm-none-eabi/7.3.1/../../../../arm-none-eabi/lib/thumb/v6-m/libm.a(lib_a-s_floor.o)
                              LoRaEz/rtc.o (floor)
/home/tomoaki/.p2/pool/plugins/fr.ac6.mcu.externaltools.arm-none.linux64_1.17.0.201812190825/tools/compiler/bin/../lib/gcc/arm-none-eabi/7.3.1/../../../../arm-none-eabi/lib/thumb/v6-m/libm.a(lib_a-s_round.o)
                              LoRaEz/sx1276/sx1276.o (round)
/home/tomoaki/.p2/pool/plugins/fr.ac6.mcu.externaltools.arm-none.linux64_1.17.0.201812190825/tools/compiler/bin/../lib/gcc/arm-none-eabi/7.3.1/thumb/v6-m/libgcc.a(_udivsi3.o)
                              LoRaEz/device.o (__aeabi_uidiv)
/home/tomoaki/.p2/pool/plugins/fr.ac6.mcu.externaltools.arm-none.linux64_1.17.0.201812190825/tools/compiler/bin/../lib/gcc/arm-none-eabi/7.3.1/thumb/v6-m/libgcc.a(_divsi3.o)
                              LoRaEz/device.o (__aeabi_idiv)
/home/tomoaki/.p2/pool/plugins/fr.ac6.mcu.externaltools.arm-none.linux64_1.17.0.201812190825/tools/compiler/bin/../lib/gcc/arm-none-eabi/7.3.1/thumb/v6-m/libgcc.a(_dvmd_tls.o)
                              /home/tomoaki/.p2/pool/plugins/fr.ac6.mcu.externaltools.arm-none.linux64_1.17.0.201812190825/tools/compiler/bin/../lib/gcc/arm-none-eabi/7.3.1/thumb/v6-m/libgcc.a(_udivsi3.o) (__aeabi_idiv0)
/home/tomoaki/.p2/pool/plugins/fr.ac6.mcu.externaltools.arm-none.linux64_1.17.0.201812190825/tools/compiler/bin/../lib/gcc/arm-none-eabi/7.3.1/thumb/v6-m/libgcc.a(_arm_cmpdf2.o)
                              LoRaEz/sx1276/sx1276.o (__aeabi_dcmpgt)
/home/tomoaki/.p2/pool/plugins/fr.ac6.mcu.externaltools.arm-none.linux64_1.17.0.201812190825/tools/compiler/bin/../lib/gcc/arm-none-eabi/7.3.1/thumb/v6-m/libgcc.a(_arm_cmpsf2.o)
                              LoRaEz/rtc.o (__aeabi_fcmplt)
/home/tomoaki/.p2/pool/plugins/fr.ac6.mcu.externaltools.arm-none.linux64_1.17.0.201812190825/tools/compiler/bin/../lib/gcc/arm-none-eabi/7.3.1/thumb/v6-m/libgcc.a(_aeabi_ldivmod.o)
                              LoRaEz/rtc.o (__aeabi_ldivmod)
/home/tomoaki/.p2/pool/plugins/fr.ac6.mcu.externaltools.arm-none.linux64_1.17.0.201812190825/tools/compiler/bin/../lib/gcc/arm-none-eabi/7.3.1/thumb/v6-m/libgcc.a(_aeabi_uldivmod.o)
                              LoRaEz/rtc.o (__aeabi_uldivmod)
/home/tomoaki/.p2/pool/plugins/fr.ac6.mcu.externaltools.arm-none.linux64_1.17.0.201812190825/tools/compiler/bin/../lib/gcc/arm-none-eabi/7.3.1/thumb/v6-m/libgcc.a(_fixunssfsi.o)
                              LoRaEz/rtc.o (__aeabi_f2uiz)
/home/tomoaki/.p2/pool/plugins/fr.ac6.mcu.externaltools.arm-none.linux64_1.17.0.201812190825/tools/compiler/bin/../lib/gcc/arm-none-eabi/7.3.1/thumb/v6-m/libgcc.a(_fixunsdfsi.o)
                              LoRaEz/device.o (__aeabi_d2uiz)
/home/tomoaki/.p2/pool/plugins/fr.ac6.mcu.externaltools.arm-none.linux64_1.17.0.201812190825/tools/compiler/bin/../lib/gcc/arm-none-eabi/7.3.1/thumb/v6-m/libgcc.a(_udivmoddi4.o)
                              /home/tomoaki/.p2/pool/plugins/fr.ac6.mcu.externaltools.arm-none.linux64_1.17.0.201812190825/tools/compiler/bin/../lib/gcc/arm-none-eabi/7.3.1/thumb/v6-m/libgcc.a(_aeabi_uldivmod.o) (__udivmoddi4)
/home/tomoaki/.p2/pool/plugins/fr.ac6.mcu.externaltools.arm-none.linux64_1.17.0.201812190825/tools/compiler/bin/../lib/gcc/arm-none-eabi/7.3.1/thumb/v6-m/libgcc.a(bpabi.o)
                              /home/tomoaki/.p2/pool/plugins/fr.ac6.mcu.externaltools.arm-none.linux64_1.17.0.201812190825/tools/compiler/bin/../lib/gcc/arm-none-eabi/7.3.1/thumb/v6-m/libgcc.a(_aeabi_ldivmod.o) (__gnu_ldivmod_helper)
/home/tomoaki/.p2/pool/plugins/fr.ac6.mcu.externaltools.arm-none.linux64_1.17.0.201812190825/tools/compiler/bin/../lib/gcc/arm-none-eabi/7.3.1/thumb/v6-m/libgcc.a(addsf3.o)
                              LoRaEz/rtc.o (__aeabi_fadd)
/home/tomoaki/.p2/pool/plugins/fr.ac6.mcu.externaltools.arm-none.linux64_1.17.0.201812190825/tools/compiler/bin/../lib/gcc/arm-none-eabi/7.3.1/thumb/v6-m/libgcc.a(divsf3.o)
                              LoRaEz/rtc.o (__aeabi_fdiv)
/home/tomoaki/.p2/pool/plugins/fr.ac6.mcu.externaltools.arm-none.linux64_1.17.0.201812190825/tools/compiler/bin/../lib/gcc/arm-none-eabi/7.3.1/thumb/v6-m/libgcc.a(eqsf2.o)
                              /home/tomoaki/.p2/pool/plugins/fr.ac6.mcu.externaltools.arm-none.linux64_1.17.0.201812190825/tools/compiler/bin/../lib/gcc/arm-none-eabi/7.3.1/thumb/v6-m/libgcc.a(_arm_cmpsf2.o) (__eqsf2)
[...]
Memory Configuration

Name             Origin             Length             Attributes
FLASH            0x0000000008000000 0x0000000000030000 xr
RAM              0x0000000020000000 0x0000000000005000 xrw
*default*        0x0000000000000000 0xffffffffffffffff

Linker script and memory map

LOAD /home/tomoaki/.p2/pool/plugins/fr.ac6.mcu.externaltools.arm-none.linux64_1.17.0.201812190825/tools/compiler/bin/../lib/gcc/arm-none-eabi/7.3.1/thumb/v6-m/crti.o
LOAD /home/tomoaki/.p2/pool/plugins/fr.ac6.mcu.externaltools.arm-none.linux64_1.17.0.201812190825/tools/compiler/bin/../lib/gcc/arm-none-eabi/7.3.1/thumb/v6-m/crtbegin.o
LOAD /home/tomoaki/.p2/pool/plugins/fr.ac6.mcu.externaltools.arm-none.linux64_1.17.0.201812190825/tools/compiler/bin/../lib/gcc/arm-none-eabi/7.3.1/../../../../arm-none-eabi/lib/thumb/v6-m/crt0.o
LOAD AppSrc/modemRx.o
LOAD LoRaEz/adc.o
LOAD LoRaEz/delay.o
LOAD LoRaEz/device.o
LOAD LoRaEz/eeprom-board.o
LOAD LoRaEz/eeprom.o
LOAD LoRaEz/fifo.o
LOAD LoRaEz/gpio.o
LOAD LoRaEz/i2c.o
LOAD LoRaEz/lpm.o
LOAD LoRaEz/nvmm.o
LOAD LoRaEz/rtc.o
LOAD LoRaEz/spi.o
LOAD LoRaEz/sx1276-device.o
LOAD LoRaEz/systime.o
LOAD LoRaEz/timer.o
LOAD LoRaEz/uart.o
LOAD LoRaEz/mcu/STM32L0xx_HAL_Driver/Src/stm32l0xx_hal.o
LOAD LoRaEz/mcu/STM32L0xx_HAL_Driver/Src/stm32l0xx_hal_adc.o
LOAD LoRaEz/mcu/STM32L0xx_HAL_Driver/Src/stm32l0xx_hal_adc_ex.o
LOAD LoRaEz/mcu/STM32L0xx_HAL_Driver/Src/stm32l0xx_hal_comp.o
LOAD LoRaEz/mcu/STM32L0xx_HAL_Driver/Src/stm32l0xx_hal_comp_ex.o
LOAD LoRaEz/mcu/STM32L0xx_HAL_Driver/Src/stm32l0xx_hal_cortex.o
LOAD LoRaEz/mcu/STM32L0xx_HAL_Driver/Src/stm32l0xx_hal_crc.o
LOAD LoRaEz/mcu/STM32L0xx_HAL_Driver/Src/stm32l0xx_hal_crc_ex.o
LOAD LoRaEz/mcu/STM32L0xx_HAL_Driver/Src/stm32l0xx_hal_cryp.o
LOAD LoRaEz/mcu/STM32L0xx_HAL_Driver/Src/stm32l0xx_hal_cryp_ex.o
LOAD LoRaEz/mcu/STM32L0xx_HAL_Driver/Src/stm32l0xx_hal_dac.o
LOAD LoRaEz/mcu/STM32L0xx_HAL_Driver/Src/stm32l0xx_hal_dac_ex.o
LOAD LoRaEz/mcu/STM32L0xx_HAL_Driver/Src/stm32l0xx_hal_dma.o
LOAD LoRaEz/mcu/STM32L0xx_HAL_Driver/Src/stm32l0xx_hal_firewall.o
LOAD LoRaEz/mcu/STM32L0xx_HAL_Driver/Src/stm32l0xx_hal_flash.o
LOAD LoRaEz/mcu/STM32L0xx_HAL_Driver/Src/stm32l0xx_hal_flash_ex.o
LOAD LoRaEz/mcu/STM32L0xx_HAL_Driver/Src/stm32l0xx_hal_flash_ramfunc.o
LOAD LoRaEz/mcu/STM32L0xx_HAL_Driver/Src/stm32l0xx_hal_gpio.o
LOAD LoRaEz/mcu/STM32L0xx_HAL_Driver/Src/stm32l0xx_hal_i2c.o
LOAD LoRaEz/mcu/STM32L0xx_HAL_Driver/Src/stm32l0xx_hal_i2c_ex.o
LOAD LoRaEz/mcu/STM32L0xx_HAL_Driver/Src/stm32l0xx_hal_i2s.o
LOAD LoRaEz/mcu/STM32L0xx_HAL_Driver/Src/stm32l0xx_hal_irda.o
LOAD LoRaEz/mcu/STM32L0xx_HAL_Driver/Src/stm32l0xx_hal_iwdg.o
LOAD LoRaEz/mcu/STM32L0xx_HAL_Driver/Src/stm32l0xx_hal_lcd.o
LOAD LoRaEz/mcu/STM32L0xx_HAL_Driver/Src/stm32l0xx_hal_lptim.o
LOAD LoRaEz/mcu/STM32L0xx_HAL_Driver/Src/stm32l0xx_hal_msp_template.o
LOAD LoRaEz/mcu/STM32L0xx_HAL_Driver/Src/stm32l0xx_hal_pcd.o
LOAD LoRaEz/mcu/STM32L0xx_HAL_Driver/Src/stm32l0xx_hal_pcd_ex.o
LOAD LoRaEz/mcu/STM32L0xx_HAL_Driver/Src/stm32l0xx_hal_pwr.o
LOAD LoRaEz/mcu/STM32L0xx_HAL_Driver/Src/stm32l0xx_hal_pwr_ex.o
LOAD LoRaEz/mcu/STM32L0xx_HAL_Driver/Src/stm32l0xx_hal_rcc.o
LOAD LoRaEz/mcu/STM32L0xx_HAL_Driver/Src/stm32l0xx_hal_rcc_ex.o
LOAD LoRaEz/mcu/STM32L0xx_HAL_Driver/Src/stm32l0xx_hal_rng.o
LOAD LoRaEz/mcu/STM32L0xx_HAL_Driver/Src/stm32l0xx_hal_rtc.o
LOAD LoRaEz/mcu/STM32L0xx_HAL_Driver/Src/stm32l0xx_hal_rtc_ex.o
LOAD LoRaEz/mcu/STM32L0xx_HAL_Driver/Src/stm32l0xx_hal_smartcard.o
LOAD LoRaEz/mcu/STM32L0xx_HAL_Driver/Src/stm32l0xx_hal_smartcard_ex.o
LOAD LoRaEz/mcu/STM32L0xx_HAL_Driver/Src/stm32l0xx_hal_smbus.o
LOAD LoRaEz/mcu/STM32L0xx_HAL_Driver/Src/stm32l0xx_hal_spi.o
LOAD LoRaEz/mcu/STM32L0xx_HAL_Driver/Src/stm32l0xx_hal_tim.o
LOAD LoRaEz/mcu/STM32L0xx_HAL_Driver/Src/stm32l0xx_hal_tim_ex.o
LOAD LoRaEz/mcu/STM32L0xx_HAL_Driver/Src/stm32l0xx_hal_tsc.o
LOAD LoRaEz/mcu/STM32L0xx_HAL_Driver/Src/stm32l0xx_hal_uart.o
LOAD LoRaEz/mcu/STM32L0xx_HAL_Driver/Src/stm32l0xx_hal_uart_ex.o
LOAD LoRaEz/mcu/STM32L0xx_HAL_Driver/Src/stm32l0xx_hal_usart.o
LOAD LoRaEz/mcu/STM32L0xx_HAL_Driver/Src/stm32l0xx_hal_wwdg.o
LOAD LoRaEz/mcu/cmsis/arm-gcc/startup_stm32l082xx.o
LOAD LoRaEz/mcu/cmsis/system_stm32l0xx.o
LOAD LoRaEz/sx1276/sx1276.o
LOAD LoRaLink/LoRaLink.o
LOAD LoRaLink/LoRaLinkApi.o
LOAD LoRaLink/LoRaLinkCrypto.o
LOAD MQTTSN/MQTTSNTopic.o
LOAD System/Payload.o
LOAD System/Peripheral.o
LOAD System/TaskMgmt.o
LOAD System/utilities.o
LOAD System/soft-se/aes.o
LOAD System/soft-se/cmac.o
LOAD /home/tomoaki/.p2/pool/plugins/fr.ac6.mcu.externaltools.arm-none.linux64_1.17.0.201812190825/tools/compiler/bin/../lib/gcc/arm-none-eabi/7.3.1/../../../../arm-none-eabi/lib/thumb/v6-m/libm.a
START GROUP
LOAD /home/tomoaki/.p2/pool/plugins/fr.ac6.mcu.externaltools.arm-none.linux64_1.17.0.201812190825/tools/compiler/bin/../lib/gcc/arm-none-eabi/7.3.1/thumb/v6-m/libgcc.a
LOAD /home/tomoaki/.p2/pool/plugins/fr.ac6.mcu.externaltools.arm-none.linux64_1.17.0.201812190825/tools/compiler/bin/../lib/gcc/arm-none-eabi/7.3.1/../../../../arm-none-eabi/lib/thumb/v6-m/libc_nano.a
END GROUP
START GROUP
LOAD /home/tomoaki/.p2/pool/plugins/fr.ac6.mcu.externaltools.arm-none.linux64_1.17.0.201812190825/tools/compiler/bin/../lib/gcc/arm-none-eabi/7.3.1/thumb/v6-m/libgcc.a
LOAD /home/tomoaki/.p2/pool/plugins/fr.ac6.mcu.externaltools.arm-none.linux64_1.17.0.201812190825/tools/compiler/bin/../lib/gcc/arm-none-eabi/7.3.1/../../../../arm-none-eabi/lib/thumb/v6-m/libc_nano.a
LOAD /home/tomoaki/.p2/pool/plugins/fr.ac6.mcu.externaltools.arm-none.linux64_1.17.0.201812190825/tools/compiler/bin/../lib/gcc/arm-none-eabi/7.3.1/../../../../arm-none-eabi/lib/thumb/v6-m/libnosys.a
END GROUP
START GROUP
LOAD /home/tomoaki/.p2/pool/plugins/fr.ac6.mcu.externaltools.arm-none.linux64_1.17.0.201812190825/tools/compiler/bin/../lib/gcc/arm-none-eabi/7.3.1/thumb/v6-m/libgcc.a
LOAD /home/tomoaki/.p2/pool/plugins/fr.ac6.mcu.externaltools.arm-none.linux64_1.17.0.201812190825/tools/compiler/bin/../lib/gcc/arm-none-eabi/7.3.1/../../../../arm-none-eabi/lib/thumb/v6-m/libc_nano.a
LOAD /home/tomoaki/.p2/pool/plugins/fr.ac6.mcu.externaltools.arm-none.linux64_1.17.0.201812190825/tools/compiler/bin/../lib/gcc/arm-none-eabi/7.3.1/../../../../arm-none-eabi/lib/thumb/v6-m/libnosys.a
END GROUP
LOAD /home/tomoaki/.p2/pool/plugins/fr.ac6.mcu.externaltools.arm-none.linux64_1.17.0.201812190825/tools/compiler/bin/../lib/gcc/arm-none-eabi/7.3.1/thumb/v6-m/crtend.o
LOAD /home/tomoaki/.p2/pool/plugins/fr.ac6.mcu.externaltools.arm-none.linux64_1.17.0.201812190825/tools/compiler/bin/../lib/gcc/arm-none-eabi/7.3.1/thumb/v6-m/crtn.o

.text           0x0000000008000000    0x10ce4
 *(.isr_vector)
 .isr_vector    0x0000000008000000       0xc0 LoRaEz/mcu/cmsis/arm-gcc/startup_stm32l082xx.o
                0x0000000008000000                g_pfnVectors
 *(.text*)
 .text          0x00000000080000c0       0x48 /home/tomoaki/.p2/pool/plugins/fr.ac6.mcu.externaltools.arm-none.linux64_1.17.0.201812190825/tools/compiler/bin/../lib/gcc/arm-none-eabi/7.3.1/thumb/v6-m/crtbegin.o
 .text.start    0x0000000008000108       0x40 AppSrc/modemRx.o
                0x0000000008000108                start
 .text.AdcInit  0x0000000008000148       0x98 LoRaEz/adc.o
                0x0000000008000148                AdcInit
 .text.AdcReadChannel
                0x00000000080001e0       0xcc LoRaEz/adc.o
                0x00000000080001e0                AdcReadChannel
 .text.DelayMs  0x00000000080002ac        0x8 LoRaEz/delay.o
                0x00000000080002ac                DelayMs
 .text.OnCalibrateSystemWakeupTimeTimerEvent
                0x00000000080002b4       0x14 LoRaEz/device.o
 .text.sleep    0x00000000080002c8        0x4 LoRaEz/device.o
                0x00000000080002c8                sleep
 .text.wakeup   0x00000000080002cc        0x4 LoRaEz/device.o
                0x00000000080002cc                wakeup
 .text.DeviceGetInt0
                0x00000000080002d0        0xc LoRaEz/device.o
                0x00000000080002d0                DeviceGetInt0
 .text.DeviceGetInt1
                0x00000000080002dc        0xc LoRaEz/device.o
                0x00000000080002dc                DeviceGetInt1
 .text.DeviceSetBaudeRate
                0x00000000080002e8        0xc LoRaEz/device.o
                0x00000000080002e8                DeviceSetBaudeRate
 .text.DeviceCriticalSectionBegin
                0x00000000080002f4        0xc LoRaEz/device.o
                0x00000000080002f4                DeviceCriticalSectionBegin
 .text.DeviceCriticalSectionEnd
                0x0000000008000300        0x8 LoRaEz/device.o
                0x0000000008000300                DeviceCriticalSectionEnd
 .text.DeviceInitMcu
                0x0000000008000308      0x258 LoRaEz/device.o
                0x0000000008000308                DeviceInitMcu
 .text.SysTick_Handler
                0x0000000008000560        0xc LoRaEz/device.o
                0x0000000008000560                SysTick_Handler
 .text.LpmEnterStopMode
                0x000000000800056c       0x64 LoRaEz/device.o
                0x000000000800056c                LpmEnterStopMode
 .text.LpmExitStopMode
                0x00000000080005d0       0x1c LoRaEz/device.o
                0x00000000080005d0                LpmExitStopMode
 .text.LpmEnterSleepMode
                0x00000000080005ec        0xc LoRaEz/device.o
                0x00000000080005ec                LpmEnterSleepMode
 .text.DeviceLowPowerHandler
                0x00000000080005f8       0x24 LoRaEz/device.o
                0x00000000080005f8                DeviceLowPowerHandler
 .text._write   0x000000000800061c       0x24 LoRaEz/device.o
                0x000000000800061c                _write
 .text._read    0x0000000008000640       0x40 LoRaEz/device.o
                0x0000000008000640                _read
 .text.FifoInit
                0x0000000008000680        0xc LoRaEz/fifo.o
                0x0000000008000680                FifoInit
 .text.FifoPush
                0x000000000800068c       0x18 LoRaEz/fifo.o
                0x000000000800068c                FifoPush
 .text.FifoPop  0x00000000080006a4       0x18 LoRaEz/fifo.o
                0x00000000080006a4                FifoPop
 .text.IsFifoEmpty
                0x00000000080006bc       0x10 LoRaEz/fifo.o
                0x00000000080006bc                IsFifoEmpty
 .text.IsFifoFull
                0x00000000080006cc       0x1c LoRaEz/fifo.o
                0x00000000080006cc                IsFifoFull
 .text.GpioInit
                0x00000000080006e8      0x11c LoRaEz/gpio.o
                0x00000000080006e8                GpioInit
 .text.GpioSetInterrupt
                0x0000000008000804       0xe8 LoRaEz/gpio.o
                0x0000000008000804                GpioSetInterrupt
 .text.GpioWrite
                0x00000000080008ec       0x18 LoRaEz/gpio.o
                0x00000000080008ec                GpioWrite
 .text.GpioRead
                0x0000000008000904       0x18 LoRaEz/gpio.o
                0x0000000008000904                GpioRead
 .text.EXTI0_1_IRQHandler
                0x000000000800091c       0x10 LoRaEz/gpio.o
                0x000000000800091c                EXTI0_1_IRQHandler
 .text.EXTI2_3_IRQHandler
                0x000000000800092c       0x10 LoRaEz/gpio.o
                0x000000000800092c                EXTI2_3_IRQHandler
 .text.EXTI4_15_IRQHandler
                0x000000000800093c       0x5c LoRaEz/gpio.o
                0x000000000800093c                EXTI4_15_IRQHandler
 .text.HAL_GPIO_EXTI_Callback
                0x0000000008000998       0x38 LoRaEz/gpio.o
                0x0000000008000998                HAL_GPIO_EXTI_Callback
 .text.I2cInit  0x00000000080009d0       0xd4 LoRaEz/i2c.o
                0x00000000080009d0                I2cInit
 .text.I2cDeInit
                0x0000000008000aa4       0x64 LoRaEz/i2c.o
                0x0000000008000aa4                I2cDeInit
 .text.LpmSetOffMode
                0x0000000008000b08       0x38 LoRaEz/lpm.o
                0x0000000008000b08                LpmSetOffMode
 .text.LpmSetStopMode
                0x0000000008000b40       0x38 LoRaEz/lpm.o
                0x0000000008000b40                LpmSetStopMode
 .text.LpmGetMode
                0x0000000008000b78       0x2c LoRaEz/lpm.o
                0x0000000008000b78                LpmGetMode
 .text.LpmExitSleepMode
                0x0000000008000ba4        0x4 LoRaEz/lpm.o
                0x0000000008000ba4                LpmExitSleepMode
 .text.LpmEnterOffMode
                0x0000000008000ba8        0x4 LoRaEz/lpm.o
                0x0000000008000ba8                LpmEnterOffMode
 .text.LpmExitOffMode
                0x0000000008000bac        0x4 LoRaEz/lpm.o
                0x0000000008000bac                LpmExitOffMode
 .text.LpmEnterLowPower
                0x0000000008000bb0       0x34 LoRaEz/lpm.o
                0x0000000008000bb0                LpmEnterLowPower
 .text.RtcInit  0x0000000008000be4      0x15c LoRaEz/rtc.o
                0x0000000008000be4                RtcInit
 .text.RtcSetTimerContext
                0x0000000008000d40       0xdc LoRaEz/rtc.o
                0x0000000008000d40                RtcSetTimerContext
 .text.RtcGetTimerContext
                0x0000000008000e1c        0xc LoRaEz/rtc.o
                0x0000000008000e1c                RtcGetTimerContext
 .text.RtcGetMinimumTimeout
                0x0000000008000e28        0x4 LoRaEz/rtc.o
                0x0000000008000e28                RtcGetMinimumTimeout
 .text.RtcMs2Tick
                0x0000000008000e2c       0x10 LoRaEz/rtc.o
                0x0000000008000e2c                RtcMs2Tick
 .text.RtcTick2Ms
                0x0000000008000e3c       0x20 LoRaEz/rtc.o
                0x0000000008000e3c                RtcTick2Ms
 .text.RtcStopAlarm
                0x0000000008000e5c       0x34 LoRaEz/rtc.o
                0x0000000008000e5c                RtcStopAlarm
 .text.RtcStartAlarm
                0x0000000008000e90      0x430 LoRaEz/rtc.o
                0x0000000008000e90                RtcStartAlarm
 .text.RtcSetAlarm
                0x00000000080012c0      0x130 LoRaEz/rtc.o
                0x00000000080012c0                RtcSetAlarm
 .text.RtcGetTimerValue
                0x00000000080013f0       0xc4 LoRaEz/rtc.o
                0x00000000080013f0                RtcGetTimerValue
 .text.RtcGetTimerElapsedTime
                0x00000000080014b4       0xd4 LoRaEz/rtc.o
                0x00000000080014b4                RtcGetTimerElapsedTime
 .text.RtcSetMcuWakeUpTime
                0x0000000008001588      0x138 LoRaEz/rtc.o
                0x0000000008001588                RtcSetMcuWakeUpTime
 .text.RtcGetCalendarTime
                0x00000000080016c0       0xe8 LoRaEz/rtc.o
                0x00000000080016c0                RtcGetCalendarTime
 .text.RTC_IRQHandler
                0x00000000080017a8       0x44 LoRaEz/rtc.o
                0x00000000080017a8                RTC_IRQHandler
 .text.RtcBkupRead
                0x00000000080017ec       0x24 LoRaEz/rtc.o
                0x00000000080017ec                RtcBkupRead
 .text.SpiInit  0x0000000008001810      0x21c LoRaEz/spi.o
                0x0000000008001810                SpiInit
 .text.SpiDeInit
                0x0000000008001a2c       0x70 LoRaEz/spi.o
                0x0000000008001a2c                SpiDeInit
 .text.SpiInOut
                0x0000000008001a9c       0x50 LoRaEz/spi.o
                0x0000000008001a9c                SpiInOut
 .text.SX1276IoInit
                0x0000000008001aec       0x7c LoRaEz/sx1276-device.o
                0x0000000008001aec                SX1276IoInit
 .text.SX1276IoIrqInit
                0x0000000008001b68       0x50 LoRaEz/sx1276-device.o
                0x0000000008001b68                SX1276IoIrqInit
 .text.SX1276IoDeInit
                0x0000000008001bb8       0x7c LoRaEz/sx1276-device.o
                0x0000000008001bb8                SX1276IoDeInit
 .text.SX1276IoDbgInit
                0x0000000008001c34        0x4 LoRaEz/sx1276-device.o
                0x0000000008001c34                SX1276IoDbgInit
 .text.SX1276IoTcxoInit
                0x0000000008001c38       0x1c LoRaEz/sx1276-device.o
                0x0000000008001c38                SX1276IoTcxoInit
 .text.SX1276SetDeviceTcxo
                0x0000000008001c54       0x30 LoRaEz/sx1276-device.o
                0x0000000008001c54                SX1276SetDeviceTcxo
 .text.SX1276Reset
                0x0000000008001c84       0x60 LoRaEz/sx1276-device.o
                0x0000000008001c84                SX1276Reset
 .text.SX1276SetRfTxPower
                0x0000000008001ce4       0x8c LoRaEz/sx1276-device.o
                0x0000000008001ce4                SX1276SetRfTxPower
 .text.SX1276SetAntSwLowPower
                0x0000000008001d70       0x8c LoRaEz/sx1276-device.o
                0x0000000008001d70                SX1276SetAntSwLowPower
 .text.SX1276SetAntSw
                0x0000000008001dfc       0x38 LoRaEz/sx1276-device.o
                0x0000000008001dfc                SX1276SetAntSw
 .text.SysTimeGet
                0x0000000008001e34       0x58 LoRaEz/systime.o
                0x0000000008001e34                SysTimeGet
 .text.SysTimeSetTimeZone
                0x0000000008001e8c        0xc LoRaEz/systime.o
                0x0000000008001e8c                SysTimeSetTimeZone
 .text.TimerInit
                0x0000000008001e98       0x14 LoRaEz/timer.o
                0x0000000008001e98                TimerInit
 .text.TimerStart
                0x0000000008001eac       0xe0 LoRaEz/timer.o
                0x0000000008001eac                TimerStart
 .text.TimerIrqHandler
                0x0000000008001f8c       0xc0 LoRaEz/timer.o
                0x0000000008001f8c                TimerIrqHandler
 .text.TimerStop
                0x000000000800204c       0x90 LoRaEz/timer.o
                0x000000000800204c                TimerStop
 .text.TimerSetValue
                0x00000000080020dc       0xac LoRaEz/timer.o
                0x00000000080020dc                TimerSetValue
 .text.TimerGetCurrentTime
                0x0000000008002188        0xc LoRaEz/timer.o
                0x0000000008002188                TimerGetCurrentTime
 .text.TimerGetElapsedTime
                0x0000000008002194       0x20 LoRaEz/timer.o
                0x0000000008002194                TimerGetElapsedTime
 .text.UartMcuPutBuffer
                0x00000000080021b4      0x218 LoRaEz/uart.o
                0x00000000080021b4                UartMcuPutBuffer
 .text.UartMcuGetBuffer
                0x00000000080023cc       0x78 LoRaEz/uart.o
                0x00000000080023cc                UartMcuGetBuffer
 .text.HAL_UART_TxCpltCallback
                0x0000000008002444       0x44 LoRaEz/uart.o
                0x0000000008002444                HAL_UART_TxCpltCallback
 .text.HAL_UART_RxCpltCallback
                0x0000000008002488       0x44 LoRaEz/uart.o
                0x0000000008002488                HAL_UART_RxCpltCallback
 .text.HAL_UART_ErrorCallback
                0x00000000080024cc       0x14 LoRaEz/uart.o
                0x00000000080024cc                HAL_UART_ErrorCallback
 .text.USART1_IRQHandler
                0x00000000080024e0       0x10 LoRaEz/uart.o
                0x00000000080024e0                USART1_IRQHandler
 .text.UartInit
                0x00000000080024f0       0x6c LoRaEz/uart.o
                0x00000000080024f0                UartInit
 .text.UartConfig
                0x000000000800255c       0xdc LoRaEz/uart.o
                0x000000000800255c                UartConfig
 .text.UartDeInit
                0x0000000008002638       0x64 LoRaEz/uart.o
                0x0000000008002638                UartDeInit
 .text.UartPutChar
                0x000000000800269c       0x5c LoRaEz/uart.o
                0x000000000800269c                UartPutChar
 .text.UartGetChar
                0x00000000080026f8       0x48 LoRaEz/uart.o
                0x00000000080026f8                UartGetChar
 .text.HAL_InitTick
                0x0000000008002740       0x28 LoRaEz/mcu/STM32L0xx_HAL_Driver/Src/stm32l0xx_hal.o
                0x0000000008002740                HAL_InitTick
 .text.HAL_Init
                0x0000000008002768       0x20 LoRaEz/mcu/STM32L0xx_HAL_Driver/Src/stm32l0xx_hal.o
                0x0000000008002768                HAL_Init
 .text.HAL_IncTick
                0x0000000008002788       0x10 LoRaEz/mcu/STM32L0xx_HAL_Driver/Src/stm32l0xx_hal.o
                0x0000000008002788                HAL_IncTick
 .text.HAL_GetTick
                0x0000000008002798        0xc LoRaEz/mcu/STM32L0xx_HAL_Driver/Src/stm32l0xx_hal.o
                0x0000000008002798                HAL_GetTick
 .text.HAL_Delay
                0x00000000080027a4       0x1c LoRaEz/mcu/STM32L0xx_HAL_Driver/Src/stm32l0xx_hal.o
                0x00000000080027a4                HAL_Delay
 .text.HAL_SuspendTick
                0x00000000080027c0       0x10 LoRaEz/mcu/STM32L0xx_HAL_Driver/Src/stm32l0xx_hal.o
                0x00000000080027c0                HAL_SuspendTick
 .text.HAL_ResumeTick
                0x00000000080027d0       0x10 LoRaEz/mcu/STM32L0xx_HAL_Driver/Src/stm32l0xx_hal.o
                0x00000000080027d0                HAL_ResumeTick
 .text.HAL_DBGMCU_DisableDBGSleepMode
                0x00000000080027e0       0x10 LoRaEz/mcu/STM32L0xx_HAL_Driver/Src/stm32l0xx_hal.o
                0x00000000080027e0                HAL_DBGMCU_DisableDBGSleepMode
 .text.HAL_DBGMCU_DisableDBGStopMode
                0x00000000080027f0       0x10 LoRaEz/mcu/STM32L0xx_HAL_Driver/Src/stm32l0xx_hal.o
                0x00000000080027f0                HAL_DBGMCU_DisableDBGStopMode
 .text.HAL_DBGMCU_DisableDBGStandbyMode
                0x0000000008002800       0x10 LoRaEz/mcu/STM32L0xx_HAL_Driver/Src/stm32l0xx_hal.o
                0x0000000008002800                HAL_DBGMCU_DisableDBGStandbyMode
 .text.HAL_ADC_MspInit
                0x0000000008002810        0x4 LoRaEz/mcu/STM32L0xx_HAL_Driver/Src/stm32l0xx_hal_adc.o
                0x0000000008002810                HAL_ADC_MspInit
 .text.HAL_ADC_Init
                0x0000000008002814      0x1c8 LoRaEz/mcu/STM32L0xx_HAL_Driver/Src/stm32l0xx_hal_adc.o
                0x0000000008002814                HAL_ADC_Init
 .text.HAL_ADC_MspDeInit
                0x00000000080029dc        0x4 LoRaEz/mcu/STM32L0xx_HAL_Driver/Src/stm32l0xx_hal_adc.o
                0x00000000080029dc                HAL_ADC_MspDeInit
 .text.HAL_ADC_DeInit
                0x00000000080029e0      0x13c LoRaEz/mcu/STM32L0xx_HAL_Driver/Src/stm32l0xx_hal_adc.o
                0x00000000080029e0                HAL_ADC_DeInit
 .text.HAL_ADC_Start
                0x0000000008002b1c       0xe0 LoRaEz/mcu/STM32L0xx_HAL_Driver/Src/stm32l0xx_hal_adc.o
                0x0000000008002b1c                HAL_ADC_Start
 .text.HAL_ADC_PollForConversion
                0x0000000008002bfc       0xc0 LoRaEz/mcu/STM32L0xx_HAL_Driver/Src/stm32l0xx_hal_adc.o
                0x0000000008002bfc                HAL_ADC_PollForConversion
 .text.HAL_ADC_GetValue
                0x0000000008002cbc        0x8 LoRaEz/mcu/STM32L0xx_HAL_Driver/Src/stm32l0xx_hal_adc.o
                0x0000000008002cbc                HAL_ADC_GetValue
 .text.HAL_ADC_ConfigChannel
                0x0000000008002cc4       0xd4 LoRaEz/mcu/STM32L0xx_HAL_Driver/Src/stm32l0xx_hal_adc.o
                0x0000000008002cc4                HAL_ADC_ConfigChannel
 .text.HAL_ADCEx_Calibration_Start
                0x0000000008002d98       0xa8 LoRaEz/mcu/STM32L0xx_HAL_Driver/Src/stm32l0xx_hal_adc_ex.o
                0x0000000008002d98                HAL_ADCEx_Calibration_Start
 .text.HAL_NVIC_SetPriority
                0x0000000008002e40       0x58 LoRaEz/mcu/STM32L0xx_HAL_Driver/Src/stm32l0xx_hal_cortex.o
                0x0000000008002e40                HAL_NVIC_SetPriority
 .text.HAL_NVIC_EnableIRQ
                0x0000000008002e98       0x14 LoRaEz/mcu/STM32L0xx_HAL_Driver/Src/stm32l0xx_hal_cortex.o
                0x0000000008002e98                HAL_NVIC_EnableIRQ
 .text.HAL_SYSTICK_Config
                0x0000000008002eac       0x38 LoRaEz/mcu/STM32L0xx_HAL_Driver/Src/stm32l0xx_hal_cortex.o
                0x0000000008002eac                HAL_SYSTICK_Config
 .text.HAL_NVIC_GetPendingIRQ
                0x0000000008002ee4       0x18 LoRaEz/mcu/STM32L0xx_HAL_Driver/Src/stm32l0xx_hal_cortex.o
                0x0000000008002ee4                HAL_NVIC_GetPendingIRQ
 .text.HAL_SYSTICK_CLKSourceConfig
                0x0000000008002efc       0x1c LoRaEz/mcu/STM32L0xx_HAL_Driver/Src/stm32l0xx_hal_cortex.o
                0x0000000008002efc                HAL_SYSTICK_CLKSourceConfig
 .text.HAL_SYSTICK_Callback
                0x0000000008002f18        0x4 LoRaEz/mcu/STM32L0xx_HAL_Driver/Src/stm32l0xx_hal_cortex.o
                0x0000000008002f18                HAL_SYSTICK_Callback
 .text.HAL_SYSTICK_IRQHandler
                0x0000000008002f1c        0x8 LoRaEz/mcu/STM32L0xx_HAL_Driver/Src/stm32l0xx_hal_cortex.o
                0x0000000008002f1c                HAL_SYSTICK_IRQHandler
 .text.HAL_DMA_Abort_IT
                0x0000000008002f24       0xb4 LoRaEz/mcu/STM32L0xx_HAL_Driver/Src/stm32l0xx_hal_dma.o
                0x0000000008002f24                HAL_DMA_Abort_IT
 .text.HAL_GPIO_Init
                0x0000000008002fd8      0x1ec LoRaEz/mcu/STM32L0xx_HAL_Driver/Src/stm32l0xx_hal_gpio.o
                0x0000000008002fd8                HAL_GPIO_Init
 .text.HAL_GPIO_ReadPin
                0x00000000080031c4        0xc LoRaEz/mcu/STM32L0xx_HAL_Driver/Src/stm32l0xx_hal_gpio.o
                0x00000000080031c4                HAL_GPIO_ReadPin
 .text.HAL_GPIO_WritePin
                0x00000000080031d0        0xc LoRaEz/mcu/STM32L0xx_HAL_Driver/Src/stm32l0xx_hal_gpio.o
                0x00000000080031d0                HAL_GPIO_WritePin
 .text.HAL_GPIO_EXTI_IRQHandler
                0x00000000080031dc       0x18 LoRaEz/mcu/STM32L0xx_HAL_Driver/Src/stm32l0xx_hal_gpio.o
                0x00000000080031dc                HAL_GPIO_EXTI_IRQHandler
 .text.HAL_I2C_MspInit
                0x00000000080031f4        0x4 LoRaEz/mcu/STM32L0xx_HAL_Driver/Src/stm32l0xx_hal_i2c.o
                0x00000000080031f4                HAL_I2C_MspInit
 .text.HAL_I2C_Init
                0x00000000080031f8       0xb0 LoRaEz/mcu/STM32L0xx_HAL_Driver/Src/stm32l0xx_hal_i2c.o
                0x00000000080031f8                HAL_I2C_Init
 .text.HAL_I2C_MspDeInit
                0x00000000080032a8        0x4 LoRaEz/mcu/STM32L0xx_HAL_Driver/Src/stm32l0xx_hal_i2c.o
                0x00000000080032a8                HAL_I2C_MspDeInit
 .text.HAL_I2C_DeInit
                0x00000000080032ac       0x34 LoRaEz/mcu/STM32L0xx_HAL_Driver/Src/stm32l0xx_hal_i2c.o
                0x00000000080032ac                HAL_I2C_DeInit
 .text.HAL_I2CEx_ConfigAnalogFilter
                0x00000000080032e0       0x5c LoRaEz/mcu/STM32L0xx_HAL_Driver/Src/stm32l0xx_hal_i2c_ex.o
                0x00000000080032e0                HAL_I2CEx_ConfigAnalogFilter
 .text.HAL_MspInit
                0x000000000800333c        0x4 LoRaEz/mcu/STM32L0xx_HAL_Driver/Src/stm32l0xx_hal_msp_template.o
                0x000000000800333c                HAL_MspInit
 .text.HAL_PWR_DisablePVD
                0x0000000008003340       0x10 LoRaEz/mcu/STM32L0xx_HAL_Driver/Src/stm32l0xx_hal_pwr.o
                0x0000000008003340                HAL_PWR_DisablePVD
 .text.HAL_PWR_EnterSLEEPMode
                0x0000000008003350       0x30 LoRaEz/mcu/STM32L0xx_HAL_Driver/Src/stm32l0xx_hal_pwr.o
                0x0000000008003350                HAL_PWR_EnterSLEEPMode
 .text.HAL_PWR_EnterSTOPMode
                0x0000000008003380       0x3c LoRaEz/mcu/STM32L0xx_HAL_Driver/Src/stm32l0xx_hal_pwr.o
                0x0000000008003380                HAL_PWR_EnterSTOPMode
 .text.HAL_PWREx_EnableFastWakeUp
                0x00000000080033bc       0x14 LoRaEz/mcu/STM32L0xx_HAL_Driver/Src/stm32l0xx_hal_pwr_ex.o
                0x00000000080033bc                HAL_PWREx_EnableFastWakeUp
 .text.HAL_PWREx_EnableUltraLowPower
                0x00000000080033d0       0x14 LoRaEz/mcu/STM32L0xx_HAL_Driver/Src/stm32l0xx_hal_pwr_ex.o
                0x00000000080033d0                HAL_PWREx_EnableUltraLowPower
 .text.HAL_RCC_OscConfig
                0x00000000080033e4      0x644 LoRaEz/mcu/STM32L0xx_HAL_Driver/Src/stm32l0xx_hal_rcc.o
                0x00000000080033e4                HAL_RCC_OscConfig
 .text.HAL_RCC_ClockConfig
                0x0000000008003a28      0x234 LoRaEz/mcu/STM32L0xx_HAL_Driver/Src/stm32l0xx_hal_rcc.o
                0x0000000008003a28                HAL_RCC_ClockConfig
 .text.HAL_RCC_GetSysClockFreq
                0x0000000008003c5c       0xa8 LoRaEz/mcu/STM32L0xx_HAL_Driver/Src/stm32l0xx_hal_rcc.o
                0x0000000008003c5c                HAL_RCC_GetSysClockFreq
 .text.HAL_RCC_GetHCLKFreq
                0x0000000008003d04        0xc LoRaEz/mcu/STM32L0xx_HAL_Driver/Src/stm32l0xx_hal_rcc.o
                0x0000000008003d04                HAL_RCC_GetHCLKFreq
 .text.HAL_RCC_GetPCLK1Freq
                0x0000000008003d10       0x20 LoRaEz/mcu/STM32L0xx_HAL_Driver/Src/stm32l0xx_hal_rcc.o
                0x0000000008003d10                HAL_RCC_GetPCLK1Freq
 .text.HAL_RCC_GetPCLK2Freq
                0x0000000008003d30       0x20 LoRaEz/mcu/STM32L0xx_HAL_Driver/Src/stm32l0xx_hal_rcc.o
                0x0000000008003d30                HAL_RCC_GetPCLK2Freq
 .text.HAL_RCCEx_PeriphCLKConfig
                0x0000000008003d50      0x1ec LoRaEz/mcu/STM32L0xx_HAL_Driver/Src/stm32l0xx_hal_rcc_ex.o
                0x0000000008003d50                HAL_RCCEx_PeriphCLKConfig
 .text.HAL_RCCEx_GetPeriphCLKFreq
                0x0000000008003f3c      0x220 LoRaEz/mcu/STM32L0xx_HAL_Driver/Src/stm32l0xx_hal_rcc_ex.o
                0x0000000008003f3c                HAL_RCCEx_GetPeriphCLKFreq
 .text.HAL_RTC_MspInit
                0x000000000800415c        0x4 LoRaEz/mcu/STM32L0xx_HAL_Driver/Src/stm32l0xx_hal_rtc.o
                0x000000000800415c                HAL_RTC_MspInit
 .text.HAL_RTC_Init
                0x0000000008004160       0xbc LoRaEz/mcu/STM32L0xx_HAL_Driver/Src/stm32l0xx_hal_rtc.o
                0x0000000008004160                HAL_RTC_Init
 .text.HAL_RTC_SetTime
                0x000000000800421c      0x1a4 LoRaEz/mcu/STM32L0xx_HAL_Driver/Src/stm32l0xx_hal_rtc.o
                0x000000000800421c                HAL_RTC_SetTime
 .text.HAL_RTC_GetTime
                0x00000000080043c0       0x68 LoRaEz/mcu/STM32L0xx_HAL_Driver/Src/stm32l0xx_hal_rtc.o
                0x00000000080043c0                HAL_RTC_GetTime
 .text.HAL_RTC_SetDate
                0x0000000008004428      0x160 LoRaEz/mcu/STM32L0xx_HAL_Driver/Src/stm32l0xx_hal_rtc.o
                0x0000000008004428                HAL_RTC_SetDate
 .text.HAL_RTC_GetDate
                0x0000000008004588       0x5c LoRaEz/mcu/STM32L0xx_HAL_Driver/Src/stm32l0xx_hal_rtc.o
                0x0000000008004588                HAL_RTC_GetDate
 .text.HAL_RTC_SetAlarm_IT
                0x00000000080045e4      0x218 LoRaEz/mcu/STM32L0xx_HAL_Driver/Src/stm32l0xx_hal_rtc.o
                0x00000000080045e4                HAL_RTC_SetAlarm_IT
 .text.HAL_RTC_DeactivateAlarm
                0x00000000080047fc       0xd0 LoRaEz/mcu/STM32L0xx_HAL_Driver/Src/stm32l0xx_hal_rtc.o
                0x00000000080047fc                HAL_RTC_DeactivateAlarm
 .text.HAL_RTC_GetAlarm
                0x00000000080048cc       0xc8 LoRaEz/mcu/STM32L0xx_HAL_Driver/Src/stm32l0xx_hal_rtc.o
                0x00000000080048cc                HAL_RTC_GetAlarm
 .text.HAL_RTCEx_BKUPRead
                0x0000000008004994        0xc LoRaEz/mcu/STM32L0xx_HAL_Driver/Src/stm32l0xx_hal_rtc_ex.o
                0x0000000008004994                HAL_RTCEx_BKUPRead
 .text.HAL_RTCEx_EnableBypassShadow
                0x00000000080049a0       0x34 LoRaEz/mcu/STM32L0xx_HAL_Driver/Src/stm32l0xx_hal_rtc_ex.o
                0x00000000080049a0                HAL_RTCEx_EnableBypassShadow
 .text.HAL_SPI_MspInit
                0x00000000080049d4        0x4 LoRaEz/mcu/STM32L0xx_HAL_Driver/Src/stm32l0xx_hal_spi.o
                0x00000000080049d4                HAL_SPI_MspInit
 .text.HAL_SPI_Init
                0x00000000080049d8       0x80 LoRaEz/mcu/STM32L0xx_HAL_Driver/Src/stm32l0xx_hal_spi.o
                0x00000000080049d8                HAL_SPI_Init
 .text.HAL_SPI_MspDeInit
                0x0000000008004a58        0x4 LoRaEz/mcu/STM32L0xx_HAL_Driver/Src/stm32l0xx_hal_spi.o
                0x0000000008004a58                HAL_SPI_MspDeInit
 .text.HAL_SPI_DeInit
                0x0000000008004a5c       0x30 LoRaEz/mcu/STM32L0xx_HAL_Driver/Src/stm32l0xx_hal_spi.o
                0x0000000008004a5c                HAL_SPI_DeInit
 .text.HAL_UART_MspInit
                0x0000000008004a8c        0x4 LoRaEz/mcu/STM32L0xx_HAL_Driver/Src/stm32l0xx_hal_uart.o
                0x0000000008004a8c                HAL_UART_MspInit
 .text.HAL_UART_Transmit_IT
                0x0000000008004a90       0x64 LoRaEz/mcu/STM32L0xx_HAL_Driver/Src/stm32l0xx_hal_uart.o
                0x0000000008004a90                HAL_UART_Transmit_IT
 .text.HAL_UART_Receive_IT
                0x0000000008004af4       0xd0 LoRaEz/mcu/STM32L0xx_HAL_Driver/Src/stm32l0xx_hal_uart.o
                0x0000000008004af4                HAL_UART_Receive_IT
 .text.HAL_UART_IRQHandler
                0x0000000008004bc4      0x2a0 LoRaEz/mcu/STM32L0xx_HAL_Driver/Src/stm32l0xx_hal_uart.o
                0x0000000008004bc4                HAL_UART_IRQHandler
 .text.UART_DMAAbortOnError
                0x0000000008004e64       0x14 LoRaEz/mcu/STM32L0xx_HAL_Driver/Src/stm32l0xx_hal_uart.o
 .text.UART_SetConfig
                0x0000000008004e78      0x304 LoRaEz/mcu/STM32L0xx_HAL_Driver/Src/stm32l0xx_hal_uart.o
                0x0000000008004e78                UART_SetConfig
 .text.UART_AdvFeatureConfig
                0x000000000800517c       0xd0 LoRaEz/mcu/STM32L0xx_HAL_Driver/Src/stm32l0xx_hal_uart.o
                0x000000000800517c                UART_AdvFeatureConfig
 .text.HAL_UART_Init
                0x000000000800524c      0x454 LoRaEz/mcu/STM32L0xx_HAL_Driver/Src/stm32l0xx_hal_uart.o
                0x000000000800524c                HAL_UART_Init
 .text.HAL_HalfDuplex_Init
                0x00000000080056a0      0x460 LoRaEz/mcu/STM32L0xx_HAL_Driver/Src/stm32l0xx_hal_uart.o
                0x00000000080056a0                HAL_HalfDuplex_Init
 .text.HAL_MultiProcessor_Init
                0x0000000008005b00      0x488 LoRaEz/mcu/STM32L0xx_HAL_Driver/Src/stm32l0xx_hal_uart.o
                0x0000000008005b00                HAL_MultiProcessor_Init
 .text.UART_CheckIdleState
                0x0000000008005f88       0x9c LoRaEz/mcu/STM32L0xx_HAL_Driver/Src/stm32l0xx_hal_uart.o
                0x0000000008005f88                UART_CheckIdleState
 .text.HAL_LIN_Init
                0x0000000008006024      0x3c0 LoRaEz/mcu/STM32L0xx_HAL_Driver/Src/stm32l0xx_hal_uart.o
                0x0000000008006024                HAL_LIN_Init
 .text.HAL_UARTEx_WakeupCallback
                0x00000000080063e4        0x4 LoRaEz/mcu/STM32L0xx_HAL_Driver/Src/stm32l0xx_hal_uart_ex.o
                0x00000000080063e4                HAL_UARTEx_WakeupCallback
 .text.Reset_Handler
                0x00000000080063e8       0x50 LoRaEz/mcu/cmsis/arm-gcc/startup_stm32l082xx.o
                0x00000000080063e8                Reset_Handler
 .text.Default_Handler
                0x0000000008006438        0x2 LoRaEz/mcu/cmsis/arm-gcc/startup_stm32l082xx.o
                0x0000000008006438                TSC_IRQHandler
                0x0000000008006438                HardFault_Handler
                0x0000000008006438                ADC1_COMP_IRQHandler
                0x0000000008006438                PVD_IRQHandler
                0x0000000008006438                PendSV_Handler
                0x0000000008006438                NMI_Handler
                0x0000000008006438                I2C1_IRQHandler
                0x0000000008006438                RCC_CRS_IRQHandler
                0x0000000008006438                SPI1_IRQHandler
                0x0000000008006438                TIM6_DAC_IRQHandler
                0x0000000008006438                I2C2_IRQHandler
                0x0000000008006438                DMA1_Channel4_5_6_7_IRQHandler
                0x0000000008006438                TIM3_IRQHandler
                0x0000000008006438                DMA1_Channel1_IRQHandler
                0x0000000008006438                USART4_5_IRQHandler
                0x0000000008006438                Default_Handler
                0x0000000008006438                TIM22_IRQHandler
                0x0000000008006438                TIM7_IRQHandler
                0x0000000008006438                USB_IRQHandler
                0x0000000008006438                I2C3_IRQHandler
                0x0000000008006438                SPI2_IRQHandler
                0x0000000008006438                SVC_Handler
                0x0000000008006438                TIM21_IRQHandler
                0x0000000008006438                WWDG_IRQHandler
                0x0000000008006438                TIM2_IRQHandler
                0x0000000008006438                DMA1_Channel2_3_IRQHandler
                0x0000000008006438                USART2_IRQHandler
                0x0000000008006438                FLASH_IRQHandler
                0x0000000008006438                AES_RNG_LPUART1_IRQHandler
                0x0000000008006438                LPTIM1_IRQHandler
 *fill*         0x000000000800643a        0x2 
 .text.SystemInit
                0x000000000800643c       0x5c LoRaEz/mcu/cmsis/system_stm32l0xx.o
                0x000000000800643c                SystemInit
 .text.SX1276OnDio4Irq
                0x0000000008006498       0x20 LoRaEz/sx1276/sx1276.o
                0x0000000008006498                SX1276OnDio4Irq
 .text.SX1276WriteBuffer.constprop.13
                0x00000000080064b8       0x34 LoRaEz/sx1276/sx1276.o
 .text.SX1276ReadBuffer.constprop.14
                0x00000000080064ec       0x38 LoRaEz/sx1276/sx1276.o
 .text.SX1276SetModem.part.2
                0x0000000008006524      0x1b4 LoRaEz/sx1276/sx1276.o
 .text.SX1276OnDio3Irq
                0x00000000080066d8       0xa4 LoRaEz/sx1276/sx1276.o
                0x00000000080066d8                SX1276OnDio3Irq
 .text.SX1276OnDio2Irq
                0x000000000800677c      0x19c LoRaEz/sx1276/sx1276.o
                0x000000000800677c                SX1276OnDio2Irq
 .text.SX1276OnDio1Irq
                0x0000000008006918      0x27c LoRaEz/sx1276/sx1276.o
                0x0000000008006918                SX1276OnDio1Irq
 .text.SX1276OnDio0Irq
                0x0000000008006b94      0x5dc LoRaEz/sx1276/sx1276.o
                0x0000000008006b94                SX1276OnDio0Irq
 .text.SX1276GetStatus
                0x0000000008007170        0xc LoRaEz/sx1276/sx1276.o
                0x0000000008007170                SX1276GetStatus
 .text.SX1276SetChannel
                0x000000000800717c       0x90 LoRaEz/sx1276/sx1276.o
                0x000000000800717c                SX1276SetChannel
 .text.RxChainCalibration
                0x000000000800720c      0x258 LoRaEz/sx1276/sx1276.o
 .text.SX1276Init
                0x0000000008007464      0x304 LoRaEz/sx1276/sx1276.o
                0x0000000008007464                SX1276Init
 .text.SX1276OnTimeoutIrq
                0x0000000008007768      0x504 LoRaEz/sx1276/sx1276.o
                0x0000000008007768                SX1276OnTimeoutIrq
 .text.SX1276SetRxConfig
                0x0000000008007c6c      0x694 LoRaEz/sx1276/sx1276.o
                0x0000000008007c6c                SX1276SetRxConfig
 .text.SX1276SetTxConfig
                0x0000000008008300      0x55c LoRaEz/sx1276/sx1276.o
                0x0000000008008300                SX1276SetTxConfig
 .text.SX1276GetTimeOnAir
                0x000000000800885c      0x28c LoRaEz/sx1276/sx1276.o
                0x000000000800885c                SX1276GetTimeOnAir
 .text.SX1276SetSleep
                0x0000000008008ae8       0x84 LoRaEz/sx1276/sx1276.o
                0x0000000008008ae8                SX1276SetSleep
 .text.SX1276IsChannelFree
                0x0000000008008b6c      0x2b8 LoRaEz/sx1276/sx1276.o
                0x0000000008008b6c                SX1276IsChannelFree
 .text.SX1276SetRx
                0x0000000008008e24      0x568 LoRaEz/sx1276/sx1276.o
                0x0000000008008e24                SX1276SetRx
 .text.SX1276SetTx
                0x000000000800938c      0x178 LoRaEz/sx1276/sx1276.o
                0x000000000800938c                SX1276SetTx
 .text.SX1276SetOpMode
                0x0000000008009504       0x74 LoRaEz/sx1276/sx1276.o
                0x0000000008009504                SX1276SetOpMode
 .text.SX1276Send
                0x0000000008009578      0x318 LoRaEz/sx1276/sx1276.o
                0x0000000008009578                SX1276Send
 .text.SX1276Write
                0x0000000008009890       0x34 LoRaEz/sx1276/sx1276.o
                0x0000000008009890                SX1276Write
 .text.SX1276Read
                0x00000000080098c4       0x38 LoRaEz/sx1276/sx1276.o
                0x00000000080098c4                SX1276Read
 .text.SX1276SetMaxPayloadLength
                0x00000000080098fc      0x258 LoRaEz/sx1276/sx1276.o
                0x00000000080098fc                SX1276SetMaxPayloadLength
 .text.SX1276SetSyncword
                0x0000000008009b54      0x138 LoRaEz/sx1276/sx1276.o
                0x0000000008009b54                SX1276SetSyncword
 .text.OnRadioTxTimeout
                0x0000000008009c8c       0x24 LoRaLink/LoRaLink.o
 .text.OnRadioRxError
                0x0000000008009cb0       0x24 LoRaLink/LoRaLink.o
 .text.OnRadioRxTimeout
                0x0000000008009cd4       0x24 LoRaLink/LoRaLink.o
 .text.OnTxDelayedTimerEvent
                0x0000000008009cf8       0x1c LoRaLink/LoRaLink.o
 .text.OnRadioRxDone
                0x0000000008009d14       0x40 LoRaLink/LoRaLink.o
 .text.OnRadioTxDone
                0x0000000008009d54       0x48 LoRaLink/LoRaLink.o
 .text.LoRaLinkInitilize
                0x0000000008009d9c       0x54 LoRaLink/LoRaLink.o
                0x0000000008009d9c                LoRaLinkInitilize
 .text.LoRaLinkModemProcess
                0x0000000008009df0      0x4c4 LoRaLink/LoRaLink.o
                0x0000000008009df0                LoRaLinkModemProcess
 .text.LoRaLinkSetTxData
                0x000000000800a2b4       0x58 LoRaLink/LoRaLink.o
                0x000000000800a2b4                LoRaLinkSetTxData
 .text.LoRaLinkSerializeData
                0x000000000800a30c       0x48 LoRaLink/LoRaLink.o
                0x000000000800a30c                LoRaLinkSerializeData
 .text.LoRaLinkSetDeviceId
                0x000000000800a354       0x14 LoRaLink/LoRaLink.o
                0x000000000800a354                LoRaLinkSetDeviceId
 .text.LoRaLinkGetSourceAddr
                0x000000000800a368       0x10 LoRaLink/LoRaLink.o
                0x000000000800a368                LoRaLinkGetSourceAddr
 .text.LoRaLinkGetPanId
                0x000000000800a378       0x10 LoRaLink/LoRaLink.o
                0x000000000800a378                LoRaLinkGetPanId
 .text.LoRaLinkApiGetRxData
                0x000000000800a388       0x44 LoRaLink/LoRaLinkApi.o
                0x000000000800a388                LoRaLinkApiGetRxData
 .text.LoRaLinkApiWrite
                0x000000000800a3cc      0x26c LoRaLink/LoRaLinkApi.o
                0x000000000800a3cc                LoRaLinkApiWrite
 .text.LoRaLinkApiSetTxData
                0x000000000800a638       0x24 LoRaLink/LoRaLinkApi.o
                0x000000000800a638                LoRaLinkApiSetTxData
 .text.LoRaLinkApiRead
                0x000000000800a65c       0xfc LoRaLink/LoRaLinkApi.o
                0x000000000800a65c                LoRaLinkApiRead
 .text.PayloadEncrypt.constprop.2
                0x000000000800a758       0xe4 LoRaLink/LoRaLinkCrypto.o
 .text.VerifyCmacB0.isra.1
                0x000000000800a83c       0xb8 LoRaLink/LoRaLinkCrypto.o
 .text.LoRaLinkCryptoSetKey
                0x000000000800a8f4       0x14 LoRaLink/LoRaLinkCrypto.o
                0x000000000800a8f4                LoRaLinkCryptoSetKey
 .text.LoRaLinkCryptoSecureMessage
                0x000000000800a908       0xd0 LoRaLink/LoRaLinkCrypto.o
                0x000000000800a908                LoRaLinkCryptoSecureMessage
 .text.LoRaLinkCryptoUnsecureMessage
                0x000000000800a9d8       0x4c LoRaLink/LoRaLinkCrypto.o
                0x000000000800a9d8                LoRaLinkCryptoUnsecureMessage
 .text.SetUartBaudrate
                0x000000000800aa24        0x8 System/Peripheral.o
                0x000000000800aa24                SetUartBaudrate
 .text.OnTaskExecutionTimerEvent
                0x000000000800aa2c        0xc System/TaskMgmt.o
 .text.OnInterrupt0
                0x000000000800aa38       0x10 System/TaskMgmt.o
 .text.OnWakeupTimerEvent
                0x000000000800aa48        0xc System/TaskMgmt.o
 .text.OnInterrupt1
                0x000000000800aa54       0x48 System/TaskMgmt.o
 .text.int0     0x000000000800aa9c       0x10 System/TaskMgmt.o
                0x000000000800aa9c                int0
 .text.int1     0x000000000800aaac       0x10 System/TaskMgmt.o
                0x000000000800aaac                int1
 .text.startup.main
                0x000000000800aabc      0x284 System/TaskMgmt.o
                0x000000000800aabc                main
 .text.memcpy1  0x000000000800ad40       0x84 System/utilities.o
                0x000000000800ad40                memcpy1
 .text.memset1  0x000000000800adc4       0x14 System/utilities.o
                0x000000000800adc4                memset1
 .text.getUint16
                0x000000000800add8        0xc System/utilities.o
                0x000000000800add8                getUint16
 .text.setUint16
                0x000000000800ade4        0x8 System/utilities.o
                0x000000000800ade4                setUint16
 .text.getUint32
                0x000000000800adec       0x18 System/utilities.o
                0x000000000800adec                getUint32
 .text.setUint32
                0x000000000800ae04       0x10 System/utilities.o
                0x000000000800ae04                setUint32
 .text.aes_encrypt.part.0
                0x000000000800ae14      0x3b0 System/soft-se/aes.o
 .text.aes_set_key
                0x000000000800b1c4      0x234 System/soft-se/aes.o
                0x000000000800b1c4                aes_set_key
 .text.aes_encrypt
                0x000000000800b3f8       0x18 System/soft-se/aes.o
                0x000000000800b3f8                aes_encrypt
 .text.AES_CMAC_Init
                0x000000000800b410       0x24 System/soft-se/cmac.o
                0x000000000800b410                AES_CMAC_Init
 .text.AES_CMAC_SetKey
                0x000000000800b434       0x10 System/soft-se/cmac.o
                0x000000000800b434                AES_CMAC_SetKey
 .text.AES_CMAC_Update
                0x000000000800b444      0x20c System/soft-se/cmac.o
                0x000000000800b444                AES_CMAC_Update
 .text.AES_CMAC_Final
                0x000000000800b650      0x4b8 System/soft-se/cmac.o
                0x000000000800b650                AES_CMAC_Final
 .text.ceil     0x000000000800bb08      0x128 /home/tomoaki/.p2/pool/plugins/fr.ac6.mcu.externaltools.arm-none.linux64_1.17.0.201812190825/tools/compiler/bin/../lib/gcc/arm-none-eabi/7.3.1/../../../../arm-none-eabi/lib/thumb/v6-m/libm.a(lib_a-s_ceil.o)
                0x000000000800bb08                ceil
 .text.floor    0x000000000800bc30      0x138 /home/tomoaki/.p2/pool/plugins/fr.ac6.mcu.externaltools.arm-none.linux64_1.17.0.201812190825/tools/compiler/bin/../lib/gcc/arm-none-eabi/7.3.1/../../../../arm-none-eabi/lib/thumb/v6-m/libm.a(lib_a-s_floor.o)
                0x000000000800bc30                floor
 .text.round    0x000000000800bd68       0xb0 /home/tomoaki/.p2/pool/plugins/fr.ac6.mcu.externaltools.arm-none.linux64_1.17.0.201812190825/tools/compiler/bin/../lib/gcc/arm-none-eabi/7.3.1/../../../../arm-none-eabi/lib/thumb/v6-m/libm.a(lib_a-s_round.o)
                0x000000000800bd68                round
 .text          0x000000000800be18      0x114 /home/tomoaki/.p2/pool/plugins/fr.ac6.mcu.externaltools.arm-none.linux64_1.17.0.201812190825/tools/compiler/bin/../lib/gcc/arm-none-eabi/7.3.1/thumb/v6-m/libgcc.a(_udivsi3.o)
                0x000000000800be18                __udivsi3
                0x000000000800be18                __aeabi_uidiv
                0x000000000800bf24                __aeabi_uidivmod
 .text          0x000000000800bf2c      0x1d4 /home/tomoaki/.p2/pool/plugins/fr.ac6.mcu.externaltools.arm-none.linux64_1.17.0.201812190825/tools/compiler/bin/../lib/gcc/arm-none-eabi/7.3.1/thumb/v6-m/libgcc.a(_divsi3.o)
                0x000000000800bf2c                __aeabi_idiv
                0x000000000800bf2c                __divsi3
                0x000000000800c0f8                __aeabi_idivmod
 .text          0x000000000800c100        0x4 /home/tomoaki/.p2/pool/plugins/fr.ac6.mcu.externaltools.arm-none.linux64_1.17.0.201812190825/tools/compiler/bin/../lib/gcc/arm-none-eabi/7.3.1/thumb/v6-m/libgcc.a(_dvmd_tls.o)
                0x000000000800c100                __aeabi_ldiv0
                0x000000000800c100                __aeabi_idiv0
 .text          0x000000000800c104       0x7c /home/tomoaki/.p2/pool/plugins/fr.ac6.mcu.externaltools.arm-none.linux64_1.17.0.201812190825/tools/compiler/bin/../lib/gcc/arm-none-eabi/7.3.1/thumb/v6-m/libgcc.a(_arm_cmpdf2.o)
                0x000000000800c104                __aeabi_cdrcmple
                0x000000000800c114                __aeabi_cdcmple
                0x000000000800c114                __aeabi_cdcmpeq
                0x000000000800c124                __aeabi_dcmpeq
                0x000000000800c130                __aeabi_dcmplt
                0x000000000800c144                __aeabi_dcmple
                0x000000000800c158                __aeabi_dcmpgt
                0x000000000800c16c                __aeabi_dcmpge
 .text          0x000000000800c180       0x40 /home/tomoaki/.p2/pool/plugins/fr.ac6.mcu.externaltools.arm-none.linux64_1.17.0.201812190825/tools/compiler/bin/../lib/gcc/arm-none-eabi/7.3.1/thumb/v6-m/libgcc.a(_aeabi_uldivmod.o)
                0x000000000800c180                __aeabi_uldivmod
 .text          0x000000000800c1c0       0x3c /home/tomoaki/.p2/pool/plugins/fr.ac6.mcu.externaltools.arm-none.linux64_1.17.0.201812190825/tools/compiler/bin/../lib/gcc/arm-none-eabi/7.3.1/thumb/v6-m/libgcc.a(_fixunsdfsi.o)
                0x000000000800c1c0                __fixunsdfsi
                0x000000000800c1c0                __aeabi_d2uiz
 .text          0x000000000800c1fc      0x184 /home/tomoaki/.p2/pool/plugins/fr.ac6.mcu.externaltools.arm-none.linux64_1.17.0.201812190825/tools/compiler/bin/../lib/gcc/arm-none-eabi/7.3.1/thumb/v6-m/libgcc.a(_udivmoddi4.o)
                0x000000000800c1fc                __udivmoddi4
 .text          0x000000000800c380      0x638 /home/tomoaki/.p2/pool/plugins/fr.ac6.mcu.externaltools.arm-none.linux64_1.17.0.201812190825/tools/compiler/bin/../lib/gcc/arm-none-eabi/7.3.1/thumb/v6-m/libgcc.a(adddf3.o)
                0x000000000800c380                __aeabi_dadd
 .text          0x000000000800c9b8      0x604 /home/tomoaki/.p2/pool/plugins/fr.ac6.mcu.externaltools.arm-none.linux64_1.17.0.201812190825/tools/compiler/bin/../lib/gcc/arm-none-eabi/7.3.1/thumb/v6-m/libgcc.a(divdf3.o)
                0x000000000800c9b8                __aeabi_ddiv
 .text          0x000000000800cfbc       0x78 /home/tomoaki/.p2/pool/plugins/fr.ac6.mcu.externaltools.arm-none.linux64_1.17.0.201812190825/tools/compiler/bin/../lib/gcc/arm-none-eabi/7.3.1/thumb/v6-m/libgcc.a(eqdf2.o)
                0x000000000800cfbc                __eqdf2
                0x000000000800cfbc                __nedf2
 .text          0x000000000800d034       0xc8 /home/tomoaki/.p2/pool/plugins/fr.ac6.mcu.externaltools.arm-none.linux64_1.17.0.201812190825/tools/compiler/bin/../lib/gcc/arm-none-eabi/7.3.1/thumb/v6-m/libgcc.a(gedf2.o)
                0x000000000800d034                __gtdf2
                0x000000000800d034                __gedf2
 .text          0x000000000800d0fc       0xd0 /home/tomoaki/.p2/pool/plugins/fr.ac6.mcu.externaltools.arm-none.linux64_1.17.0.201812190825/tools/compiler/bin/../lib/gcc/arm-none-eabi/7.3.1/thumb/v6-m/libgcc.a(ledf2.o)
                0x000000000800d0fc                __ltdf2
                0x000000000800d0fc                __ledf2
 .text          0x000000000800d1cc      0x4e4 /home/tomoaki/.p2/pool/plugins/fr.ac6.mcu.externaltools.arm-none.linux64_1.17.0.201812190825/tools/compiler/bin/../lib/gcc/arm-none-eabi/7.3.1/thumb/v6-m/libgcc.a(muldf3.o)
                0x000000000800d1cc                __aeabi_dmul
 .text          0x000000000800d6b0      0x690 /home/tomoaki/.p2/pool/plugins/fr.ac6.mcu.externaltools.arm-none.linux64_1.17.0.201812190825/tools/compiler/bin/../lib/gcc/arm-none-eabi/7.3.1/thumb/v6-m/libgcc.a(subdf3.o)
                0x000000000800d6b0                __aeabi_dsub
 .text          0x000000000800dd40       0x6c /home/tomoaki/.p2/pool/plugins/fr.ac6.mcu.externaltools.arm-none.linux64_1.17.0.201812190825/tools/compiler/bin/../lib/gcc/arm-none-eabi/7.3.1/thumb/v6-m/libgcc.a(fixdfsi.o)
                0x000000000800dd40                __aeabi_d2iz
 .text          0x000000000800ddac       0x74 /home/tomoaki/.p2/pool/plugins/fr.ac6.mcu.externaltools.arm-none.linux64_1.17.0.201812190825/tools/compiler/bin/../lib/gcc/arm-none-eabi/7.3.1/thumb/v6-m/libgcc.a(floatsidf.o)
                0x000000000800ddac                __aeabi_i2d
 .text          0x000000000800de20       0x64 /home/tomoaki/.p2/pool/plugins/fr.ac6.mcu.externaltools.arm-none.linux64_1.17.0.201812190825/tools/compiler/bin/../lib/gcc/arm-none-eabi/7.3.1/thumb/v6-m/libgcc.a(floatunsidf.o)
                0x000000000800de20                __aeabi_ui2d
 .text          0x000000000800de84       0x3c /home/tomoaki/.p2/pool/plugins/fr.ac6.mcu.externaltools.arm-none.linux64_1.17.0.201812190825/tools/compiler/bin/../lib/gcc/arm-none-eabi/7.3.1/thumb/v6-m/libgcc.a(_clzsi2.o)
                0x000000000800de84                __clzsi2
 .text          0x000000000800dec0       0x18 /home/tomoaki/.p2/pool/plugins/fr.ac6.mcu.externaltools.arm-none.linux64_1.17.0.201812190825/tools/compiler/bin/../lib/gcc/arm-none-eabi/7.3.1/thumb/v6-m/libgcc.a(_clzdi2.o)
                0x000000000800dec0                __clzdi2
 .text.__libc_init_array
                0x000000000800ded8       0x48 /home/tomoaki/.p2/pool/plugins/fr.ac6.mcu.externaltools.arm-none.linux64_1.17.0.201812190825/tools/compiler/bin/../lib/gcc/arm-none-eabi/7.3.1/../../../../arm-none-eabi/lib/thumb/v6-m/libc_nano.a(lib_a-init.o)
                0x000000000800ded8                __libc_init_array
 .text.malloc   0x000000000800df20       0x14 /home/tomoaki/.p2/pool/plugins/fr.ac6.mcu.externaltools.arm-none.linux64_1.17.0.201812190825/tools/compiler/bin/../lib/gcc/arm-none-eabi/7.3.1/../../../../arm-none-eabi/lib/thumb/v6-m/libc_nano.a(lib_a-malloc.o)
                0x000000000800df20                malloc
 .text.memset   0x000000000800df34       0x10 /home/tomoaki/.p2/pool/plugins/fr.ac6.mcu.externaltools.arm-none.linux64_1.17.0.201812190825/tools/compiler/bin/../lib/gcc/arm-none-eabi/7.3.1/../../../../arm-none-eabi/lib/thumb/v6-m/libc_nano.a(lib_a-memset.o)
                0x000000000800df34                memset
 .text._free_r  0x000000000800df44       0x94 /home/tomoaki/.p2/pool/plugins/fr.ac6.mcu.externaltools.arm-none.linux64_1.17.0.201812190825/tools/compiler/bin/../lib/gcc/arm-none-eabi/7.3.1/../../../../arm-none-eabi/lib/thumb/v6-m/libc_nano.a(lib_a-nano-freer.o)
                0x000000000800df44                _free_r
 .text._malloc_r
                0x000000000800dfd8       0xbc /home/tomoaki/.p2/pool/plugins/fr.ac6.mcu.externaltools.arm-none.linux64_1.17.0.201812190825/tools/compiler/bin/../lib/gcc/arm-none-eabi/7.3.1/../../../../arm-none-eabi/lib/thumb/v6-m/libc_nano.a(lib_a-nano-mallocr.o)
                0x000000000800dfd8                _malloc_r
 .text.__cvt    0x000000000800e094       0xc8 /home/tomoaki/.p2/pool/plugins/fr.ac6.mcu.externaltools.arm-none.linux64_1.17.0.201812190825/tools/compiler/bin/../lib/gcc/arm-none-eabi/7.3.1/../../../../arm-none-eabi/lib/thumb/v6-m/libc_nano.a(lib_a-nano-vfprintf_float.o)
                0x000000000800e094                __cvt
 .text.__exponent
                0x000000000800e15c       0x70 /home/tomoaki/.p2/pool/plugins/fr.ac6.mcu.externaltools.arm-none.linux64_1.17.0.201812190825/tools/compiler/bin/../lib/gcc/arm-none-eabi/7.3.1/../../../../arm-none-eabi/lib/thumb/v6-m/libc_nano.a(lib_a-nano-vfprintf_float.o)
                0x000000000800e15c                __exponent
 .text._printf_float
                0x000000000800e1cc      0x498 /home/tomoaki/.p2/pool/plugins/fr.ac6.mcu.externaltools.arm-none.linux64_1.17.0.201812190825/tools/compiler/bin/../lib/gcc/arm-none-eabi/7.3.1/../../../../arm-none-eabi/lib/thumb/v6-m/libc_nano.a(lib_a-nano-vfprintf_float.o)
                0x000000000800e1cc                _printf_float
 .text._printf_common
                0x000000000800e664       0xda /home/tomoaki/.p2/pool/plugins/fr.ac6.mcu.externaltools.arm-none.linux64_1.17.0.201812190825/tools/compiler/bin/../lib/gcc/arm-none-eabi/7.3.1/../../../../arm-none-eabi/lib/thumb/v6-m/libc_nano.a(lib_a-nano-vfprintf_i.o)
                0x000000000800e664                _printf_common
 *fill*         0x000000000800e73e        0x2 
 .text._puts_r  0x000000000800e740       0xc0 /home/tomoaki/.p2/pool/plugins/fr.ac6.mcu.externaltools.arm-none.linux64_1.17.0.201812190825/tools/compiler/bin/../lib/gcc/arm-none-eabi/7.3.1/../../../../arm-none-eabi/lib/thumb/v6-m/libc_nano.a(lib_a-puts.o)
                0x000000000800e740                _puts_r
 .text.puts     0x000000000800e800       0x14 /home/tomoaki/.p2/pool/plugins/fr.ac6.mcu.externaltools.arm-none.linux64_1.17.0.201812190825/tools/compiler/bin/../lib/gcc/arm-none-eabi/7.3.1/../../../../arm-none-eabi/lib/thumb/v6-m/libc_nano.a(lib_a-puts.o)
                0x000000000800e800                puts
 .text._sbrk_r  0x000000000800e814       0x24 /home/tomoaki/.p2/pool/plugins/fr.ac6.mcu.externaltools.arm-none.linux64_1.17.0.201812190825/tools/compiler/bin/../lib/gcc/arm-none-eabi/7.3.1/../../../../arm-none-eabi/lib/thumb/v6-m/libc_nano.a(lib_a-sbrkr.o)
                0x000000000800e814                _sbrk_r
 .text          0x000000000800e838        0xe /home/tomoaki/.p2/pool/plugins/fr.ac6.mcu.externaltools.arm-none.linux64_1.17.0.201812190825/tools/compiler/bin/../lib/gcc/arm-none-eabi/7.3.1/../../../../arm-none-eabi/lib/thumb/v6-m/libc_nano.a(lib_a-strlen.o)
                0x000000000800e838                strlen
 *fill*         0x000000000800e846        0x2 
 .text.__swbuf_r
                0x000000000800e848       0xac /home/tomoaki/.p2/pool/plugins/fr.ac6.mcu.externaltools.arm-none.linux64_1.17.0.201812190825/tools/compiler/bin/../lib/gcc/arm-none-eabi/7.3.1/../../../../arm-none-eabi/lib/thumb/v6-m/libc_nano.a(lib_a-wbuf.o)
                0x000000000800e848                __swbuf_r
 .text.__swsetup_r
                0x000000000800e8f4       0xec /home/tomoaki/.p2/pool/plugins/fr.ac6.mcu.externaltools.arm-none.linux64_1.17.0.201812190825/tools/compiler/bin/../lib/gcc/arm-none-eabi/7.3.1/../../../../arm-none-eabi/lib/thumb/v6-m/libc_nano.a(lib_a-wsetup.o)
                0x000000000800e8f4                __swsetup_r
 .text.quorem   0x000000000800e9e0      0x10c /home/tomoaki/.p2/pool/plugins/fr.ac6.mcu.externaltools.arm-none.linux64_1.17.0.201812190825/tools/compiler/bin/../lib/gcc/arm-none-eabi/7.3.1/../../../../arm-none-eabi/lib/thumb/v6-m/libc_nano.a(lib_a-dtoa.o)
 .text._dtoa_r  0x000000000800eaec      0xbc0 /home/tomoaki/.p2/pool/plugins/fr.ac6.mcu.externaltools.arm-none.linux64_1.17.0.201812190825/tools/compiler/bin/../lib/gcc/arm-none-eabi/7.3.1/../../../../arm-none-eabi/lib/thumb/v6-m/libc_nano.a(lib_a-dtoa.o)
                0x000000000800eaec                _dtoa_r
 .text.__sflush_r
                0x000000000800f6ac      0x114 /home/tomoaki/.p2/pool/plugins/fr.ac6.mcu.externaltools.arm-none.linux64_1.17.0.201812190825/tools/compiler/bin/../lib/gcc/arm-none-eabi/7.3.1/../../../../arm-none-eabi/lib/thumb/v6-m/libc_nano.a(lib_a-fflush.o)
                0x000000000800f6ac                __sflush_r
 .text._fflush_r
                0x000000000800f7c0       0x58 /home/tomoaki/.p2/pool/plugins/fr.ac6.mcu.externaltools.arm-none.linux64_1.17.0.201812190825/tools/compiler/bin/../lib/gcc/arm-none-eabi/7.3.1/../../../../arm-none-eabi/lib/thumb/v6-m/libc_nano.a(lib_a-fflush.o)
                0x000000000800f7c0                _fflush_r
 .text.std      0x000000000800f818       0x48 /home/tomoaki/.p2/pool/plugins/fr.ac6.mcu.externaltools.arm-none.linux64_1.17.0.201812190825/tools/compiler/bin/../lib/gcc/arm-none-eabi/7.3.1/../../../../arm-none-eabi/lib/thumb/v6-m/libc_nano.a(lib_a-findfp.o)
 .text._cleanup_r
                0x000000000800f860       0x10 /home/tomoaki/.p2/pool/plugins/fr.ac6.mcu.externaltools.arm-none.linux64_1.17.0.201812190825/tools/compiler/bin/../lib/gcc/arm-none-eabi/7.3.1/../../../../arm-none-eabi/lib/thumb/v6-m/libc_nano.a(lib_a-findfp.o)
                0x000000000800f860                _cleanup_r
 .text.__sfmoreglue
                0x000000000800f870       0x2c /home/tomoaki/.p2/pool/plugins/fr.ac6.mcu.externaltools.arm-none.linux64_1.17.0.201812190825/tools/compiler/bin/../lib/gcc/arm-none-eabi/7.3.1/../../../../arm-none-eabi/lib/thumb/v6-m/libc_nano.a(lib_a-findfp.o)
                0x000000000800f870                __sfmoreglue
 .text.__sinit  0x000000000800f89c       0x68 /home/tomoaki/.p2/pool/plugins/fr.ac6.mcu.externaltools.arm-none.linux64_1.17.0.201812190825/tools/compiler/bin/../lib/gcc/arm-none-eabi/7.3.1/../../../../arm-none-eabi/lib/thumb/v6-m/libc_nano.a(lib_a-findfp.o)
                0x000000000800f89c                __sinit
 .text.__sfp    0x000000000800f904       0x7c /home/tomoaki/.p2/pool/plugins/fr.ac6.mcu.externaltools.arm-none.linux64_1.17.0.201812190825/tools/compiler/bin/../lib/gcc/arm-none-eabi/7.3.1/../../../../arm-none-eabi/lib/thumb/v6-m/libc_nano.a(lib_a-findfp.o)
                0x000000000800f904                __sfp
 .text._fwalk_reent
                0x000000000800f980       0x42 /home/tomoaki/.p2/pool/plugins/fr.ac6.mcu.externaltools.arm-none.linux64_1.17.0.201812190825/tools/compiler/bin/../lib/gcc/arm-none-eabi/7.3.1/../../../../arm-none-eabi/lib/thumb/v6-m/libc_nano.a(lib_a-fwalk.o)
                0x000000000800f980                _fwalk_reent
 *fill*         0x000000000800f9c2        0x2 
 .text._localeconv_r
                0x000000000800f9c4       0x18 /home/tomoaki/.p2/pool/plugins/fr.ac6.mcu.externaltools.arm-none.linux64_1.17.0.201812190825/tools/compiler/bin/../lib/gcc/arm-none-eabi/7.3.1/../../../../arm-none-eabi/lib/thumb/v6-m/libc_nano.a(lib_a-localeconv.o)
                0x000000000800f9c4                _localeconv_r
 .text.__swhatbuf_r
                0x000000000800f9dc       0x50 /home/tomoaki/.p2/pool/plugins/fr.ac6.mcu.externaltools.arm-none.linux64_1.17.0.201812190825/tools/compiler/bin/../lib/gcc/arm-none-eabi/7.3.1/../../../../arm-none-eabi/lib/thumb/v6-m/libc_nano.a(lib_a-makebuf.o)
                0x000000000800f9dc                __swhatbuf_r
 .text.__smakebuf_r
                0x000000000800fa2c       0x88 /home/tomoaki/.p2/pool/plugins/fr.ac6.mcu.externaltools.arm-none.linux64_1.17.0.201812190825/tools/compiler/bin/../lib/gcc/arm-none-eabi/7.3.1/../../../../arm-none-eabi/lib/thumb/v6-m/libc_nano.a(lib_a-makebuf.o)
                0x000000000800fa2c                __smakebuf_r
 .text.memcpy   0x000000000800fab4       0x12 /home/tomoaki/.p2/pool/plugins/fr.ac6.mcu.externaltools.arm-none.linux64_1.17.0.201812190825/tools/compiler/bin/../lib/gcc/arm-none-eabi/7.3.1/../../../../arm-none-eabi/lib/thumb/v6-m/libc_nano.a(lib_a-memcpy-stub.o)
                0x000000000800fab4                memcpy
 .text.__malloc_lock
                0x000000000800fac6        0x2 /home/tomoaki/.p2/pool/plugins/fr.ac6.mcu.externaltools.arm-none.linux64_1.17.0.201812190825/tools/compiler/bin/../lib/gcc/arm-none-eabi/7.3.1/../../../../arm-none-eabi/lib/thumb/v6-m/libc_nano.a(lib_a-mlock.o)
                0x000000000800fac6                __malloc_lock
 .text.__malloc_unlock
                0x000000000800fac8        0x2 /home/tomoaki/.p2/pool/plugins/fr.ac6.mcu.externaltools.arm-none.linux64_1.17.0.201812190825/tools/compiler/bin/../lib/gcc/arm-none-eabi/7.3.1/../../../../arm-none-eabi/lib/thumb/v6-m/libc_nano.a(lib_a-mlock.o)
                0x000000000800fac8                __malloc_unlock
 .text._Balloc  0x000000000800faca       0x70 /home/tomoaki/.p2/pool/plugins/fr.ac6.mcu.externaltools.arm-none.linux64_1.17.0.201812190825/tools/compiler/bin/../lib/gcc/arm-none-eabi/7.3.1/../../../../arm-none-eabi/lib/thumb/v6-m/libc_nano.a(lib_a-mprec.o)
                0x000000000800faca                _Balloc
 .text._Bfree   0x000000000800fb3a       0x32 /home/tomoaki/.p2/pool/plugins/fr.ac6.mcu.externaltools.arm-none.linux64_1.17.0.201812190825/tools/compiler/bin/../lib/gcc/arm-none-eabi/7.3.1/../../../../arm-none-eabi/lib/thumb/v6-m/libc_nano.a(lib_a-mprec.o)
                0x000000000800fb3a                _Bfree
 .text.__multadd
                0x000000000800fb6c       0x7c /home/tomoaki/.p2/pool/plugins/fr.ac6.mcu.externaltools.arm-none.linux64_1.17.0.201812190825/tools/compiler/bin/../lib/gcc/arm-none-eabi/7.3.1/../../../../arm-none-eabi/lib/thumb/v6-m/libc_nano.a(lib_a-mprec.o)
                0x000000000800fb6c                __multadd
 .text.__hi0bits
                0x000000000800fbe8       0x34 /home/tomoaki/.p2/pool/plugins/fr.ac6.mcu.externaltools.arm-none.linux64_1.17.0.201812190825/tools/compiler/bin/../lib/gcc/arm-none-eabi/7.3.1/../../../../arm-none-eabi/lib/thumb/v6-m/libc_nano.a(lib_a-mprec.o)
                0x000000000800fbe8                __hi0bits
 .text.__lo0bits
                0x000000000800fc1c       0x5e /home/tomoaki/.p2/pool/plugins/fr.ac6.mcu.externaltools.arm-none.linux64_1.17.0.201812190825/tools/compiler/bin/../lib/gcc/arm-none-eabi/7.3.1/../../../../arm-none-eabi/lib/thumb/v6-m/libc_nano.a(lib_a-mprec.o)
                0x000000000800fc1c                __lo0bits
 .text.__i2b    0x000000000800fc7a       0x12 /home/tomoaki/.p2/pool/plugins/fr.ac6.mcu.externaltools.arm-none.linux64_1.17.0.201812190825/tools/compiler/bin/../lib/gcc/arm-none-eabi/7.3.1/../../../../arm-none-eabi/lib/thumb/v6-m/libc_nano.a(lib_a-mprec.o)
                0x000000000800fc7a                __i2b
 .text.__multiply
                0x000000000800fc8c      0x11e /home/tomoaki/.p2/pool/plugins/fr.ac6.mcu.externaltools.arm-none.linux64_1.17.0.201812190825/tools/compiler/bin/../lib/gcc/arm-none-eabi/7.3.1/../../../../arm-none-eabi/lib/thumb/v6-m/libc_nano.a(lib_a-mprec.o)
                0x000000000800fc8c                __multiply
 *fill*         0x000000000800fdaa        0x2 
 .text.__pow5mult
                0x000000000800fdac       0xa4 /home/tomoaki/.p2/pool/plugins/fr.ac6.mcu.externaltools.arm-none.linux64_1.17.0.201812190825/tools/compiler/bin/../lib/gcc/arm-none-eabi/7.3.1/../../../../arm-none-eabi/lib/thumb/v6-m/libc_nano.a(lib_a-mprec.o)
                0x000000000800fdac                __pow5mult
 .text.__lshift
                0x000000000800fe50       0xa4 /home/tomoaki/.p2/pool/plugins/fr.ac6.mcu.externaltools.arm-none.linux64_1.17.0.201812190825/tools/compiler/bin/../lib/gcc/arm-none-eabi/7.3.1/../../../../arm-none-eabi/lib/thumb/v6-m/libc_nano.a(lib_a-mprec.o)
                0x000000000800fe50                __lshift
 .text.__mcmp   0x000000000800fef4       0x34 /home/tomoaki/.p2/pool/plugins/fr.ac6.mcu.externaltools.arm-none.linux64_1.17.0.201812190825/tools/compiler/bin/../lib/gcc/arm-none-eabi/7.3.1/../../../../arm-none-eabi/lib/thumb/v6-m/libc_nano.a(lib_a-mprec.o)
                0x000000000800fef4                __mcmp
 .text.__mdiff  0x000000000800ff28       0xc8 /home/tomoaki/.p2/pool/plugins/fr.ac6.mcu.externaltools.arm-none.linux64_1.17.0.201812190825/tools/compiler/bin/../lib/gcc/arm-none-eabi/7.3.1/../../../../arm-none-eabi/lib/thumb/v6-m/libc_nano.a(lib_a-mprec.o)
                0x000000000800ff28                __mdiff
 .text.__d2b    0x000000000800fff0       0xa8 /home/tomoaki/.p2/pool/plugins/fr.ac6.mcu.externaltools.arm-none.linux64_1.17.0.201812190825/tools/compiler/bin/../lib/gcc/arm-none-eabi/7.3.1/../../../../arm-none-eabi/lib/thumb/v6-m/libc_nano.a(lib_a-mprec.o)
                0x000000000800fff0                __d2b
 .text._calloc_r
                0x0000000008010098       0x1c /home/tomoaki/.p2/pool/plugins/fr.ac6.mcu.externaltools.arm-none.linux64_1.17.0.201812190825/tools/compiler/bin/../lib/gcc/arm-none-eabi/7.3.1/../../../../arm-none-eabi/lib/thumb/v6-m/libc_nano.a(lib_a-nano-callocr.o)
                0x0000000008010098                _calloc_r
 .text.__sread  0x00000000080100b4       0x28 /home/tomoaki/.p2/pool/plugins/fr.ac6.mcu.externaltools.arm-none.linux64_1.17.0.201812190825/tools/compiler/bin/../lib/gcc/arm-none-eabi/7.3.1/../../../../arm-none-eabi/lib/thumb/v6-m/libc_nano.a(lib_a-stdio.o)
                0x00000000080100b4                __sread
 .text.__swrite
                0x00000000080100dc       0x38 /home/tomoaki/.p2/pool/plugins/fr.ac6.mcu.externaltools.arm-none.linux64_1.17.0.201812190825/tools/compiler/bin/../lib/gcc/arm-none-eabi/7.3.1/../../../../arm-none-eabi/lib/thumb/v6-m/libc_nano.a(lib_a-stdio.o)
                0x00000000080100dc                __swrite
 .text.__sseek  0x0000000008010114       0x2c /home/tomoaki/.p2/pool/plugins/fr.ac6.mcu.externaltools.arm-none.linux64_1.17.0.201812190825/tools/compiler/bin/../lib/gcc/arm-none-eabi/7.3.1/../../../../arm-none-eabi/lib/thumb/v6-m/libc_nano.a(lib_a-stdio.o)
                0x0000000008010114                __sseek
 .text.__sclose
                0x0000000008010140        0xc /home/tomoaki/.p2/pool/plugins/fr.ac6.mcu.externaltools.arm-none.linux64_1.17.0.201812190825/tools/compiler/bin/../lib/gcc/arm-none-eabi/7.3.1/../../../../arm-none-eabi/lib/thumb/v6-m/libc_nano.a(lib_a-stdio.o)
                0x0000000008010140                __sclose
 .text._write_r
                0x000000000801014c       0x28 /home/tomoaki/.p2/pool/plugins/fr.ac6.mcu.externaltools.arm-none.linux64_1.17.0.201812190825/tools/compiler/bin/../lib/gcc/arm-none-eabi/7.3.1/../../../../arm-none-eabi/lib/thumb/v6-m/libc_nano.a(lib_a-writer.o)
                0x000000000801014c                _write_r
 .text._close_r
                0x0000000008010174       0x24 /home/tomoaki/.p2/pool/plugins/fr.ac6.mcu.externaltools.arm-none.linux64_1.17.0.201812190825/tools/compiler/bin/../lib/gcc/arm-none-eabi/7.3.1/../../../../arm-none-eabi/lib/thumb/v6-m/libc_nano.a(lib_a-closer.o)
                0x0000000008010174                _close_r
 .text._fstat_r
                0x0000000008010198       0x24 /home/tomoaki/.p2/pool/plugins/fr.ac6.mcu.externaltools.arm-none.linux64_1.17.0.201812190825/tools/compiler/bin/../lib/gcc/arm-none-eabi/7.3.1/../../../../arm-none-eabi/lib/thumb/v6-m/libc_nano.a(lib_a-fstatr.o)
                0x0000000008010198                _fstat_r
 .text._isatty_r
                0x00000000080101bc       0x24 /home/tomoaki/.p2/pool/plugins/fr.ac6.mcu.externaltools.arm-none.linux64_1.17.0.201812190825/tools/compiler/bin/../lib/gcc/arm-none-eabi/7.3.1/../../../../arm-none-eabi/lib/thumb/v6-m/libc_nano.a(lib_a-isattyr.o)
                0x00000000080101bc                _isatty_r
 .text._lseek_r
                0x00000000080101e0       0x28 /home/tomoaki/.p2/pool/plugins/fr.ac6.mcu.externaltools.arm-none.linux64_1.17.0.201812190825/tools/compiler/bin/../lib/gcc/arm-none-eabi/7.3.1/../../../../arm-none-eabi/lib/thumb/v6-m/libc_nano.a(lib_a-lseekr.o)
                0x00000000080101e0                _lseek_r
 .text.__ascii_mbtowc
                0x0000000008010208       0x24 /home/tomoaki/.p2/pool/plugins/fr.ac6.mcu.externaltools.arm-none.linux64_1.17.0.201812190825/tools/compiler/bin/../lib/gcc/arm-none-eabi/7.3.1/../../../../arm-none-eabi/lib/thumb/v6-m/libc_nano.a(lib_a-mbtowc_r.o)
                0x0000000008010208                __ascii_mbtowc
 .text._read_r  0x000000000801022c       0x28 /home/tomoaki/.p2/pool/plugins/fr.ac6.mcu.externaltools.arm-none.linux64_1.17.0.201812190825/tools/compiler/bin/../lib/gcc/arm-none-eabi/7.3.1/../../../../arm-none-eabi/lib/thumb/v6-m/libc_nano.a(lib_a-readr.o)
                0x000000000801022c                _read_r
 .text.__ascii_wctomb
                0x0000000008010254       0x18 /home/tomoaki/.p2/pool/plugins/fr.ac6.mcu.externaltools.arm-none.linux64_1.17.0.201812190825/tools/compiler/bin/../lib/gcc/arm-none-eabi/7.3.1/../../../../arm-none-eabi/lib/thumb/v6-m/libc_nano.a(lib_a-wctomb_r.o)
                0x0000000008010254                __ascii_wctomb
 .text          0x000000000801026c       0x14 /home/tomoaki/.p2/pool/plugins/fr.ac6.mcu.externaltools.arm-none.linux64_1.17.0.201812190825/tools/compiler/bin/../lib/gcc/arm-none-eabi/7.3.1/thumb/v6-m/libgcc.a(_thumb1_case_uqi.o)
                0x000000000801026c                __gnu_thumb1_case_uqi
 .text          0x0000000008010280       0x38 /home/tomoaki/.p2/pool/plugins/fr.ac6.mcu.externaltools.arm-none.linux64_1.17.0.201812190825/tools/compiler/bin/../lib/gcc/arm-none-eabi/7.3.1/thumb/v6-m/libgcc.a(unorddf2.o)
                0x0000000008010280                __aeabi_dcmpun
 .text._close   0x00000000080102b8       0x10 /home/tomoaki/.p2/pool/plugins/fr.ac6.mcu.externaltools.arm-none.linux64_1.17.0.201812190825/tools/compiler/bin/../lib/gcc/arm-none-eabi/7.3.1/../../../../arm-none-eabi/lib/thumb/v6-m/libnosys.a(close.o)
                0x00000000080102b8                _close
 .text._fstat   0x00000000080102c8       0x10 /home/tomoaki/.p2/pool/plugins/fr.ac6.mcu.externaltools.arm-none.linux64_1.17.0.201812190825/tools/compiler/bin/../lib/gcc/arm-none-eabi/7.3.1/../../../../arm-none-eabi/lib/thumb/v6-m/libnosys.a(fstat.o)
                0x00000000080102c8                _fstat
 .text._isatty  0x00000000080102d8       0x10 /home/tomoaki/.p2/pool/plugins/fr.ac6.mcu.externaltools.arm-none.linux64_1.17.0.201812190825/tools/compiler/bin/../lib/gcc/arm-none-eabi/7.3.1/../../../../arm-none-eabi/lib/thumb/v6-m/libnosys.a(isatty.o)
                0x00000000080102d8                _isatty
 .text._lseek   0x00000000080102e8       0x10 /home/tomoaki/.p2/pool/plugins/fr.ac6.mcu.externaltools.arm-none.linux64_1.17.0.201812190825/tools/compiler/bin/../lib/gcc/arm-none-eabi/7.3.1/../../../../arm-none-eabi/lib/thumb/v6-m/libnosys.a(lseek.o)
                0x00000000080102e8                _lseek
 .text._sbrk    0x00000000080102f8       0x1c /home/tomoaki/.p2/pool/plugins/fr.ac6.mcu.externaltools.arm-none.linux64_1.17.0.201812190825/tools/compiler/bin/../lib/gcc/arm-none-eabi/7.3.1/../../../../arm-none-eabi/lib/thumb/v6-m/libnosys.a(sbrk.o)
                0x00000000080102f8                _sbrk
 *(.init)
 .init          0x0000000008010314        0x4 /home/tomoaki/.p2/pool/plugins/fr.ac6.mcu.externaltools.arm-none.linux64_1.17.0.201812190825/tools/compiler/bin/../lib/gcc/arm-none-eabi/7.3.1/thumb/v6-m/crti.o
                0x0000000008010314                _init
 .init          0x0000000008010318        0x8 /home/tomoaki/.p2/pool/plugins/fr.ac6.mcu.externaltools.arm-none.linux64_1.17.0.201812190825/tools/compiler/bin/../lib/gcc/arm-none-eabi/7.3.1/thumb/v6-m/crtn.o
 *(.fini)
 .fini          0x0000000008010320        0x4 /home/tomoaki/.p2/pool/plugins/fr.ac6.mcu.externaltools.arm-none.linux64_1.17.0.201812190825/tools/compiler/bin/../lib/gcc/arm-none-eabi/7.3.1/thumb/v6-m/crti.o
                0x0000000008010320                _fini
 .fini          0x0000000008010324        0x8 /home/tomoaki/.p2/pool/plugins/fr.ac6.mcu.externaltools.arm-none.linux64_1.17.0.201812190825/tools/compiler/bin/../lib/gcc/arm-none-eabi/7.3.1/thumb/v6-m/crtn.o
 *crtbegin.o(.ctors)
 *crtbegin?.o(.ctors)
 *(EXCLUDE_FILE(*crtend.o *crtend?.o) .ctors)
 *(SORT_BY_NAME(.ctors.*))
 *(.ctors)
 *crtbegin.o(.dtors)
 *crtbegin?.o(.dtors)
 *(EXCLUDE_FILE(*crtend.o *crtend?.o) .dtors)
 *(SORT_BY_NAME(.dtors.*))
 *(.dtors)
 *(.rodata*)
 .rodata        0x000000000801032c       0x10 AppSrc/modemRx.o
 .rodata        0x000000000801033c       0x10 LoRaEz/gpio.o
 .rodata        0x000000000801034c       0x18 LoRaEz/rtc.o
 .rodata        0x0000000008010364      0x17c LoRaEz/mcu/STM32L0xx_HAL_Driver/Src/stm32l0xx_hal_uart.o
 .rodata        0x00000000080104e0       0x24 LoRaEz/mcu/cmsis/system_stm32l0xx.o
                0x00000000080104e0                PLLMulTable
                0x00000000080104ec                AHBPrescTable
                0x00000000080104fc                APBPrescTable
 *fill*         0x0000000008010504        0x4 
 .rodata        0x0000000008010508      0x120 LoRaEz/sx1276/sx1276.o
                0x0000000008010530                RadioRegsInit
                0x0000000008010578                FskBandwidths
 .rodata.str1.4
                0x0000000008010628       0x14 LoRaEz/sx1276/sx1276.o
 .rodata        0x000000000801063c       0x2c LoRaLink/LoRaLink.o
 .rodata        0x0000000008010668       0x14 LoRaLink/LoRaLinkApi.o
 .rodata.str1.4
                0x000000000801067c       0x54 System/TaskMgmt.o
                                         0x56 (size before relaxing)
 .rodata        0x00000000080106d0      0x300 System/soft-se/aes.o
 .rodata        0x00000000080109d0       0x40 /home/tomoaki/.p2/pool/plugins/fr.ac6.mcu.externaltools.arm-none.linux64_1.17.0.201812190825/tools/compiler/bin/../lib/gcc/arm-none-eabi/7.3.1/thumb/v6-m/libgcc.a(divdf3.o)
 .rodata        0x0000000008010a10       0x40 /home/tomoaki/.p2/pool/plugins/fr.ac6.mcu.externaltools.arm-none.linux64_1.17.0.201812190825/tools/compiler/bin/../lib/gcc/arm-none-eabi/7.3.1/thumb/v6-m/libgcc.a(muldf3.o)
 .rodata._global_impure_ptr
                0x0000000008010a50        0x4 /home/tomoaki/.p2/pool/plugins/fr.ac6.mcu.externaltools.arm-none.linux64_1.17.0.201812190825/tools/compiler/bin/../lib/gcc/arm-none-eabi/7.3.1/../../../../arm-none-eabi/lib/thumb/v6-m/libc_nano.a(lib_a-impure.o)
                0x0000000008010a50                _global_impure_ptr
 .rodata._printf_float.str1.1
                0x0000000008010a54       0x12 /home/tomoaki/.p2/pool/plugins/fr.ac6.mcu.externaltools.arm-none.linux64_1.17.0.201812190825/tools/compiler/bin/../lib/gcc/arm-none-eabi/7.3.1/../../../../arm-none-eabi/lib/thumb/v6-m/libc_nano.a(lib_a-nano-vfprintf_float.o)
 .rodata._dtoa_r.str1.1
                0x0000000008010a66        0xd /home/tomoaki/.p2/pool/plugins/fr.ac6.mcu.externaltools.arm-none.linux64_1.17.0.201812190825/tools/compiler/bin/../lib/gcc/arm-none-eabi/7.3.1/../../../../arm-none-eabi/lib/thumb/v6-m/libc_nano.a(lib_a-dtoa.o)
                                          0xf (size before relaxing)
 *fill*         0x0000000008010a73        0x1 
 .rodata.__sf_fake_stderr
                0x0000000008010a74       0x20 /home/tomoaki/.p2/pool/plugins/fr.ac6.mcu.externaltools.arm-none.linux64_1.17.0.201812190825/tools/compiler/bin/../lib/gcc/arm-none-eabi/7.3.1/../../../../arm-none-eabi/lib/thumb/v6-m/libc_nano.a(lib_a-findfp.o)
                0x0000000008010a74                __sf_fake_stderr
 .rodata.__sf_fake_stdin
                0x0000000008010a94       0x20 /home/tomoaki/.p2/pool/plugins/fr.ac6.mcu.externaltools.arm-none.linux64_1.17.0.201812190825/tools/compiler/bin/../lib/gcc/arm-none-eabi/7.3.1/../../../../arm-none-eabi/lib/thumb/v6-m/libc_nano.a(lib_a-findfp.o)
                0x0000000008010a94                __sf_fake_stdin
 .rodata.__sf_fake_stdout
                0x0000000008010ab4       0x20 /home/tomoaki/.p2/pool/plugins/fr.ac6.mcu.externaltools.arm-none.linux64_1.17.0.201812190825/tools/compiler/bin/../lib/gcc/arm-none-eabi/7.3.1/../../../../arm-none-eabi/lib/thumb/v6-m/libc_nano.a(lib_a-findfp.o)
                0x0000000008010ab4                __sf_fake_stdout
 *fill*         0x0000000008010ad4        0x4 
 .rodata.__mprec_bigtens
                0x0000000008010ad8       0x28 /home/tomoaki/.p2/pool/plugins/fr.ac6.mcu.externaltools.arm-none.linux64_1.17.0.201812190825/tools/compiler/bin/../lib/gcc/arm-none-eabi/7.3.1/../../../../arm-none-eabi/lib/thumb/v6-m/libc_nano.a(lib_a-mprec.o)
                0x0000000008010ad8                __mprec_bigtens
 .rodata.__mprec_tens
                0x0000000008010b00       0xc8 /home/tomoaki/.p2/pool/plugins/fr.ac6.mcu.externaltools.arm-none.linux64_1.17.0.201812190825/tools/compiler/bin/../lib/gcc/arm-none-eabi/7.3.1/../../../../arm-none-eabi/lib/thumb/v6-m/libc_nano.a(lib_a-mprec.o)
                0x0000000008010b00                __mprec_tens
 .rodata.p05.6084
                0x0000000008010bc8        0xc /home/tomoaki/.p2/pool/plugins/fr.ac6.mcu.externaltools.arm-none.linux64_1.17.0.201812190825/tools/compiler/bin/../lib/gcc/arm-none-eabi/7.3.1/../../../../arm-none-eabi/lib/thumb/v6-m/libc_nano.a(lib_a-mprec.o)
 .rodata._setlocale_r.str1.1
                0x0000000008010bd4        0x8 /home/tomoaki/.p2/pool/plugins/fr.ac6.mcu.externaltools.arm-none.linux64_1.17.0.201812190825/tools/compiler/bin/../lib/gcc/arm-none-eabi/7.3.1/../../../../arm-none-eabi/lib/thumb/v6-m/libc_nano.a(lib_a-locale.o)
                                          0x9 (size before relaxing)
 .rodata.str1.1
                0x0000000008010bdc        0x2 /home/tomoaki/.p2/pool/plugins/fr.ac6.mcu.externaltools.arm-none.linux64_1.17.0.201812190825/tools/compiler/bin/../lib/gcc/arm-none-eabi/7.3.1/../../../../arm-none-eabi/lib/thumb/v6-m/libc_nano.a(lib_a-locale.o)
 .rodata._ctype_
                0x0000000008010bde      0x101 /home/tomoaki/.p2/pool/plugins/fr.ac6.mcu.externaltools.arm-none.linux64_1.17.0.201812190825/tools/compiler/bin/../lib/gcc/arm-none-eabi/7.3.1/../../../../arm-none-eabi/lib/thumb/v6-m/libc_nano.a(lib_a-ctype_.o)
                0x0000000008010bde                _ctype_
 *(.eh_frame*)
 *fill*         0x0000000008010cdf        0x1 
 .eh_frame      0x0000000008010ce0        0x0 /home/tomoaki/.p2/pool/plugins/fr.ac6.mcu.externaltools.arm-none.linux64_1.17.0.201812190825/tools/compiler/bin/../lib/gcc/arm-none-eabi/7.3.1/thumb/v6-m/crtbegin.o
 .eh_frame      0x0000000008010ce0        0x4 /home/tomoaki/.p2/pool/plugins/fr.ac6.mcu.externaltools.arm-none.linux64_1.17.0.201812190825/tools/compiler/bin/../lib/gcc/arm-none-eabi/7.3.1/thumb/v6-m/crtend.o

.glue_7         0x0000000008010ce4        0x0
 .glue_7        0x0000000008010ce4        0x0 linker stubs

.glue_7t        0x0000000008010ce4        0x0
 .glue_7t       0x0000000008010ce4        0x0 linker stubs

.vfp11_veneer   0x0000000008010ce4        0x0
 .vfp11_veneer  0x0000000008010ce4        0x0 linker stubs

.v4_bx          0x0000000008010ce4        0x0
 .v4_bx         0x0000000008010ce4        0x0 linker stubs

.iplt           0x0000000008010ce4        0x0
 .iplt          0x0000000008010ce4        0x0 /home/tomoaki/.p2/pool/plugins/fr.ac6.mcu.externaltools.arm-none.linux64_1.17.0.201812190825/tools/compiler/bin/../lib/gcc/arm-none-eabi/7.3.1/thumb/v6-m/crtbegin.o

.ARM.extab
 *(.ARM.extab* .gnu.linkonce.armextab.*)
                0x0000000008010ce4                __exidx_start = .

.ARM.exidx      0x0000000008010ce4        0x8
 *(.ARM.exidx* .gnu.linkonce.armexidx.*)
 .ARM.exidx     0x0000000008010ce4        0x8 /home/tomoaki/.p2/pool/plugins/fr.ac6.mcu.externaltools.arm-none.linux64_1.17.0.201812190825/tools/compiler/bin/../lib/gcc/arm-none-eabi/7.3.1/thumb/v6-m/libgcc.a(_udivmoddi4.o)
                0x0000000008010cec                __exidx_end = .
                0x0000000008010cec                __etext = .
                0x0000000008010cec                _sidata = .

.rel.dyn        0x0000000008010cec        0x0
 .rel.iplt      0x0000000008010cec        0x0 /home/tomoaki/.p2/pool/plugins/fr.ac6.mcu.externaltools.arm-none.linux64_1.17.0.201812190825/tools/compiler/bin/../lib/gcc/arm-none-eabi/7.3.1/thumb/v6-m/crtbegin.o

.data           0x0000000020000000      0x2c0 load address 0x0000000008010cec
                0x0000000020000000                __data_start__ = .
                0x0000000020000000                _sdata = .
 *(vtable)
 *(.data*)
 .data          0x0000000020000000        0x4 LoRaEz/device.o
 .data          0x0000000020000004        0x4 LoRaEz/mcu/cmsis/system_stm32l0xx.o
                0x0000000020000004                SystemCoreClock
 .data          0x0000000020000008       0x18 LoRaEz/sx1276/sx1276.o
                0x0000000020000008                DioIrq
 .data          0x0000000020000020       0xc8 LoRaLink/LoRaLink.o
                0x0000000020000020                DwelltimeRange
                0x0000000020000024                FreqenciesDwell0
                0x0000000020000060                MaxPayloadDwell0
                0x0000000020000068                FreqenciesDwell1
                0x00000000200000c0                MaxPayloadDwell1
                0x00000000200000c8                Bandwidths
 .data._impure_ptr
                0x00000000200000e8        0x4 /home/tomoaki/.p2/pool/plugins/fr.ac6.mcu.externaltools.arm-none.linux64_1.17.0.201812190825/tools/compiler/bin/../lib/gcc/arm-none-eabi/7.3.1/../../../../arm-none-eabi/lib/thumb/v6-m/libc_nano.a(lib_a-impure.o)
                0x00000000200000e8                _impure_ptr
 .data.impure_data
                0x00000000200000ec       0x60 /home/tomoaki/.p2/pool/plugins/fr.ac6.mcu.externaltools.arm-none.linux64_1.17.0.201812190825/tools/compiler/bin/../lib/gcc/arm-none-eabi/7.3.1/../../../../arm-none-eabi/lib/thumb/v6-m/libc_nano.a(lib_a-impure.o)
 .data.__global_locale
                0x000000002000014c      0x16c /home/tomoaki/.p2/pool/plugins/fr.ac6.mcu.externaltools.arm-none.linux64_1.17.0.201812190825/tools/compiler/bin/../lib/gcc/arm-none-eabi/7.3.1/../../../../arm-none-eabi/lib/thumb/v6-m/libc_nano.a(lib_a-locale.o)
                0x000000002000014c                __global_locale
                0x00000000200002b8                . = ALIGN (0x4)
                0x00000000200002b8                PROVIDE (__preinit_array_start = .)
 *(.preinit_array)
                0x00000000200002b8                PROVIDE (__preinit_array_end = .)
                0x00000000200002b8                . = ALIGN (0x4)
                0x00000000200002b8                PROVIDE (__init_array_start = .)
 *(SORT_BY_NAME(.init_array.*))
 *(.init_array)
 .init_array    0x00000000200002b8        0x4 /home/tomoaki/.p2/pool/plugins/fr.ac6.mcu.externaltools.arm-none.linux64_1.17.0.201812190825/tools/compiler/bin/../lib/gcc/arm-none-eabi/7.3.1/thumb/v6-m/crtbegin.o
                0x00000000200002bc                PROVIDE (__init_array_end = .)
                0x00000000200002bc                . = ALIGN (0x4)
                [!provide]                        PROVIDE (__fini_array_start = .)
 *(SORT_BY_NAME(.fini_array.*))
 *(.fini_array)
 .fini_array    0x00000000200002bc        0x4 /home/tomoaki/.p2/pool/plugins/fr.ac6.mcu.externaltools.arm-none.linux64_1.17.0.201812190825/tools/compiler/bin/../lib/gcc/arm-none-eabi/7.3.1/thumb/v6-m/crtbegin.o
                [!provide]                        PROVIDE (__fini_array_end = .)
 *(.jcr*)
                0x00000000200002c0                . = ALIGN (0x4)
                0x00000000200002c0                __data_end__ = .
                0x00000000200002c0                _edata = .

.igot.plt       0x00000000200002c0        0x0 load address 0x0000000008010fac
 .igot.plt      0x00000000200002c0        0x0 /home/tomoaki/.p2/pool/plugins/fr.ac6.mcu.externaltools.arm-none.linux64_1.17.0.201812190825/tools/compiler/bin/../lib/gcc/arm-none-eabi/7.3.1/thumb/v6-m/crtbegin.o

.bss            0x00000000200002c0     0x17d8 load address 0x0000000008010fac
                0x00000000200002c0                . = ALIGN (0x4)
                0x00000000200002c0                __bss_start__ = .
                0x00000000200002c0                _sbss = .
 *(.bss*)
 .bss           0x00000000200002c0       0x1c /home/tomoaki/.p2/pool/plugins/fr.ac6.mcu.externaltools.arm-none.linux64_1.17.0.201812190825/tools/compiler/bin/../lib/gcc/arm-none-eabi/7.3.1/thumb/v6-m/crtbegin.o
 .bss           0x00000000200002dc        0x1 LoRaEz/adc.o
 *fill*         0x00000000200002dd        0x3 
 .bss           0x00000000200002e0      0xd24 LoRaEz/device.o
                0x00000000200003a0                Uart
 .bss           0x0000000020001004       0x40 LoRaEz/gpio.o
 .bss           0x0000000020001044       0x52 LoRaEz/i2c.o
 *fill*         0x0000000020001096        0x2 
 .bss           0x0000000020001098        0x8 LoRaEz/lpm.o
 .bss           0x00000000200010a0       0x6f LoRaEz/rtc.o
 *fill*         0x000000002000110f        0x1 
 .bss           0x0000000020001110       0xb0 LoRaEz/spi.o
 .bss           0x00000000200011c0        0x1 LoRaEz/sx1276-device.o
 *fill*         0x00000000200011c1        0x3 
 .bss           0x00000000200011c4       0x84 LoRaEz/systime.o
 .bss           0x0000000020001248        0x4 LoRaEz/timer.o
 .bss           0x000000002000124c       0x72 LoRaEz/uart.o
                0x00000000200012bc                RxData
                0x00000000200012bd                TxData
 *fill*         0x00000000200012be        0x2 
 .bss           0x00000000200012c0      0x104 LoRaEz/sx1276/sx1276.o
 .bss           0x00000000200013c4      0x1ec LoRaLink/LoRaLink.o
                0x00000000200013c4                LoRaLinkRadioEventsStatus
                0x00000000200013c8                LoRaLinkRadioEvents
                0x00000000200013e4                LoRaLinkPacket
                0x0000000020001400                LoRaLinkNextTx
 .bss           0x00000000200015b0       0x60 System/TaskMgmt.o
                0x00000000200015f4                RecvPkt
                0x00000000200015f8                theOnPublishList
                0x0000000020001604                theTaskList
 .bss           0x0000000020001610        0x1 System/utilities.o
                0x0000000020001610                theTraceFlg
 *fill*         0x0000000020001611        0x3 
 .bss.__malloc_free_list
                0x0000000020001614        0x4 /home/tomoaki/.p2/pool/plugins/fr.ac6.mcu.externaltools.arm-none.linux64_1.17.0.201812190825/tools/compiler/bin/../lib/gcc/arm-none-eabi/7.3.1/../../../../arm-none-eabi/lib/thumb/v6-m/libc_nano.a(lib_a-nano-mallocr.o)
                0x0000000020001614                __malloc_free_list
 .bss.__malloc_sbrk_start
                0x0000000020001618        0x4 /home/tomoaki/.p2/pool/plugins/fr.ac6.mcu.externaltools.arm-none.linux64_1.17.0.201812190825/tools/compiler/bin/../lib/gcc/arm-none-eabi/7.3.1/../../../../arm-none-eabi/lib/thumb/v6-m/libc_nano.a(lib_a-nano-mallocr.o)
                0x0000000020001618                __malloc_sbrk_start
 .bss.heap_end.4102
                0x000000002000161c        0x4 /home/tomoaki/.p2/pool/plugins/fr.ac6.mcu.externaltools.arm-none.linux64_1.17.0.201812190825/tools/compiler/bin/../lib/gcc/arm-none-eabi/7.3.1/../../../../arm-none-eabi/lib/thumb/v6-m/libnosys.a(sbrk.o)
 *(COMMON)
 COMMON         0x0000000020001620       0x60 LoRaEz/adc.o
                0x0000000020001620                AdcHandle
 COMMON         0x0000000020001680       0x50 LoRaEz/sx1276-device.o
                0x0000000020001680                AntSwitchTxBoost
                0x0000000020001694                AntSwitchTxRfo
                0x00000000200016a8                TcxoPower
                0x00000000200016bc                AntSwitchRx
 COMMON         0x00000000200016d0        0x4 LoRaEz/mcu/STM32L0xx_HAL_Driver/Src/stm32l0xx_hal.o
                0x00000000200016d0                uwTick
 COMMON         0x00000000200016d4      0x18c LoRaEz/sx1276/sx1276.o
                0x00000000200016d4                TxTimeoutTimer
                0x00000000200016ec                RxTimeoutSyncWord
                0x0000000020001704                SX1276
                0x0000000020001848                RxTimeoutTimer
 COMMON         0x0000000020001860       0x15 LoRaLink/LoRaLink.o
                0x0000000020001860                TxDoneParams
                0x0000000020001864                RxDoneParams
                0x0000000020001874                DeviceStatus
 *fill*         0x0000000020001875        0x3 
 COMMON         0x0000000020001878      0x21c LoRaLink/LoRaLinkCrypto.o
                0x0000000020001878                SeCtx
 COMMON         0x0000000020001a94        0x4 /home/tomoaki/.p2/pool/plugins/fr.ac6.mcu.externaltools.arm-none.linux64_1.17.0.201812190825/tools/compiler/bin/../lib/gcc/arm-none-eabi/7.3.1/../../../../arm-none-eabi/lib/thumb/v6-m/libc_nano.a(lib_a-reent.o)
                0x0000000020001a94                errno
                0x0000000020001a98                . = ALIGN (0x4)
                0x0000000020001a98                __bss_end__ = .
                0x0000000020001a98                _ebss = .

.heap           0x0000000020001a98        0x0
                0x0000000020001a98                __end__ = .
                0x0000000020001a98                end = __end__
 *(.heap*)
                0x0000000020001a98                __HeapLimit = .

.stack_dummy    0x0000000020001a98        0x0
 *(.stack*)
                0x0000000020005000                __StackTop = (ORIGIN (RAM) + LENGTH (RAM))
                0x0000000020005000                _estack = __StackTop
                0x0000000020005000                __StackLimit = (__StackTop - SIZEOF (.stack_dummy))
                0x0000000020005000                PROVIDE (__stack = __StackTop)
                0x0000000000000001                ASSERT ((__StackLimit >= __HeapLimit), region RAM overflowed with stack)
OUTPUT(MQTT-SN-LoRa.elf elf32-littlearm)

.ARM.attributes
                0x0000000000000000       0x28
 .ARM.attributes
                0x0000000000000000       0x1e /home/tomoaki/.p2/pool/plugins/fr.ac6.mcu.externaltools.arm-none.linux64_1.17.0.201812190825/tools/compiler/bin/../lib/gcc/arm-none-eabi/7.3.1/thumb/v6-m/crti.o
 .ARM.attributes
                0x000000000000001e       0x2c /home/tomoaki/.p2/pool/plugins/fr.ac6.mcu.externaltools.arm-none.linux64_1.17.0.201812190825/tools/compiler/bin/../lib/gcc/arm-none-eabi/7.3.1/thumb/v6-m/crtbegin.o
 .ARM.attributes