Archive member included to satisfy reference by file (symbol)

/home/tomoaki/.p2/pool/plugins/fr.ac6.mcu.externaltools.arm-none.linux64_1.17.0.201812190825/tools/compiler/bin/../lib/gcc/arm-none-eabi/7.3.1/../../../../arm-none-eabi/lib/thumb/v6-m/libm.a(lib_a-s_ceil.o)
                              LoRaEz/sx1276/sx1276.o (ceil)
/home/tomoaki/.p2/pool/plugins/fr.ac6.mcu.externaltools.arm-none.linux64_1.17.0.201812190825/tools/compiler/bin/../lib/gcc/arm-none-eabi/7.3.1/../../../../arm-none-eabi/lib/thumb/v6-m/libm.a(lib_a-s_floor.o)
                              LoRaEz/rtc.o (floor)
/home/tomoaki/.p2/pool/plugins/fr.ac6.mcu.externaltools.arm-none.linux64_1.17.0.201812190825/tools/compiler/bin/../lib/gcc/arm-none-eabi/7.3.1/../../../../arm-none-eabi/lib/thumb/v6-m/libm.a(lib_a-s_round.o)
                              LoRaEz/sx1276/sx1276.o (round)
/home/tomoaki/.p2/pool/plugins/fr.ac6.mcu.externaltools.arm-none.linux64_1.17.0.201812190825/tools/compiler/bin/../lib/gcc/arm-none-eabi/7.3.1/thumb/v6-m/libgcc.a(_udivsi3.o)
                              LoRaEz/device.o (__aeabi_uidiv)
/home/tomoaki/.p2/pool/plugins/fr.ac6.mcu.externaltools.arm-none.linux64_1.17.0.201812190825/tools/compiler/bin/../lib/gcc/arm-none-eabi/7.3.1/thumb/v6-m/libgcc.a(_divsi3.o)
                              LoRaEz/device.o (__aeabi_idiv)
/home/tomoaki/.p2/pool/plugins/fr.ac6.mcu.externaltools.arm-none.linux64_1.17.0.201812190825/tools/compiler/bin/../lib/gcc/arm-none-eabi/7.3.1/thumb/v6-m/libgcc.a(_dvmd_tls.o)
                              /home/tomoaki/.p2/pool/plugins/fr.ac6.mcu.externaltools.arm-none.linux64_1.17.0.201812190825/tools/compiler/bin/../lib/gcc/arm-none-eabi/7.3.1/thumb/v6-m/libgcc.a(_udivsi3.o) (__aeabi_idiv0)
/home/tomoaki/.p2/pool/plugins/fr.ac6.mcu.externaltools.arm-none.linux64_1.17.0.201812190825/tools/compiler/bin/../lib/gcc/arm-none-eabi/7.3.1/thumb/v6-m/libgcc.a(_arm_cmpdf2.o)
                              LoRaEz/sx1276/sx1276.o (__aeabi_dcmpgt)
/home/tomoaki/.p2/pool/plugins/fr.ac6.mcu.externaltools.arm-none.linux64_1.17.0.201812190825/tools/compiler/bin/../lib/gcc/arm-none-eabi/7.3.1/thumb/v6-m/libgcc.a(_arm_cmpsf2.o)
                              LoRaEz/rtc.o (__aeabi_fcmplt)
/home/tomoaki/.p2/pool/plugins/fr.ac6.mcu.externaltools.arm-none.linux64_1.17.0.201812190825/tools/compiler/bin/../lib/gcc/arm-none-eabi/7.3.1/thumb/v6-m/libgcc.a(_aeabi_ldivmod.o)
                              LoRaEz/rtc.o (__aeabi_ldivmod)
/home/tomoaki/.p2/pool/plugins/fr.ac6.mcu.externaltools.arm-none.linux64_1.17.0.201812190825/tools/compiler/bin/../lib/gcc/arm-none-eabi/7.3.1/thumb/v6-m/libgcc.a(_aeabi_uldivmod.o)
                              LoRaEz/rtc.o (__aeabi_uldivmod)
/home/tomoaki/.p2/pool/plugins/fr.ac6.mcu.externaltools.arm-none.linux64_1.17.0.201812190825/tools/compiler/bin/../lib/gcc/arm-none-eabi/7.3.1/thumb/v6-m/libgcc.a(_fixunssfsi.o)
                              LoRaEz/delay.o (__aeabi_f2uiz)
/home/tomoaki/.p2/pool/plugins/fr.ac6.mcu.externaltools.arm-none.linux64_1.17.0.201812190825/tools/compiler/bin/../lib/gcc/arm-none-eabi/7.3.1/thumb/v6-m/libgcc.a(_fixunsdfsi.o)
                              LoRaEz/device.o (__aeabi_d2uiz)
/home/tomoaki/.p2/pool/plugins/fr.ac6.mcu.externaltools.arm-none.linux64_1.17.0.201812190825/tools/compiler/bin/../lib/gcc/arm-none-eabi/7.3.1/thumb/v6-m/libgcc.a(_udivmoddi4.o)
                              /home/tomoaki/.p2/pool/plugins/fr.ac6.mcu.externaltools.arm-none.linux64_1.17.0.201812190825/tools/compiler/bin/../lib/gcc/arm-none-eabi/7.3.1/thumb/v6-m/libgcc.a(_aeabi_uldivmod.o) (__udivmoddi4)
/home/tomoaki/.p2/pool/plugins/fr.ac6.mcu.externaltools.arm-none.linux64_1.17.0.201812190825/tools/compiler/bin/../lib/gcc/arm-none-eabi/7.3.1/thumb/v6-m/libgcc.a(bpabi.o)
                              /home/tomoaki/.p2/pool/plugins/fr.ac6.mcu.externaltools.arm-none.linux64_1.17.0.201812190825/tools/compiler/bin/../lib/gcc/arm-none-eabi/7.3.1/thumb/v6-m/libgcc.a(_aeabi_ldivmod.o) (__gnu_ldivmod_helper)
/home/tomoaki/.p2/pool/plugins/fr.ac6.mcu.externaltools.arm-none.linux64_1.17.0.201812190825/tools/compiler/bin/../lib/gcc/arm-none-eabi/7.3.1/thumb/v6-m/libgcc.a(addsf3.o)
                              LoRaEz/rtc.o (__aeabi_fadd)
/home/tomoaki/.p2/pool/plugins/fr.ac6.mcu.externaltools.arm-none.linux64_1.17.0.201812190825/tools/compiler/bin/../lib/gcc/arm-none-eabi/7.3.1/thumb/v6-m/libgcc.a(divsf3.o)
                              LoRaEz/rtc.o (__aeabi_fdiv)
/home/tomoaki/.p2/pool/plugins/fr.ac6.mcu.externaltools.arm-none.linux64_1.17.0.201812190825/tools/compiler/bin/../lib/gcc/arm-none-eabi/7.3.1/thumb/v6-m/libgcc.a(eqsf2.o)
                              /home/tomoaki/.p2/pool/plugins/fr.ac6.mcu.externaltools.arm-none.linux64_1.17.0.201812190825/tools/compiler/bin/../lib/gcc/arm-none-eabi/7.3.1/thumb/v6-m/libgcc.a(_arm_cmpsf2.o) (__eqsf2)
[...]
Memory Configuration

Name             Origin             Length             Attributes
FLASH            0x0000000008000000 0x0000000000030000 xr
RAM              0x0000000020000000 0x0000000000005000 xrw
*default*        0x0000000000000000 0xffffffffffffffff

Linker script and memory map

LOAD /home/tomoaki/.p2/pool/plugins/fr.ac6.mcu.externaltools.arm-none.linux64_1.17.0.201812190825/tools/compiler/bin/../lib/gcc/arm-none-eabi/7.3.1/thumb/v6-m/crti.o
LOAD /home/tomoaki/.p2/pool/plugins/fr.ac6.mcu.externaltools.arm-none.linux64_1.17.0.201812190825/tools/compiler/bin/../lib/gcc/arm-none-eabi/7.3.1/thumb/v6-m/crtbegin.o
LOAD /home/tomoaki/.p2/pool/plugins/fr.ac6.mcu.externaltools.arm-none.linux64_1.17.0.201812190825/tools/compiler/bin/../lib/gcc/arm-none-eabi/7.3.1/../../../../arm-none-eabi/lib/thumb/v6-m/crt0.o
LOAD AppSrc/test.o
LOAD LoRaEz/adc.o
LOAD LoRaEz/delay.o
LOAD LoRaEz/device.o
LOAD LoRaEz/eeprom-board.o
LOAD LoRaEz/eeprom.o
LOAD LoRaEz/fifo.o
LOAD LoRaEz/gpio.o
LOAD LoRaEz/i2c.o
LOAD LoRaEz/lpm.o
LOAD LoRaEz/nvmm.o
LOAD LoRaEz/rtc.o
LOAD LoRaEz/spi.o
LOAD LoRaEz/sx1276-device.o
LOAD LoRaEz/systime.o
LOAD LoRaEz/timer.o
LOAD LoRaEz/uart.o
LOAD LoRaEz/mcu/STM32L0xx_HAL_Driver/Src/stm32l0xx_hal.o
LOAD LoRaEz/mcu/STM32L0xx_HAL_Driver/Src/stm32l0xx_hal_adc.o
LOAD LoRaEz/mcu/STM32L0xx_HAL_Driver/Src/stm32l0xx_hal_adc_ex.o
LOAD LoRaEz/mcu/STM32L0xx_HAL_Driver/Src/stm32l0xx_hal_comp.o
LOAD LoRaEz/mcu/STM32L0xx_HAL_Driver/Src/stm32l0xx_hal_comp_ex.o
LOAD LoRaEz/mcu/STM32L0xx_HAL_Driver/Src/stm32l0xx_hal_cortex.o
LOAD LoRaEz/mcu/STM32L0xx_HAL_Driver/Src/stm32l0xx_hal_crc.o
LOAD LoRaEz/mcu/STM32L0xx_HAL_Driver/Src/stm32l0xx_hal_crc_ex.o
LOAD LoRaEz/mcu/STM32L0xx_HAL_Driver/Src/stm32l0xx_hal_cryp.o
LOAD LoRaEz/mcu/STM32L0xx_HAL_Driver/Src/stm32l0xx_hal_cryp_ex.o
LOAD LoRaEz/mcu/STM32L0xx_HAL_Driver/Src/stm32l0xx_hal_dac.o
LOAD LoRaEz/mcu/STM32L0xx_HAL_Driver/Src/stm32l0xx_hal_dac_ex.o
LOAD LoRaEz/mcu/STM32L0xx_HAL_Driver/Src/stm32l0xx_hal_dma.o
LOAD LoRaEz/mcu/STM32L0xx_HAL_Driver/Src/stm32l0xx_hal_firewall.o
LOAD LoRaEz/mcu/STM32L0xx_HAL_Driver/Src/stm32l0xx_hal_flash.o
LOAD LoRaEz/mcu/STM32L0xx_HAL_Driver/Src/stm32l0xx_hal_flash_ex.o
LOAD LoRaEz/mcu/STM32L0xx_HAL_Driver/Src/stm32l0xx_hal_flash_ramfunc.o
LOAD LoRaEz/mcu/STM32L0xx_HAL_Driver/Src/stm32l0xx_hal_gpio.o
LOAD LoRaEz/mcu/STM32L0xx_HAL_Driver/Src/stm32l0xx_hal_i2c.o
LOAD LoRaEz/mcu/STM32L0xx_HAL_Driver/Src/stm32l0xx_hal_i2c_ex.o
LOAD LoRaEz/mcu/STM32L0xx_HAL_Driver/Src/stm32l0xx_hal_i2s.o
LOAD LoRaEz/mcu/STM32L0xx_HAL_Driver/Src/stm32l0xx_hal_irda.o
LOAD LoRaEz/mcu/STM32L0xx_HAL_Driver/Src/stm32l0xx_hal_iwdg.o
LOAD LoRaEz/mcu/STM32L0xx_HAL_Driver/Src/stm32l0xx_hal_lcd.o
LOAD LoRaEz/mcu/STM32L0xx_HAL_Driver/Src/stm32l0xx_hal_lptim.o
LOAD LoRaEz/mcu/STM32L0xx_HAL_Driver/Src/stm32l0xx_hal_msp_template.o
LOAD LoRaEz/mcu/STM32L0xx_HAL_Driver/Src/stm32l0xx_hal_pcd.o
LOAD LoRaEz/mcu/STM32L0xx_HAL_Driver/Src/stm32l0xx_hal_pcd_ex.o
LOAD LoRaEz/mcu/STM32L0xx_HAL_Driver/Src/stm32l0xx_hal_pwr.o
LOAD LoRaEz/mcu/STM32L0xx_HAL_Driver/Src/stm32l0xx_hal_pwr_ex.o
LOAD LoRaEz/mcu/STM32L0xx_HAL_Driver/Src/stm32l0xx_hal_rcc.o
LOAD LoRaEz/mcu/STM32L0xx_HAL_Driver/Src/stm32l0xx_hal_rcc_ex.o
LOAD LoRaEz/mcu/STM32L0xx_HAL_Driver/Src/stm32l0xx_hal_rng.o
LOAD LoRaEz/mcu/STM32L0xx_HAL_Driver/Src/stm32l0xx_hal_rtc.o
LOAD LoRaEz/mcu/STM32L0xx_HAL_Driver/Src/stm32l0xx_hal_rtc_ex.o
LOAD LoRaEz/mcu/STM32L0xx_HAL_Driver/Src/stm32l0xx_hal_smartcard.o
LOAD LoRaEz/mcu/STM32L0xx_HAL_Driver/Src/stm32l0xx_hal_smartcard_ex.o
LOAD LoRaEz/mcu/STM32L0xx_HAL_Driver/Src/stm32l0xx_hal_smbus.o
LOAD LoRaEz/mcu/STM32L0xx_HAL_Driver/Src/stm32l0xx_hal_spi.o
LOAD LoRaEz/mcu/STM32L0xx_HAL_Driver/Src/stm32l0xx_hal_tim.o
LOAD LoRaEz/mcu/STM32L0xx_HAL_Driver/Src/stm32l0xx_hal_tim_ex.o
LOAD LoRaEz/mcu/STM32L0xx_HAL_Driver/Src/stm32l0xx_hal_tsc.o
LOAD LoRaEz/mcu/STM32L0xx_HAL_Driver/Src/stm32l0xx_hal_uart.o
LOAD LoRaEz/mcu/STM32L0xx_HAL_Driver/Src/stm32l0xx_hal_uart_ex.o
LOAD LoRaEz/mcu/STM32L0xx_HAL_Driver/Src/stm32l0xx_hal_usart.o
LOAD LoRaEz/mcu/STM32L0xx_HAL_Driver/Src/stm32l0xx_hal_wwdg.o
LOAD LoRaEz/mcu/cmsis/arm-gcc/startup_stm32l082xx.o
LOAD LoRaEz/mcu/cmsis/system_stm32l0xx.o
LOAD LoRaEz/sx1276/sx1276.o
LOAD LoRaLink/LoRaLink.o
LOAD LoRaLink/LoRaLinkApi.o
LOAD LoRaLink/LoRaLinkCrypto.o
LOAD LoRaLink/aes.o
LOAD LoRaLink/cmac.o
LOAD MQTTSN/MQTTSNClient.o
LOAD MQTTSN/MQTTSNPublish.o
LOAD MQTTSN/MQTTSNRegister.o
LOAD MQTTSN/MQTTSNSubscribe.o
LOAD MQTTSN/MQTTSNTopic.o
LOAD System/Payload.o
LOAD System/Peripheral.o
LOAD System/TaskMgmt.o
LOAD System/utilities.o
LOAD /home/tomoaki/.p2/pool/plugins/fr.ac6.mcu.externaltools.arm-none.linux64_1.17.0.201812190825/tools/compiler/bin/../lib/gcc/arm-none-eabi/7.3.1/../../../../arm-none-eabi/lib/thumb/v6-m/libm.a
START GROUP
LOAD /home/tomoaki/.p2/pool/plugins/fr.ac6.mcu.externaltools.arm-none.linux64_1.17.0.201812190825/tools/compiler/bin/../lib/gcc/arm-none-eabi/7.3.1/thumb/v6-m/libgcc.a
LOAD /home/tomoaki/.p2/pool/plugins/fr.ac6.mcu.externaltools.arm-none.linux64_1.17.0.201812190825/tools/compiler/bin/../lib/gcc/arm-none-eabi/7.3.1/../../../../arm-none-eabi/lib/thumb/v6-m/libc_nano.a
END GROUP
START GROUP
LOAD /home/tomoaki/.p2/pool/plugins/fr.ac6.mcu.externaltools.arm-none.linux64_1.17.0.201812190825/tools/compiler/bin/../lib/gcc/arm-none-eabi/7.3.1/thumb/v6-m/libgcc.a
LOAD /home/tomoaki/.p2/pool/plugins/fr.ac6.mcu.externaltools.arm-none.linux64_1.17.0.201812190825/tools/compiler/bin/../lib/gcc/arm-none-eabi/7.3.1/../../../../arm-none-eabi/lib/thumb/v6-m/libc_nano.a
LOAD /home/tomoaki/.p2/pool/plugins/fr.ac6.mcu.externaltools.arm-none.linux64_1.17.0.201812190825/tools/compiler/bin/../lib/gcc/arm-none-eabi/7.3.1/../../../../arm-none-eabi/lib/thumb/v6-m/libnosys.a
END GROUP
START GROUP
LOAD /home/tomoaki/.p2/pool/plugins/fr.ac6.mcu.externaltools.arm-none.linux64_1.17.0.201812190825/tools/compiler/bin/../lib/gcc/arm-none-eabi/7.3.1/thumb/v6-m/libgcc.a
LOAD /home/tomoaki/.p2/pool/plugins/fr.ac6.mcu.externaltools.arm-none.linux64_1.17.0.201812190825/tools/compiler/bin/../lib/gcc/arm-none-eabi/7.3.1/../../../../arm-none-eabi/lib/thumb/v6-m/libc_nano.a
LOAD /home/tomoaki/.p2/pool/plugins/fr.ac6.mcu.externaltools.arm-none.linux64_1.17.0.201812190825/tools/compiler/bin/../lib/gcc/arm-none-eabi/7.3.1/../../../../arm-none-eabi/lib/thumb/v6-m/libnosys.a
END GROUP
LOAD /home/tomoaki/.p2/pool/plugins/fr.ac6.mcu.externaltools.arm-none.linux64_1.17.0.201812190825/tools/compiler/bin/../lib/gcc/arm-none-eabi/7.3.1/thumb/v6-m/crtend.o
LOAD /home/tomoaki/.p2/pool/plugins/fr.ac6.mcu.externaltools.arm-none.linux64_1.17.0.201812190825/tools/compiler/bin/../lib/gcc/arm-none-eabi/7.3.1/thumb/v6-m/crtn.o

.text           0x0000000008000000    0x135f4
 *(.isr_vector)
 .isr_vector    0x0000000008000000       0xc0 LoRaEz/mcu/cmsis/arm-gcc/startup_stm32l082xx.o
                0x0000000008000000                g_pfnVectors
 *(.text*)
 .text          0x00000000080000c0       0x48 /home/tomoaki/.p2/pool/plugins/fr.ac6.mcu.externaltools.arm-none.linux64_1.17.0.201812190825/tools/compiler/bin/../lib/gcc/arm-none-eabi/7.3.1/thumb/v6-m/crtbegin.o
 .text.on_publish
                0x0000000008000108       0x10 AppSrc/test.o
                0x0000000008000108                on_publish
 .text.task1    0x0000000008000118       0x48 AppSrc/test.o
                0x0000000008000118                task1
 .text.start    0x0000000008000160       0x48 AppSrc/test.o
                0x0000000008000160                start
 .text.AdcInit  0x00000000080001a8       0x98 LoRaEz/adc.o
                0x00000000080001a8                AdcInit
 .text.AdcReadChannel
                0x0000000008000240       0xcc LoRaEz/adc.o
                0x0000000008000240                AdcReadChannel
 .text.DelayMs  0x000000000800030c        0x8 LoRaEz/delay.o
                0x000000000800030c                DelayMs
 .text.OnCalibrateSystemWakeupTimeTimerEvent
                0x0000000008000314       0x14 LoRaEz/device.o
 .text.sleep    0x0000000008000328        0x4 LoRaEz/device.o
                0x0000000008000328                sleep
 .text.wakeup   0x000000000800032c        0x4 LoRaEz/device.o
                0x000000000800032c                wakeup
 .text.DeviceGetInt0
                0x0000000008000330        0xc LoRaEz/device.o
                0x0000000008000330                DeviceGetInt0
 .text.DeviceGetInt1
                0x000000000800033c        0xc LoRaEz/device.o
                0x000000000800033c                DeviceGetInt1
 .text.DeviceSetBaudeRate
                0x0000000008000348        0xc LoRaEz/device.o
                0x0000000008000348                DeviceSetBaudeRate
 .text.DeviceCriticalSectionBegin
                0x0000000008000354        0xc LoRaEz/device.o
                0x0000000008000354                DeviceCriticalSectionBegin
 .text.DeviceCriticalSectionEnd
                0x0000000008000360        0x8 LoRaEz/device.o
                0x0000000008000360                DeviceCriticalSectionEnd
 .text.DeviceInitMcu
                0x0000000008000368      0x258 LoRaEz/device.o
                0x0000000008000368                DeviceInitMcu
 .text.DeviceGetRandomSeed
                0x00000000080005c0       0x20 LoRaEz/device.o
                0x00000000080005c0                DeviceGetRandomSeed
 .text.SysTick_Handler
                0x00000000080005e0        0xc LoRaEz/device.o
                0x00000000080005e0                SysTick_Handler
 .text.LpmEnterStopMode
                0x00000000080005ec       0x64 LoRaEz/device.o
                0x00000000080005ec                LpmEnterStopMode
 .text.LpmExitStopMode
                0x0000000008000650       0x1c LoRaEz/device.o
                0x0000000008000650                LpmExitStopMode
 .text.LpmEnterSleepMode
                0x000000000800066c        0xc LoRaEz/device.o
                0x000000000800066c                LpmEnterSleepMode
 .text.DeviceLowPowerHandler
                0x0000000008000678       0x24 LoRaEz/device.o
                0x0000000008000678                DeviceLowPowerHandler
 .text._write   0x000000000800069c       0x24 LoRaEz/device.o
                0x000000000800069c                _write
 .text._read    0x00000000080006c0       0x40 LoRaEz/device.o
                0x00000000080006c0                _read
 .text.FifoInit
                0x0000000008000700        0xc LoRaEz/fifo.o
                0x0000000008000700                FifoInit
 .text.FifoPush
                0x000000000800070c       0x18 LoRaEz/fifo.o
                0x000000000800070c                FifoPush
 .text.FifoPop  0x0000000008000724       0x18 LoRaEz/fifo.o
                0x0000000008000724                FifoPop
 .text.IsFifoEmpty
                0x000000000800073c       0x10 LoRaEz/fifo.o
                0x000000000800073c                IsFifoEmpty
 .text.IsFifoFull
                0x000000000800074c       0x1c LoRaEz/fifo.o
                0x000000000800074c                IsFifoFull
 .text.GpioInit
                0x0000000008000768      0x11c LoRaEz/gpio.o
                0x0000000008000768                GpioInit
 .text.GpioSetInterrupt
                0x0000000008000884       0xe8 LoRaEz/gpio.o
                0x0000000008000884                GpioSetInterrupt
 .text.GpioWrite
                0x000000000800096c       0x18 LoRaEz/gpio.o
                0x000000000800096c                GpioWrite
 .text.GpioRead
                0x0000000008000984       0x18 LoRaEz/gpio.o
                0x0000000008000984                GpioRead
 .text.EXTI0_1_IRQHandler
                0x000000000800099c       0x10 LoRaEz/gpio.o
                0x000000000800099c                EXTI0_1_IRQHandler
 .text.EXTI2_3_IRQHandler
                0x00000000080009ac       0x10 LoRaEz/gpio.o
                0x00000000080009ac                EXTI2_3_IRQHandler
 .text.EXTI4_15_IRQHandler
                0x00000000080009bc       0x5c LoRaEz/gpio.o
                0x00000000080009bc                EXTI4_15_IRQHandler
 .text.HAL_GPIO_EXTI_Callback
                0x0000000008000a18       0x38 LoRaEz/gpio.o
                0x0000000008000a18                HAL_GPIO_EXTI_Callback
 .text.I2cInit  0x0000000008000a50       0xd4 LoRaEz/i2c.o
                0x0000000008000a50                I2cInit
 .text.I2cDeInit
                0x0000000008000b24       0x64 LoRaEz/i2c.o
                0x0000000008000b24                I2cDeInit
 .text.LpmSetOffMode
                0x0000000008000b88       0x38 LoRaEz/lpm.o
                0x0000000008000b88                LpmSetOffMode
 .text.LpmSetStopMode
                0x0000000008000bc0       0x38 LoRaEz/lpm.o
                0x0000000008000bc0                LpmSetStopMode
 .text.LpmGetMode
                0x0000000008000bf8       0x2c LoRaEz/lpm.o
                0x0000000008000bf8                LpmGetMode
 .text.LpmExitSleepMode
                0x0000000008000c24        0x4 LoRaEz/lpm.o
                0x0000000008000c24                LpmExitSleepMode
 .text.LpmEnterOffMode
                0x0000000008000c28        0x4 LoRaEz/lpm.o
                0x0000000008000c28                LpmEnterOffMode
 .text.LpmExitOffMode
                0x0000000008000c2c        0x4 LoRaEz/lpm.o
                0x0000000008000c2c                LpmExitOffMode
 .text.LpmEnterLowPower
                0x0000000008000c30       0x34 LoRaEz/lpm.o
                0x0000000008000c30                LpmEnterLowPower
 .text.RtcInit  0x0000000008000c64      0x15c LoRaEz/rtc.o
                0x0000000008000c64                RtcInit
 .text.RtcSetTimerContext
                0x0000000008000dc0       0xdc LoRaEz/rtc.o
                0x0000000008000dc0                RtcSetTimerContext
 .text.RtcGetTimerContext
                0x0000000008000e9c        0xc LoRaEz/rtc.o
                0x0000000008000e9c                RtcGetTimerContext
 .text.RtcGetMinimumTimeout
                0x0000000008000ea8        0x4 LoRaEz/rtc.o
                0x0000000008000ea8                RtcGetMinimumTimeout
 .text.RtcMs2Tick
                0x0000000008000eac       0x10 LoRaEz/rtc.o
                0x0000000008000eac                RtcMs2Tick
 .text.RtcTick2Ms
                0x0000000008000ebc       0x20 LoRaEz/rtc.o
                0x0000000008000ebc                RtcTick2Ms
 .text.RtcStopAlarm
                0x0000000008000edc       0x34 LoRaEz/rtc.o
                0x0000000008000edc                RtcStopAlarm
 .text.RtcStartAlarm
                0x0000000008000f10      0x430 LoRaEz/rtc.o
                0x0000000008000f10                RtcStartAlarm
 .text.RtcSetAlarm
                0x0000000008001340      0x130 LoRaEz/rtc.o
                0x0000000008001340                RtcSetAlarm
 .text.RtcGetTimerValue
                0x0000000008001470       0xc4 LoRaEz/rtc.o
                0x0000000008001470                RtcGetTimerValue
 .text.RtcGetTimerElapsedTime
                0x0000000008001534       0xd4 LoRaEz/rtc.o
                0x0000000008001534                RtcGetTimerElapsedTime
 .text.RtcSetMcuWakeUpTime
                0x0000000008001608      0x138 LoRaEz/rtc.o
                0x0000000008001608                RtcSetMcuWakeUpTime
 .text.RtcGetCalendarTime
                0x0000000008001740       0xe8 LoRaEz/rtc.o
                0x0000000008001740                RtcGetCalendarTime
 .text.RTC_IRQHandler
                0x0000000008001828       0x44 LoRaEz/rtc.o
                0x0000000008001828                RTC_IRQHandler
 .text.RtcBkupRead
                0x000000000800186c       0x24 LoRaEz/rtc.o
                0x000000000800186c                RtcBkupRead
 .text.SpiInit  0x0000000008001890      0x21c LoRaEz/spi.o
                0x0000000008001890                SpiInit
 .text.SpiDeInit
                0x0000000008001aac       0x70 LoRaEz/spi.o
                0x0000000008001aac                SpiDeInit
 .text.SpiInOut
                0x0000000008001b1c       0x50 LoRaEz/spi.o
                0x0000000008001b1c                SpiInOut
 .text.SX1276IoInit
                0x0000000008001b6c       0x7c LoRaEz/sx1276-device.o
                0x0000000008001b6c                SX1276IoInit
 .text.SX1276IoIrqInit
                0x0000000008001be8       0x50 LoRaEz/sx1276-device.o
                0x0000000008001be8                SX1276IoIrqInit
 .text.SX1276IoDeInit
                0x0000000008001c38       0x7c LoRaEz/sx1276-device.o
                0x0000000008001c38                SX1276IoDeInit
 .text.SX1276IoDbgInit
                0x0000000008001cb4        0x4 LoRaEz/sx1276-device.o
                0x0000000008001cb4                SX1276IoDbgInit
 .text.SX1276IoTcxoInit
                0x0000000008001cb8       0x1c LoRaEz/sx1276-device.o
                0x0000000008001cb8                SX1276IoTcxoInit
 .text.SX1276SetDeviceTcxo
                0x0000000008001cd4       0x30 LoRaEz/sx1276-device.o
                0x0000000008001cd4                SX1276SetDeviceTcxo
 .text.SX1276Reset
                0x0000000008001d04       0x60 LoRaEz/sx1276-device.o
                0x0000000008001d04                SX1276Reset
 .text.SX1276SetRfTxPower
                0x0000000008001d64       0x8c LoRaEz/sx1276-device.o
                0x0000000008001d64                SX1276SetRfTxPower
 .text.SX1276SetAntSwLowPower
                0x0000000008001df0       0x8c LoRaEz/sx1276-device.o
                0x0000000008001df0                SX1276SetAntSwLowPower
 .text.SX1276SetAntSw
                0x0000000008001e7c       0x38 LoRaEz/sx1276-device.o
                0x0000000008001e7c                SX1276SetAntSw
 .text.SysTimeGet
                0x0000000008001eb4       0x58 LoRaEz/systime.o
                0x0000000008001eb4                SysTimeGet
 .text.SysTimeSetTimeZone
                0x0000000008001f0c        0xc LoRaEz/systime.o
                0x0000000008001f0c                SysTimeSetTimeZone
 .text.TimerInit
                0x0000000008001f18       0x14 LoRaEz/timer.o
                0x0000000008001f18                TimerInit
 .text.TimerStart
                0x0000000008001f2c       0xe0 LoRaEz/timer.o
                0x0000000008001f2c                TimerStart
 .text.TimerIrqHandler
                0x000000000800200c       0xc0 LoRaEz/timer.o
                0x000000000800200c                TimerIrqHandler
 .text.TimerStop
                0x00000000080020cc       0x90 LoRaEz/timer.o
                0x00000000080020cc                TimerStop
 .text.TimerSetValue
                0x000000000800215c       0xac LoRaEz/timer.o
                0x000000000800215c                TimerSetValue
 .text.TimerGetCurrentTime
                0x0000000008002208        0xc LoRaEz/timer.o
                0x0000000008002208                TimerGetCurrentTime
 .text.TimerGetElapsedTime
                0x0000000008002214       0x20 LoRaEz/timer.o
                0x0000000008002214                TimerGetElapsedTime
 .text.UartMcuPutBuffer
                0x0000000008002234      0x218 LoRaEz/uart.o
                0x0000000008002234                UartMcuPutBuffer
 .text.UartMcuGetBuffer
                0x000000000800244c       0x78 LoRaEz/uart.o
                0x000000000800244c                UartMcuGetBuffer
 .text.HAL_UART_TxCpltCallback
                0x00000000080024c4       0x44 LoRaEz/uart.o
                0x00000000080024c4                HAL_UART_TxCpltCallback
 .text.HAL_UART_RxCpltCallback
                0x0000000008002508       0x44 LoRaEz/uart.o
                0x0000000008002508                HAL_UART_RxCpltCallback
 .text.HAL_UART_ErrorCallback
                0x000000000800254c       0x14 LoRaEz/uart.o
                0x000000000800254c                HAL_UART_ErrorCallback
 .text.USART1_IRQHandler
                0x0000000008002560       0x10 LoRaEz/uart.o
                0x0000000008002560                USART1_IRQHandler
 .text.UartInit
                0x0000000008002570       0x6c LoRaEz/uart.o
                0x0000000008002570                UartInit
 .text.UartConfig
                0x00000000080025dc       0xdc LoRaEz/uart.o
                0x00000000080025dc                UartConfig
 .text.UartDeInit
                0x00000000080026b8       0x64 LoRaEz/uart.o
                0x00000000080026b8                UartDeInit
 .text.UartPutChar
                0x000000000800271c       0x5c LoRaEz/uart.o
                0x000000000800271c                UartPutChar
 .text.UartGetChar
                0x0000000008002778       0x48 LoRaEz/uart.o
                0x0000000008002778                UartGetChar
 .text.HAL_InitTick
                0x00000000080027c0       0x28 LoRaEz/mcu/STM32L0xx_HAL_Driver/Src/stm32l0xx_hal.o
                0x00000000080027c0                HAL_InitTick
 .text.HAL_Init
                0x00000000080027e8       0x20 LoRaEz/mcu/STM32L0xx_HAL_Driver/Src/stm32l0xx_hal.o
                0x00000000080027e8                HAL_Init
 .text.HAL_IncTick
                0x0000000008002808       0x10 LoRaEz/mcu/STM32L0xx_HAL_Driver/Src/stm32l0xx_hal.o
                0x0000000008002808                HAL_IncTick
 .text.HAL_GetTick
                0x0000000008002818        0xc LoRaEz/mcu/STM32L0xx_HAL_Driver/Src/stm32l0xx_hal.o
                0x0000000008002818                HAL_GetTick
 .text.HAL_Delay
                0x0000000008002824       0x1c LoRaEz/mcu/STM32L0xx_HAL_Driver/Src/stm32l0xx_hal.o
                0x0000000008002824                HAL_Delay
 .text.HAL_SuspendTick
                0x0000000008002840       0x10 LoRaEz/mcu/STM32L0xx_HAL_Driver/Src/stm32l0xx_hal.o
                0x0000000008002840                HAL_SuspendTick
 .text.HAL_ResumeTick
                0x0000000008002850       0x10 LoRaEz/mcu/STM32L0xx_HAL_Driver/Src/stm32l0xx_hal.o
                0x0000000008002850                HAL_ResumeTick
 .text.HAL_DBGMCU_DisableDBGSleepMode
                0x0000000008002860       0x10 LoRaEz/mcu/STM32L0xx_HAL_Driver/Src/stm32l0xx_hal.o
                0x0000000008002860                HAL_DBGMCU_DisableDBGSleepMode
 .text.HAL_DBGMCU_DisableDBGStopMode
                0x0000000008002870       0x10 LoRaEz/mcu/STM32L0xx_HAL_Driver/Src/stm32l0xx_hal.o
                0x0000000008002870                HAL_DBGMCU_DisableDBGStopMode
 .text.HAL_DBGMCU_DisableDBGStandbyMode
                0x0000000008002880       0x10 LoRaEz/mcu/STM32L0xx_HAL_Driver/Src/stm32l0xx_hal.o
                0x0000000008002880                HAL_DBGMCU_DisableDBGStandbyMode
 .text.HAL_ADC_MspInit
                0x0000000008002890        0x4 LoRaEz/mcu/STM32L0xx_HAL_Driver/Src/stm32l0xx_hal_adc.o
                0x0000000008002890                HAL_ADC_MspInit
 .text.HAL_ADC_Init
                0x0000000008002894      0x1c8 LoRaEz/mcu/STM32L0xx_HAL_Driver/Src/stm32l0xx_hal_adc.o
                0x0000000008002894                HAL_ADC_Init
 .text.HAL_ADC_MspDeInit
                0x0000000008002a5c        0x4 LoRaEz/mcu/STM32L0xx_HAL_Driver/Src/stm32l0xx_hal_adc.o
                0x0000000008002a5c                HAL_ADC_MspDeInit
 .text.HAL_ADC_DeInit
                0x0000000008002a60      0x13c LoRaEz/mcu/STM32L0xx_HAL_Driver/Src/stm32l0xx_hal_adc.o
                0x0000000008002a60                HAL_ADC_DeInit
 .text.HAL_ADC_Start
                0x0000000008002b9c       0xe0 LoRaEz/mcu/STM32L0xx_HAL_Driver/Src/stm32l0xx_hal_adc.o
                0x0000000008002b9c                HAL_ADC_Start
 .text.HAL_ADC_PollForConversion
                0x0000000008002c7c       0xc0 LoRaEz/mcu/STM32L0xx_HAL_Driver/Src/stm32l0xx_hal_adc.o
                0x0000000008002c7c                HAL_ADC_PollForConversion
 .text.HAL_ADC_GetValue
                0x0000000008002d3c        0x8 LoRaEz/mcu/STM32L0xx_HAL_Driver/Src/stm32l0xx_hal_adc.o
                0x0000000008002d3c                HAL_ADC_GetValue
 .text.HAL_ADC_ConfigChannel
                0x0000000008002d44       0xd4 LoRaEz/mcu/STM32L0xx_HAL_Driver/Src/stm32l0xx_hal_adc.o
                0x0000000008002d44                HAL_ADC_ConfigChannel
 .text.HAL_ADCEx_Calibration_Start
                0x0000000008002e18       0xa8 LoRaEz/mcu/STM32L0xx_HAL_Driver/Src/stm32l0xx_hal_adc_ex.o
                0x0000000008002e18                HAL_ADCEx_Calibration_Start
 .text.HAL_NVIC_SetPriority
                0x0000000008002ec0       0x58 LoRaEz/mcu/STM32L0xx_HAL_Driver/Src/stm32l0xx_hal_cortex.o
                0x0000000008002ec0                HAL_NVIC_SetPriority
 .text.HAL_NVIC_EnableIRQ
                0x0000000008002f18       0x14 LoRaEz/mcu/STM32L0xx_HAL_Driver/Src/stm32l0xx_hal_cortex.o
                0x0000000008002f18                HAL_NVIC_EnableIRQ
 .text.HAL_SYSTICK_Config
                0x0000000008002f2c       0x38 LoRaEz/mcu/STM32L0xx_HAL_Driver/Src/stm32l0xx_hal_cortex.o
                0x0000000008002f2c                HAL_SYSTICK_Config
 .text.HAL_NVIC_GetPendingIRQ
                0x0000000008002f64       0x18 LoRaEz/mcu/STM32L0xx_HAL_Driver/Src/stm32l0xx_hal_cortex.o
                0x0000000008002f64                HAL_NVIC_GetPendingIRQ
 .text.HAL_SYSTICK_CLKSourceConfig
                0x0000000008002f7c       0x1c LoRaEz/mcu/STM32L0xx_HAL_Driver/Src/stm32l0xx_hal_cortex.o
                0x0000000008002f7c                HAL_SYSTICK_CLKSourceConfig
 .text.HAL_SYSTICK_Callback
                0x0000000008002f98        0x4 LoRaEz/mcu/STM32L0xx_HAL_Driver/Src/stm32l0xx_hal_cortex.o
                0x0000000008002f98                HAL_SYSTICK_Callback
 .text.HAL_SYSTICK_IRQHandler
                0x0000000008002f9c        0x8 LoRaEz/mcu/STM32L0xx_HAL_Driver/Src/stm32l0xx_hal_cortex.o
                0x0000000008002f9c                HAL_SYSTICK_IRQHandler
 .text.HAL_DMA_Abort_IT
                0x0000000008002fa4       0xb4 LoRaEz/mcu/STM32L0xx_HAL_Driver/Src/stm32l0xx_hal_dma.o
                0x0000000008002fa4                HAL_DMA_Abort_IT
 .text.HAL_GPIO_Init
                0x0000000008003058      0x1ec LoRaEz/mcu/STM32L0xx_HAL_Driver/Src/stm32l0xx_hal_gpio.o
                0x0000000008003058                HAL_GPIO_Init
 .text.HAL_GPIO_ReadPin
                0x0000000008003244        0xc LoRaEz/mcu/STM32L0xx_HAL_Driver/Src/stm32l0xx_hal_gpio.o
                0x0000000008003244                HAL_GPIO_ReadPin
 .text.HAL_GPIO_WritePin
                0x0000000008003250        0xc LoRaEz/mcu/STM32L0xx_HAL_Driver/Src/stm32l0xx_hal_gpio.o
                0x0000000008003250                HAL_GPIO_WritePin
 .text.HAL_GPIO_EXTI_IRQHandler
                0x000000000800325c       0x18 LoRaEz/mcu/STM32L0xx_HAL_Driver/Src/stm32l0xx_hal_gpio.o
                0x000000000800325c                HAL_GPIO_EXTI_IRQHandler
 .text.HAL_I2C_MspInit
                0x0000000008003274        0x4 LoRaEz/mcu/STM32L0xx_HAL_Driver/Src/stm32l0xx_hal_i2c.o
                0x0000000008003274                HAL_I2C_MspInit
 .text.HAL_I2C_Init
                0x0000000008003278       0xb0 LoRaEz/mcu/STM32L0xx_HAL_Driver/Src/stm32l0xx_hal_i2c.o
                0x0000000008003278                HAL_I2C_Init
 .text.HAL_I2C_MspDeInit
                0x0000000008003328        0x4 LoRaEz/mcu/STM32L0xx_HAL_Driver/Src/stm32l0xx_hal_i2c.o
                0x0000000008003328                HAL_I2C_MspDeInit
 .text.HAL_I2C_DeInit
                0x000000000800332c       0x34 LoRaEz/mcu/STM32L0xx_HAL_Driver/Src/stm32l0xx_hal_i2c.o
                0x000000000800332c                HAL_I2C_DeInit
 .text.HAL_I2CEx_ConfigAnalogFilter
                0x0000000008003360       0x5c LoRaEz/mcu/STM32L0xx_HAL_Driver/Src/stm32l0xx_hal_i2c_ex.o
                0x0000000008003360                HAL_I2CEx_ConfigAnalogFilter
 .text.HAL_MspInit
                0x00000000080033bc        0x4 LoRaEz/mcu/STM32L0xx_HAL_Driver/Src/stm32l0xx_hal_msp_template.o
                0x00000000080033bc                HAL_MspInit
 .text.HAL_PWR_DisablePVD
                0x00000000080033c0       0x10 LoRaEz/mcu/STM32L0xx_HAL_Driver/Src/stm32l0xx_hal_pwr.o
                0x00000000080033c0                HAL_PWR_DisablePVD
 .text.HAL_PWR_EnterSLEEPMode
                0x00000000080033d0       0x30 LoRaEz/mcu/STM32L0xx_HAL_Driver/Src/stm32l0xx_hal_pwr.o
                0x00000000080033d0                HAL_PWR_EnterSLEEPMode
 .text.HAL_PWR_EnterSTOPMode
                0x0000000008003400       0x3c LoRaEz/mcu/STM32L0xx_HAL_Driver/Src/stm32l0xx_hal_pwr.o
                0x0000000008003400                HAL_PWR_EnterSTOPMode
 .text.HAL_PWREx_EnableFastWakeUp
                0x000000000800343c       0x14 LoRaEz/mcu/STM32L0xx_HAL_Driver/Src/stm32l0xx_hal_pwr_ex.o
                0x000000000800343c                HAL_PWREx_EnableFastWakeUp
 .text.HAL_PWREx_EnableUltraLowPower
                0x0000000008003450       0x14 LoRaEz/mcu/STM32L0xx_HAL_Driver/Src/stm32l0xx_hal_pwr_ex.o
                0x0000000008003450                HAL_PWREx_EnableUltraLowPower
 .text.HAL_RCC_OscConfig
                0x0000000008003464      0x644 LoRaEz/mcu/STM32L0xx_HAL_Driver/Src/stm32l0xx_hal_rcc.o
                0x0000000008003464                HAL_RCC_OscConfig
 .text.HAL_RCC_ClockConfig
                0x0000000008003aa8      0x234 LoRaEz/mcu/STM32L0xx_HAL_Driver/Src/stm32l0xx_hal_rcc.o
                0x0000000008003aa8                HAL_RCC_ClockConfig
 .text.HAL_RCC_GetSysClockFreq
                0x0000000008003cdc       0xa8 LoRaEz/mcu/STM32L0xx_HAL_Driver/Src/stm32l0xx_hal_rcc.o
                0x0000000008003cdc                HAL_RCC_GetSysClockFreq
 .text.HAL_RCC_GetHCLKFreq
                0x0000000008003d84        0xc LoRaEz/mcu/STM32L0xx_HAL_Driver/Src/stm32l0xx_hal_rcc.o
                0x0000000008003d84                HAL_RCC_GetHCLKFreq
 .text.HAL_RCC_GetPCLK1Freq
                0x0000000008003d90       0x20 LoRaEz/mcu/STM32L0xx_HAL_Driver/Src/stm32l0xx_hal_rcc.o
                0x0000000008003d90                HAL_RCC_GetPCLK1Freq
 .text.HAL_RCC_GetPCLK2Freq
                0x0000000008003db0       0x20 LoRaEz/mcu/STM32L0xx_HAL_Driver/Src/stm32l0xx_hal_rcc.o
                0x0000000008003db0                HAL_RCC_GetPCLK2Freq
 .text.HAL_RCCEx_PeriphCLKConfig
                0x0000000008003dd0      0x1ec LoRaEz/mcu/STM32L0xx_HAL_Driver/Src/stm32l0xx_hal_rcc_ex.o
                0x0000000008003dd0                HAL_RCCEx_PeriphCLKConfig
 .text.HAL_RCCEx_GetPeriphCLKFreq
                0x0000000008003fbc      0x220 LoRaEz/mcu/STM32L0xx_HAL_Driver/Src/stm32l0xx_hal_rcc_ex.o
                0x0000000008003fbc                HAL_RCCEx_GetPeriphCLKFreq
 .text.HAL_RTC_MspInit
                0x00000000080041dc        0x4 LoRaEz/mcu/STM32L0xx_HAL_Driver/Src/stm32l0xx_hal_rtc.o
                0x00000000080041dc                HAL_RTC_MspInit
 .text.HAL_RTC_Init
                0x00000000080041e0       0xbc LoRaEz/mcu/STM32L0xx_HAL_Driver/Src/stm32l0xx_hal_rtc.o
                0x00000000080041e0                HAL_RTC_Init
 .text.HAL_RTC_SetTime
                0x000000000800429c      0x1a4 LoRaEz/mcu/STM32L0xx_HAL_Driver/Src/stm32l0xx_hal_rtc.o
                0x000000000800429c                HAL_RTC_SetTime
 .text.HAL_RTC_GetTime
                0x0000000008004440       0x68 LoRaEz/mcu/STM32L0xx_HAL_Driver/Src/stm32l0xx_hal_rtc.o
                0x0000000008004440                HAL_RTC_GetTime
 .text.HAL_RTC_SetDate
                0x00000000080044a8      0x160 LoRaEz/mcu/STM32L0xx_HAL_Driver/Src/stm32l0xx_hal_rtc.o
                0x00000000080044a8                HAL_RTC_SetDate
 .text.HAL_RTC_GetDate
                0x0000000008004608       0x5c LoRaEz/mcu/STM32L0xx_HAL_Driver/Src/stm32l0xx_hal_rtc.o
                0x0000000008004608                HAL_RTC_GetDate
 .text.HAL_RTC_SetAlarm_IT
                0x0000000008004664      0x218 LoRaEz/mcu/STM32L0xx_HAL_Driver/Src/stm32l0xx_hal_rtc.o
                0x0000000008004664                HAL_RTC_SetAlarm_IT
 .text.HAL_RTC_DeactivateAlarm
                0x000000000800487c       0xd0 LoRaEz/mcu/STM32L0xx_HAL_Driver/Src/stm32l0xx_hal_rtc.o
                0x000000000800487c                HAL_RTC_DeactivateAlarm
 .text.HAL_RTC_GetAlarm
                0x000000000800494c       0xc8 LoRaEz/mcu/STM32L0xx_HAL_Driver/Src/stm32l0xx_hal_rtc.o
                0x000000000800494c                HAL_RTC_GetAlarm
 .text.HAL_RTCEx_BKUPRead
                0x0000000008004a14        0xc LoRaEz/mcu/STM32L0xx_HAL_Driver/Src/stm32l0xx_hal_rtc_ex.o
                0x0000000008004a14                HAL_RTCEx_BKUPRead
 .text.HAL_RTCEx_EnableBypassShadow
                0x0000000008004a20       0x34 LoRaEz/mcu/STM32L0xx_HAL_Driver/Src/stm32l0xx_hal_rtc_ex.o
                0x0000000008004a20                HAL_RTCEx_EnableBypassShadow
 .text.HAL_SPI_MspInit
                0x0000000008004a54        0x4 LoRaEz/mcu/STM32L0xx_HAL_Driver/Src/stm32l0xx_hal_spi.o
                0x0000000008004a54                HAL_SPI_MspInit
 .text.HAL_SPI_Init
                0x0000000008004a58       0x80 LoRaEz/mcu/STM32L0xx_HAL_Driver/Src/stm32l0xx_hal_spi.o
                0x0000000008004a58                HAL_SPI_Init
 .text.HAL_SPI_MspDeInit
                0x0000000008004ad8        0x4 LoRaEz/mcu/STM32L0xx_HAL_Driver/Src/stm32l0xx_hal_spi.o
                0x0000000008004ad8                HAL_SPI_MspDeInit
 .text.HAL_SPI_DeInit
                0x0000000008004adc       0x30 LoRaEz/mcu/STM32L0xx_HAL_Driver/Src/stm32l0xx_hal_spi.o
                0x0000000008004adc                HAL_SPI_DeInit
 .text.HAL_UART_MspInit
                0x0000000008004b0c        0x4 LoRaEz/mcu/STM32L0xx_HAL_Driver/Src/stm32l0xx_hal_uart.o
                0x0000000008004b0c                HAL_UART_MspInit
 .text.HAL_UART_Transmit_IT
                0x0000000008004b10       0x64 LoRaEz/mcu/STM32L0xx_HAL_Driver/Src/stm32l0xx_hal_uart.o
                0x0000000008004b10                HAL_UART_Transmit_IT
 .text.HAL_UART_Receive_IT
                0x0000000008004b74       0xd0 LoRaEz/mcu/STM32L0xx_HAL_Driver/Src/stm32l0xx_hal_uart.o
                0x0000000008004b74                HAL_UART_Receive_IT
 .text.HAL_UART_IRQHandler
                0x0000000008004c44      0x2a0 LoRaEz/mcu/STM32L0xx_HAL_Driver/Src/stm32l0xx_hal_uart.o
                0x0000000008004c44                HAL_UART_IRQHandler
 .text.UART_DMAAbortOnError
                0x0000000008004ee4       0x14 LoRaEz/mcu/STM32L0xx_HAL_Driver/Src/stm32l0xx_hal_uart.o
 .text.UART_SetConfig
                0x0000000008004ef8      0x304 LoRaEz/mcu/STM32L0xx_HAL_Driver/Src/stm32l0xx_hal_uart.o
                0x0000000008004ef8                UART_SetConfig
 .text.UART_AdvFeatureConfig
                0x00000000080051fc       0xd0 LoRaEz/mcu/STM32L0xx_HAL_Driver/Src/stm32l0xx_hal_uart.o
                0x00000000080051fc                UART_AdvFeatureConfig
 .text.HAL_UART_Init
                0x00000000080052cc      0x454 LoRaEz/mcu/STM32L0xx_HAL_Driver/Src/stm32l0xx_hal_uart.o
                0x00000000080052cc                HAL_UART_Init
 .text.HAL_HalfDuplex_Init
                0x0000000008005720      0x460 LoRaEz/mcu/STM32L0xx_HAL_Driver/Src/stm32l0xx_hal_uart.o
                0x0000000008005720                HAL_HalfDuplex_Init
 .text.HAL_MultiProcessor_Init
                0x0000000008005b80      0x488 LoRaEz/mcu/STM32L0xx_HAL_Driver/Src/stm32l0xx_hal_uart.o
                0x0000000008005b80                HAL_MultiProcessor_Init
 .text.UART_CheckIdleState
                0x0000000008006008       0x9c LoRaEz/mcu/STM32L0xx_HAL_Driver/Src/stm32l0xx_hal_uart.o
                0x0000000008006008                UART_CheckIdleState
 .text.HAL_LIN_Init
                0x00000000080060a4      0x3c0 LoRaEz/mcu/STM32L0xx_HAL_Driver/Src/stm32l0xx_hal_uart.o
                0x00000000080060a4                HAL_LIN_Init
 .text.HAL_UARTEx_WakeupCallback
                0x0000000008006464        0x4 LoRaEz/mcu/STM32L0xx_HAL_Driver/Src/stm32l0xx_hal_uart_ex.o
                0x0000000008006464                HAL_UARTEx_WakeupCallback
 .text.Reset_Handler
                0x0000000008006468       0x50 LoRaEz/mcu/cmsis/arm-gcc/startup_stm32l082xx.o
                0x0000000008006468                Reset_Handler
 .text.Default_Handler
                0x00000000080064b8        0x2 LoRaEz/mcu/cmsis/arm-gcc/startup_stm32l082xx.o
                0x00000000080064b8                TSC_IRQHandler
                0x00000000080064b8                HardFault_Handler
                0x00000000080064b8                ADC1_COMP_IRQHandler
                0x00000000080064b8                PVD_IRQHandler
                0x00000000080064b8                PendSV_Handler
                0x00000000080064b8                NMI_Handler
                0x00000000080064b8                I2C1_IRQHandler
                0x00000000080064b8                RCC_CRS_IRQHandler
                0x00000000080064b8                SPI1_IRQHandler
                0x00000000080064b8                TIM6_DAC_IRQHandler
                0x00000000080064b8                I2C2_IRQHandler
                0x00000000080064b8                DMA1_Channel4_5_6_7_IRQHandler
                0x00000000080064b8                TIM3_IRQHandler
                0x00000000080064b8                DMA1_Channel1_IRQHandler
                0x00000000080064b8                USART4_5_IRQHandler
                0x00000000080064b8                Default_Handler
                0x00000000080064b8                TIM22_IRQHandler
                0x00000000080064b8                TIM7_IRQHandler
                0x00000000080064b8                USB_IRQHandler
                0x00000000080064b8                I2C3_IRQHandler
                0x00000000080064b8                SPI2_IRQHandler
                0x00000000080064b8                SVC_Handler
                0x00000000080064b8                TIM21_IRQHandler
                0x00000000080064b8                WWDG_IRQHandler
                0x00000000080064b8                TIM2_IRQHandler
                0x00000000080064b8                DMA1_Channel2_3_IRQHandler
                0x00000000080064b8                USART2_IRQHandler
                0x00000000080064b8                FLASH_IRQHandler
                0x00000000080064b8                AES_RNG_LPUART1_IRQHandler
                0x00000000080064b8                LPTIM1_IRQHandler
 *fill*         0x00000000080064ba        0x2 
 .text.SystemInit
                0x00000000080064bc       0x5c LoRaEz/mcu/cmsis/system_stm32l0xx.o
                0x00000000080064bc                SystemInit
 .text.SX1276OnDio4Irq
                0x0000000008006518       0x20 LoRaEz/sx1276/sx1276.o
                0x0000000008006518                SX1276OnDio4Irq
 .text.SX1276WriteBuffer.constprop.13
                0x0000000008006538       0x34 LoRaEz/sx1276/sx1276.o
 .text.SX1276ReadBuffer.constprop.14
                0x000000000800656c       0x38 LoRaEz/sx1276/sx1276.o
 .text.SX1276SetModem.part.2
                0x00000000080065a4      0x1b4 LoRaEz/sx1276/sx1276.o
 .text.SX1276OnDio3Irq
                0x0000000008006758       0xa4 LoRaEz/sx1276/sx1276.o
                0x0000000008006758                SX1276OnDio3Irq
 .text.SX1276OnDio2Irq
                0x00000000080067fc      0x194 LoRaEz/sx1276/sx1276.o
                0x00000000080067fc                SX1276OnDio2Irq
 .text.SX1276OnDio1Irq
                0x0000000008006990      0x268 LoRaEz/sx1276/sx1276.o
                0x0000000008006990                SX1276OnDio1Irq
 .text.SX1276OnDio0Irq
                0x0000000008006bf8      0x61c LoRaEz/sx1276/sx1276.o
                0x0000000008006bf8                SX1276OnDio0Irq
 .text.SX1276GetStatus
                0x0000000008007214        0xc LoRaEz/sx1276/sx1276.o
                0x0000000008007214                SX1276GetStatus
 .text.SX1276SetChannel
                0x0000000008007220       0x90 LoRaEz/sx1276/sx1276.o
                0x0000000008007220                SX1276SetChannel
 .text.RxChainCalibration
                0x00000000080072b0      0x258 LoRaEz/sx1276/sx1276.o
 .text.SX1276Init
                0x0000000008007508      0x2f8 LoRaEz/sx1276/sx1276.o
                0x0000000008007508                SX1276Init
 .text.SX1276OnTimeoutIrq
                0x0000000008007800      0x4f4 LoRaEz/sx1276/sx1276.o
                0x0000000008007800                SX1276OnTimeoutIrq
 .text.SX1276SetRxConfig
                0x0000000008007cf4      0x694 LoRaEz/sx1276/sx1276.o
                0x0000000008007cf4                SX1276SetRxConfig
 .text.SX1276SetTxConfig
                0x0000000008008388      0x55c LoRaEz/sx1276/sx1276.o
                0x0000000008008388                SX1276SetTxConfig
 .text.SX1276GetTimeOnAir
                0x00000000080088e4      0x28c LoRaEz/sx1276/sx1276.o
                0x00000000080088e4                SX1276GetTimeOnAir
 .text.SX1276SetSleep
                0x0000000008008b70       0x7c LoRaEz/sx1276/sx1276.o
                0x0000000008008b70                SX1276SetSleep
 .text.SX1276IsChannelFree
                0x0000000008008bec      0x29c LoRaEz/sx1276/sx1276.o
                0x0000000008008bec                SX1276IsChannelFree
 .text.SX1276SetRx
                0x0000000008008e88      0x568 LoRaEz/sx1276/sx1276.o
                0x0000000008008e88                SX1276SetRx
 .text.SX1276SetTx
                0x00000000080093f0      0x178 LoRaEz/sx1276/sx1276.o
                0x00000000080093f0                SX1276SetTx
 .text.SX1276SetOpMode
                0x0000000008009568       0x74 LoRaEz/sx1276/sx1276.o
                0x0000000008009568                SX1276SetOpMode
 .text.SX1276Send
                0x00000000080095dc      0x30c LoRaEz/sx1276/sx1276.o
                0x00000000080095dc                SX1276Send
 .text.SX1276Write
                0x00000000080098e8       0x34 LoRaEz/sx1276/sx1276.o
                0x00000000080098e8                SX1276Write
 .text.SX1276Read
                0x000000000800991c       0x38 LoRaEz/sx1276/sx1276.o
                0x000000000800991c                SX1276Read
 .text.SX1276SetMaxPayloadLength
                0x0000000008009954      0x258 LoRaEz/sx1276/sx1276.o
                0x0000000008009954                SX1276SetMaxPayloadLength
 .text.SX1276SetSyncword
                0x0000000008009bac      0x138 LoRaEz/sx1276/sx1276.o
                0x0000000008009bac                SX1276SetSyncword
 .text.OnRadioTxTimeout
                0x0000000008009ce4       0x24 LoRaLink/LoRaLink.o
 .text.OnRadioRxError
                0x0000000008009d08       0x24 LoRaLink/LoRaLink.o
 .text.OnRadioRxTimeout
                0x0000000008009d2c       0x24 LoRaLink/LoRaLink.o
 .text.OnTxDelayedTimerEvent
                0x0000000008009d50       0x24 LoRaLink/LoRaLink.o
 .text.OnRadioRxDone
                0x0000000008009d74       0x40 LoRaLink/LoRaLink.o
 .text.OnRadioTxDone
                0x0000000008009db4       0x48 LoRaLink/LoRaLink.o
 .text.SetRxConfig.constprop.1
                0x0000000008009dfc       0xf4 LoRaLink/LoRaLink.o
 .text.LoRaLinkInitilize
                0x0000000008009ef0       0x58 LoRaLink/LoRaLink.o
                0x0000000008009ef0                LoRaLinkInitilize
 .text.LoRaLinkDeviceInit
                0x0000000008009f48      0x170 LoRaLink/LoRaLink.o
                0x0000000008009f48                LoRaLinkDeviceInit
 .text.LoRaLinkUart
                0x000000000800a0b8      0x494 LoRaLink/LoRaLink.o
                0x000000000800a0b8                LoRaLinkUart
 .text.LoRaLinkSend
                0x000000000800a54c      0x320 LoRaLink/LoRaLink.o
                0x000000000800a54c                LoRaLinkSend
 .text.LoRaLinkRecvPacket
                0x000000000800a86c      0x168 LoRaLink/LoRaLink.o
                0x000000000800a86c                LoRaLinkRecvPacket
 .text.LoRaLinkSetTxData
                0x000000000800a9d4       0x58 LoRaLink/LoRaLink.o
                0x000000000800a9d4                LoRaLinkSetTxData
 .text.LoRaLinkSerializeData
                0x000000000800aa2c       0x48 LoRaLink/LoRaLink.o
                0x000000000800aa2c                LoRaLinkSerializeData
 .text.LoRaLinkClearPacket
                0x000000000800aa74       0x18 LoRaLink/LoRaLink.o
                0x000000000800aa74                LoRaLinkClearPacket
 .text.LoRaLinkGetSourceAddr
                0x000000000800aa8c       0x10 LoRaLink/LoRaLink.o
                0x000000000800aa8c                LoRaLinkGetSourceAddr
 .text.LoRaLinkGetPanId
                0x000000000800aa9c       0x10 LoRaLink/LoRaLink.o
                0x000000000800aa9c                LoRaLinkGetPanId
 .text.LoRaLinkApiGetRxData
                0x000000000800aaac       0x44 LoRaLink/LoRaLinkApi.o
                0x000000000800aaac                LoRaLinkApiGetRxData
 .text.LoRaLinkApiWrite
                0x000000000800aaf0      0x26c LoRaLink/LoRaLinkApi.o
                0x000000000800aaf0                LoRaLinkApiWrite
 .text.LoRaLinkApiSetTxData
                0x000000000800ad5c       0x24 LoRaLink/LoRaLinkApi.o
                0x000000000800ad5c                LoRaLinkApiSetTxData
 .text.LoRaLinkApiRead
                0x000000000800ad80       0xfc LoRaLink/LoRaLinkApi.o
                0x000000000800ad80                LoRaLinkApiRead
 .text.PayloadEncrypt.constprop.2
                0x000000000800ae7c       0xe4 LoRaLink/LoRaLinkCrypto.o
 .text.VerifyCmacB0.isra.1
                0x000000000800af60       0xb8 LoRaLink/LoRaLinkCrypto.o
 .text.LoRaLinkCryptoSetKey
                0x000000000800b018       0x14 LoRaLink/LoRaLinkCrypto.o
                0x000000000800b018                LoRaLinkCryptoSetKey
 .text.LoRaLinkCryptoSecureMessage
                0x000000000800b02c       0xd0 LoRaLink/LoRaLinkCrypto.o
                0x000000000800b02c                LoRaLinkCryptoSecureMessage
 .text.LoRaLinkCryptoUnsecureMessage
                0x000000000800b0fc       0x4c LoRaLink/LoRaLinkCrypto.o
                0x000000000800b0fc                LoRaLinkCryptoUnsecureMessage
 .text.aes_encrypt.part.0
                0x000000000800b148      0x3b0 LoRaLink/aes.o
 .text.aes_set_key
                0x000000000800b4f8      0x234 LoRaLink/aes.o
                0x000000000800b4f8                aes_set_key
 .text.aes_encrypt
                0x000000000800b72c       0x18 LoRaLink/aes.o
                0x000000000800b72c                aes_encrypt
 .text.AES_CMAC_Init
                0x000000000800b744       0x24 LoRaLink/cmac.o
                0x000000000800b744                AES_CMAC_Init
 .text.AES_CMAC_SetKey
                0x000000000800b768       0x10 LoRaLink/cmac.o
                0x000000000800b768                AES_CMAC_SetKey
 .text.AES_CMAC_Update
                0x000000000800b778      0x20c LoRaLink/cmac.o
                0x000000000800b778                AES_CMAC_Update
 .text.AES_CMAC_Final
                0x000000000800b984      0x4b8 LoRaLink/cmac.o
                0x000000000800b984                AES_CMAC_Final
 .text.OnKeepAliveTimeupEvent
                0x000000000800be3c        0xc MQTTSN/MQTTSNClient.o
 .text.OnSleepTimeupEvent
                0x000000000800be48        0x4 MQTTSN/MQTTSNClient.o
 .text.MQTTSNClientInit
                0x000000000800be4c       0x88 MQTTSN/MQTTSNClient.o
                0x000000000800be4c                MQTTSNClientInit
 .text.GetMsgType
                0x000000000800bed4        0xc MQTTSN/MQTTSNClient.o
                0x000000000800bed4                GetMsgType
 .text.Disconnect
                0x000000000800bee0      0x214 MQTTSN/MQTTSNClient.o
                0x000000000800bee0                Disconnect
 .text.GetMessage
                0x000000000800c0f4      0x250 MQTTSN/MQTTSNClient.o
                0x000000000800c0f4                GetMessage
 .text.Connect.part.2
                0x000000000800c344      0x428 MQTTSN/MQTTSNClient.o
 .text.Connect  0x000000000800c76c        0x8 MQTTSN/MQTTSNClient.o
                0x000000000800c76c                Connect
 .text.CheckPingRequest
                0x000000000800c774      0x144 MQTTSN/MQTTSNClient.o
                0x000000000800c774                CheckPingRequest
 .text.RestartPingRequestTimer
                0x000000000800c8b8       0x28 MQTTSN/MQTTSNClient.o
                0x000000000800c8b8                RestartPingRequestTimer
 .text.WriteMsg
                0x000000000800c8e0       0x3c MQTTSN/MQTTSNClient.o
                0x000000000800c8e0                WriteMsg
 .text.GetNextMsgId
                0x000000000800c91c       0x10 MQTTSN/MQTTSNClient.o
                0x000000000800c91c                GetNextMsgId
 .text.sendPublishMsg.constprop.1
                0x000000000800c92c      0x100 MQTTSN/MQTTSNPublish.o
 .text.PublishByName
                0x000000000800ca2c       0xd8 MQTTSN/MQTTSNPublish.o
                0x000000000800ca2c                PublishByName
 .text.ResponcePublish
                0x000000000800cb04       0xb4 MQTTSN/MQTTSNPublish.o
                0x000000000800cb04                ResponcePublish
 .text.SendPublishSuspend
                0x000000000800cbb8       0x3c MQTTSN/MQTTSNPublish.o
                0x000000000800cbb8                SendPublishSuspend
 .text.Published
                0x000000000800cbf4       0x78 MQTTSN/MQTTSNPublish.o
                0x000000000800cbf4                Published
 .text.RegisterTopic
                0x000000000800cc6c       0x88 MQTTSN/MQTTSNRegister.o
                0x000000000800cc6c                RegisterTopic
 .text.ResponceRegAck
                0x000000000800ccf4       0x48 MQTTSN/MQTTSNRegister.o
                0x000000000800ccf4                ResponceRegAck
 .text.ResponceRegister
                0x000000000800cd3c       0x5c MQTTSN/MQTTSNRegister.o
                0x000000000800cd3c                ResponceRegister
 .text.SendSubscribeMsg.constprop.0
                0x000000000800cd98      0x138 MQTTSN/MQTTSNSubscribe.o
 .text.OnConnect
                0x000000000800ced0       0xc0 MQTTSN/MQTTSNSubscribe.o
                0x000000000800ced0                OnConnect
 .text.ResponceSubscribe
                0x000000000800cf90       0x78 MQTTSN/MQTTSNSubscribe.o
                0x000000000800cf90                ResponceSubscribe
 .text.MQTTSNTopicAdd
                0x000000000800d008       0xe8 MQTTSN/MQTTSNTopic.o
                0x000000000800d008                MQTTSNTopicAdd
 .text.ClearTopicTable
                0x000000000800d0f0       0x24 MQTTSN/MQTTSNTopic.o
                0x000000000800d0f0                ClearTopicTable
 .text.GetTopicMatch
                0x000000000800d114       0xf8 MQTTSN/MQTTSNTopic.o
                0x000000000800d114                GetTopicMatch
 .text.GetTopicByName
                0x000000000800d20c       0x28 MQTTSN/MQTTSNTopic.o
                0x000000000800d20c                GetTopicByName
 .text.SetTopicId
                0x000000000800d234       0x3c MQTTSN/MQTTSNTopic.o
                0x000000000800d234                SetTopicId
 .text.MQTTSNTopicExecCallback
                0x000000000800d270       0x30 MQTTSN/MQTTSNTopic.o
                0x000000000800d270                MQTTSNTopicExecCallback
 .text.ClearPayload
                0x000000000800d2a0       0x2c System/Payload.o
                0x000000000800d2a0                ClearPayload
 .text.GetPL_RowData
                0x000000000800d2cc        0x4 System/Payload.o
                0x000000000800d2cc                GetPL_RowData
 .text.SetRowdataToPayload
                0x000000000800d2d0       0x48 System/Payload.o
                0x000000000800d2d0                SetRowdataToPayload
 .text.GetRowdaataLength
                0x000000000800d318        0x8 System/Payload.o
                0x000000000800d318                GetRowdaataLength
 .text.SetUartBaudrate
                0x000000000800d320        0x8 System/Peripheral.o
                0x000000000800d320                SetUartBaudrate
 .text.OnTaskExecutionTimerEvent
                0x000000000800d328        0xc System/TaskMgmt.o
 .text.OnInterrupt0
                0x000000000800d334       0x10 System/TaskMgmt.o
 .text.OnWakeupTimerEvent
                0x000000000800d344        0xc System/TaskMgmt.o
 .text.OnInterrupt1
                0x000000000800d350       0x48 System/TaskMgmt.o
 .text.int0     0x000000000800d398       0x10 System/TaskMgmt.o
                0x000000000800d398                int0
 .text.int1     0x000000000800d3a8       0x10 System/TaskMgmt.o
                0x000000000800d3a8                int1
 .text.startup.main
                0x000000000800d3b8      0x2dc System/TaskMgmt.o
                0x000000000800d3b8                main
 .text.srand1   0x000000000800d694        0xc System/utilities.o
                0x000000000800d694                srand1
 .text.randr    0x000000000800d6a0       0x3c System/utilities.o
                0x000000000800d6a0                randr
 .text.memcpy1  0x000000000800d6dc       0x84 System/utilities.o
                0x000000000800d6dc                memcpy1
 .text.memset1  0x000000000800d760       0x14 System/utilities.o
                0x000000000800d760                memset1
 .text.getUint16
                0x000000000800d774        0xc System/utilities.o
                0x000000000800d774                getUint16
 .text.setUint16
                0x000000000800d780        0x8 System/utilities.o
                0x000000000800d780                setUint16
 .text.getUint32
                0x000000000800d788       0x18 System/utilities.o
                0x000000000800d788                getUint32
 .text.setUint32
                0x000000000800d7a0       0x10 System/utilities.o
                0x000000000800d7a0                setUint32
 .text.ceil     0x000000000800d7b0      0x128 /home/tomoaki/.p2/pool/plugins/fr.ac6.mcu.externaltools.arm-none.linux64_1.17.0.201812190825/tools/compiler/bin/../lib/gcc/arm-none-eabi/7.3.1/../../../../arm-none-eabi/lib/thumb/v6-m/libm.a(lib_a-s_ceil.o)
                0x000000000800d7b0                ceil
 .text.floor    0x000000000800d8d8      0x138 /home/tomoaki/.p2/pool/plugins/fr.ac6.mcu.externaltools.arm-none.linux64_1.17.0.201812190825/tools/compiler/bin/../lib/gcc/arm-none-eabi/7.3.1/../../../../arm-none-eabi/lib/thumb/v6-m/libm.a(lib_a-s_floor.o)
                0x000000000800d8d8                floor
 .text.round    0x000000000800da10       0xb0 /home/tomoaki/.p2/pool/plugins/fr.ac6.mcu.externaltools.arm-none.linux64_1.17.0.201812190825/tools/compiler/bin/../lib/gcc/arm-none-eabi/7.3.1/../../../../arm-none-eabi/lib/thumb/v6-m/libm.a(lib_a-s_round.o)
                0x000000000800da10                round
 .text          0x000000000800dac0      0x114 /home/tomoaki/.p2/pool/plugins/fr.ac6.mcu.externaltools.arm-none.linux64_1.17.0.201812190825/tools/compiler/bin/../lib/gcc/arm-none-eabi/7.3.1/thumb/v6-m/libgcc.a(_udivsi3.o)
                0x000000000800dac0                __udivsi3
                0x000000000800dac0                __aeabi_uidiv
                0x000000000800dbcc                __aeabi_uidivmod
 .text          0x000000000800dbd4      0x1d4 /home/tomoaki/.p2/pool/plugins/fr.ac6.mcu.externaltools.arm-none.linux64_1.17.0.201812190825/tools/compiler/bin/../lib/gcc/arm-none-eabi/7.3.1/thumb/v6-m/libgcc.a(_divsi3.o)
                0x000000000800dbd4                __aeabi_idiv
                0x000000000800dbd4                __divsi3
                0x000000000800dda0                __aeabi_idivmod
 .text          0x000000000800dda8        0x4 /home/tomoaki/.p2/pool/plugins/fr.ac6.mcu.externaltools.arm-none.linux64_1.17.0.201812190825/tools/compiler/bin/../lib/gcc/arm-none-eabi/7.3.1/thumb/v6-m/libgcc.a(_dvmd_tls.o)
                0x000000000800dda8                __aeabi_ldiv0
                0x000000000800dda8                __aeabi_idiv0
 .text          0x000000000800ddac       0x7c /home/tomoaki/.p2/pool/plugins/fr.ac6.mcu.externaltools.arm-none.linux64_1.17.0.201812190825/tools/compiler/bin/../lib/gcc/arm-none-eabi/7.3.1/thumb/v6-m/libgcc.a(_arm_cmpdf2.o)
                0x000000000800ddac                __aeabi_cdrcmple
                0x000000000800ddbc                __aeabi_cdcmple
                0x000000000800ddbc                __aeabi_cdcmpeq
                0x000000000800ddcc                __aeabi_dcmpeq
                0x000000000800ddd8                __aeabi_dcmplt
                0x000000000800ddec                __aeabi_dcmple
                0x000000000800de00                __aeabi_dcmpgt
                0x000000000800de14                __aeabi_dcmpge
 .text          0x000000000800de28       0x40 /home/tomoaki/.p2/pool/plugins/fr.ac6.mcu.externaltools.arm-none.linux64_1.17.0.201812190825/tools/compiler/bin/../lib/gcc/arm-none-eabi/7.3.1/thumb/v6-m/libgcc.a(_aeabi_uldivmod.o)
                0x000000000800de28                __aeabi_uldivmod
 .text          0x000000000800de68       0x3c /home/tomoaki/.p2/pool/plugins/fr.ac6.mcu.externaltools.arm-none.linux64_1.17.0.201812190825/tools/compiler/bin/../lib/gcc/arm-none-eabi/7.3.1/thumb/v6-m/libgcc.a(_fixunsdfsi.o)
                0x000000000800de68                __fixunsdfsi
                0x000000000800de68                __aeabi_d2uiz
 .text          0x000000000800dea4      0x184 /home/tomoaki/.p2/pool/plugins/fr.ac6.mcu.externaltools.arm-none.linux64_1.17.0.201812190825/tools/compiler/bin/../lib/gcc/arm-none-eabi/7.3.1/thumb/v6-m/libgcc.a(_udivmoddi4.o)
                0x000000000800dea4                __udivmoddi4
 .text          0x000000000800e028      0x638 /home/tomoaki/.p2/pool/plugins/fr.ac6.mcu.externaltools.arm-none.linux64_1.17.0.201812190825/tools/compiler/bin/../lib/gcc/arm-none-eabi/7.3.1/thumb/v6-m/libgcc.a(adddf3.o)
                0x000000000800e028                __aeabi_dadd
 .text          0x000000000800e660      0x604 /home/tomoaki/.p2/pool/plugins/fr.ac6.mcu.externaltools.arm-none.linux64_1.17.0.201812190825/tools/compiler/bin/../lib/gcc/arm-none-eabi/7.3.1/thumb/v6-m/libgcc.a(divdf3.o)
                0x000000000800e660                __aeabi_ddiv
 .text          0x000000000800ec64       0x78 /home/tomoaki/.p2/pool/plugins/fr.ac6.mcu.externaltools.arm-none.linux64_1.17.0.201812190825/tools/compiler/bin/../lib/gcc/arm-none-eabi/7.3.1/thumb/v6-m/libgcc.a(eqdf2.o)
                0x000000000800ec64                __eqdf2
                0x000000000800ec64                __nedf2
 .text          0x000000000800ecdc       0xc8 /home/tomoaki/.p2/pool/plugins/fr.ac6.mcu.externaltools.arm-none.linux64_1.17.0.201812190825/tools/compiler/bin/../lib/gcc/arm-none-eabi/7.3.1/thumb/v6-m/libgcc.a(gedf2.o)
                0x000000000800ecdc                __gtdf2
                0x000000000800ecdc                __gedf2
 .text          0x000000000800eda4       0xd0 /home/tomoaki/.p2/pool/plugins/fr.ac6.mcu.externaltools.arm-none.linux64_1.17.0.201812190825/tools/compiler/bin/../lib/gcc/arm-none-eabi/7.3.1/thumb/v6-m/libgcc.a(ledf2.o)
                0x000000000800eda4                __ltdf2
                0x000000000800eda4                __ledf2
 .text          0x000000000800ee74      0x4e4 /home/tomoaki/.p2/pool/plugins/fr.ac6.mcu.externaltools.arm-none.linux64_1.17.0.201812190825/tools/compiler/bin/../lib/gcc/arm-none-eabi/7.3.1/thumb/v6-m/libgcc.a(muldf3.o)
                0x000000000800ee74                __aeabi_dmul
 .text          0x000000000800f358      0x690 /home/tomoaki/.p2/pool/plugins/fr.ac6.mcu.externaltools.arm-none.linux64_1.17.0.201812190825/tools/compiler/bin/../lib/gcc/arm-none-eabi/7.3.1/thumb/v6-m/libgcc.a(subdf3.o)
                0x000000000800f358                __aeabi_dsub
 .text          0x000000000800f9e8       0x6c /home/tomoaki/.p2/pool/plugins/fr.ac6.mcu.externaltools.arm-none.linux64_1.17.0.201812190825/tools/compiler/bin/../lib/gcc/arm-none-eabi/7.3.1/thumb/v6-m/libgcc.a(fixdfsi.o)
                0x000000000800f9e8                __aeabi_d2iz
 .text          0x000000000800fa54       0x74 /home/tomoaki/.p2/pool/plugins/fr.ac6.mcu.externaltools.arm-none.linux64_1.17.0.201812190825/tools/compiler/bin/../lib/gcc/arm-none-eabi/7.3.1/thumb/v6-m/libgcc.a(floatsidf.o)
                0x000000000800fa54                __aeabi_i2d
 .text          0x000000000800fac8       0x64 /home/tomoaki/.p2/pool/plugins/fr.ac6.mcu.externaltools.arm-none.linux64_1.17.0.201812190825/tools/compiler/bin/../lib/gcc/arm-none-eabi/7.3.1/thumb/v6-m/libgcc.a(floatunsidf.o)
                0x000000000800fac8                __aeabi_ui2d
 .text          0x000000000800fb2c       0x3c /home/tomoaki/.p2/pool/plugins/fr.ac6.mcu.externaltools.arm-none.linux64_1.17.0.201812190825/tools/compiler/bin/../lib/gcc/arm-none-eabi/7.3.1/thumb/v6-m/libgcc.a(_clzsi2.o)
                0x000000000800fb2c                __clzsi2
 .text          0x000000000800fb68       0x18 /home/tomoaki/.p2/pool/plugins/fr.ac6.mcu.externaltools.arm-none.linux64_1.17.0.201812190825/tools/compiler/bin/../lib/gcc/arm-none-eabi/7.3.1/thumb/v6-m/libgcc.a(_clzdi2.o)
                0x000000000800fb68                __clzdi2
 .text.calloc   0x000000000800fb80       0x14 /home/tomoaki/.p2/pool/plugins/fr.ac6.mcu.externaltools.arm-none.linux64_1.17.0.201812190825/tools/compiler/bin/../lib/gcc/arm-none-eabi/7.3.1/../../../../arm-none-eabi/lib/thumb/v6-m/libc_nano.a(lib_a-calloc.o)
                0x000000000800fb80                calloc
 .text.__libc_init_array
                0x000000000800fb94       0x48 /home/tomoaki/.p2/pool/plugins/fr.ac6.mcu.externaltools.arm-none.linux64_1.17.0.201812190825/tools/compiler/bin/../lib/gcc/arm-none-eabi/7.3.1/../../../../arm-none-eabi/lib/thumb/v6-m/libc_nano.a(lib_a-init.o)
                0x000000000800fb94                __libc_init_array
 .text.malloc   0x000000000800fbdc       0x14 /home/tomoaki/.p2/pool/plugins/fr.ac6.mcu.externaltools.arm-none.linux64_1.17.0.201812190825/tools/compiler/bin/../lib/gcc/arm-none-eabi/7.3.1/../../../../arm-none-eabi/lib/thumb/v6-m/libc_nano.a(lib_a-malloc.o)
                0x000000000800fbdc                malloc
 .text.free     0x000000000800fbf0       0x14 /home/tomoaki/.p2/pool/plugins/fr.ac6.mcu.externaltools.arm-none.linux64_1.17.0.201812190825/tools/compiler/bin/../lib/gcc/arm-none-eabi/7.3.1/../../../../arm-none-eabi/lib/thumb/v6-m/libc_nano.a(lib_a-malloc.o)
                0x000000000800fbf0                free
 .text.memcpy   0x000000000800fc04       0x12 /home/tomoaki/.p2/pool/plugins/fr.ac6.mcu.externaltools.arm-none.linux64_1.17.0.201812190825/tools/compiler/bin/../lib/gcc/arm-none-eabi/7.3.1/../../../../arm-none-eabi/lib/thumb/v6-m/libc_nano.a(lib_a-memcpy-stub.o)
                0x000000000800fc04                memcpy
 .text.memset   0x000000000800fc16       0x10 /home/tomoaki/.p2/pool/plugins/fr.ac6.mcu.externaltools.arm-none.linux64_1.17.0.201812190825/tools/compiler/bin/../lib/gcc/arm-none-eabi/7.3.1/../../../../arm-none-eabi/lib/thumb/v6-m/libc_nano.a(lib_a-memset.o)
                0x000000000800fc16                memset
 .text._calloc_r
                0x000000000800fc26       0x1c /home/tomoaki/.p2/pool/plugins/fr.ac6.mcu.externaltools.arm-none.linux64_1.17.0.201812190825/tools/compiler/bin/../lib/gcc/arm-none-eabi/7.3.1/../../../../arm-none-eabi/lib/thumb/v6-m/libc_nano.a(lib_a-nano-callocr.o)
                0x000000000800fc26                _calloc_r
 *fill*         0x000000000800fc42        0x2 
 .text._free_r  0x000000000800fc44       0x94 /home/tomoaki/.p2/pool/plugins/fr.ac6.mcu.externaltools.arm-none.linux64_1.17.0.201812190825/tools/compiler/bin/../lib/gcc/arm-none-eabi/7.3.1/../../../../arm-none-eabi/lib/thumb/v6-m/libc_nano.a(lib_a-nano-freer.o)
                0x000000000800fc44                _free_r
 .text._malloc_r
                0x000000000800fcd8       0xbc /home/tomoaki/.p2/pool/plugins/fr.ac6.mcu.externaltools.arm-none.linux64_1.17.0.201812190825/tools/compiler/bin/../lib/gcc/arm-none-eabi/7.3.1/../../../../arm-none-eabi/lib/thumb/v6-m/libc_nano.a(lib_a-nano-mallocr.o)
                0x000000000800fcd8                _malloc_r
 .text.__cvt    0x000000000800fd94       0xc8 /home/tomoaki/.p2/pool/plugins/fr.ac6.mcu.externaltools.arm-none.linux64_1.17.0.201812190825/tools/compiler/bin/../lib/gcc/arm-none-eabi/7.3.1/../../../../arm-none-eabi/lib/thumb/v6-m/libc_nano.a(lib_a-nano-vfprintf_float.o)
                0x000000000800fd94                __cvt
 .text.__exponent
                0x000000000800fe5c       0x70 /home/tomoaki/.p2/pool/plugins/fr.ac6.mcu.externaltools.arm-none.linux64_1.17.0.201812190825/tools/compiler/bin/../lib/gcc/arm-none-eabi/7.3.1/../../../../arm-none-eabi/lib/thumb/v6-m/libc_nano.a(lib_a-nano-vfprintf_float.o)
                0x000000000800fe5c                __exponent
 .text._printf_float
                0x000000000800fecc      0x498 /home/tomoaki/.p2/pool/plugins/fr.ac6.mcu.externaltools.arm-none.linux64_1.17.0.201812190825/tools/compiler/bin/../lib/gcc/arm-none-eabi/7.3.1/../../../../arm-none-eabi/lib/thumb/v6-m/libc_nano.a(lib_a-nano-vfprintf_float.o)
                0x000000000800fecc                _printf_float
 .text._printf_common
                0x0000000008010364       0xda /home/tomoaki/.p2/pool/plugins/fr.ac6.mcu.externaltools.arm-none.linux64_1.17.0.201812190825/tools/compiler/bin/../lib/gcc/arm-none-eabi/7.3.1/../../../../arm-none-eabi/lib/thumb/v6-m/libc_nano.a(lib_a-nano-vfprintf_i.o)
                0x0000000008010364                _printf_common
 *fill*         0x000000000801043e        0x2 
 .text._printf_i
                0x0000000008010440      0x210 /home/tomoaki/.p2/pool/plugins/fr.ac6.mcu.externaltools.arm-none.linux64_1.17.0.201812190825/tools/compiler/bin/../lib/gcc/arm-none-eabi/7.3.1/../../../../arm-none-eabi/lib/thumb/v6-m/libc_nano.a(lib_a-nano-vfprintf_i.o)
                0x0000000008010440                _printf_i
 .text.printf   0x0000000008010650       0x34 /home/tomoaki/.p2/pool/plugins/fr.ac6.mcu.externaltools.arm-none.linux64_1.17.0.201812190825/tools/compiler/bin/../lib/gcc/arm-none-eabi/7.3.1/../../../../arm-none-eabi/lib/thumb/v6-m/libc_nano.a(lib_a-printf.o)
                0x0000000008010650                printf
                0x0000000008010650                iprintf
 .text._puts_r  0x0000000008010684       0xc0 /home/tomoaki/.p2/pool/plugins/fr.ac6.mcu.externaltools.arm-none.linux64_1.17.0.201812190825/tools/compiler/bin/../lib/gcc/arm-none-eabi/7.3.1/../../../../arm-none-eabi/lib/thumb/v6-m/libc_nano.a(lib_a-puts.o)
                0x0000000008010684                _puts_r
 .text.puts     0x0000000008010744       0x14 /home/tomoaki/.p2/pool/plugins/fr.ac6.mcu.externaltools.arm-none.linux64_1.17.0.201812190825/tools/compiler/bin/../lib/gcc/arm-none-eabi/7.3.1/../../../../arm-none-eabi/lib/thumb/v6-m/libc_nano.a(lib_a-puts.o)
                0x0000000008010744                puts
 .text._sbrk_r  0x0000000008010758       0x24 /home/tomoaki/.p2/pool/plugins/fr.ac6.mcu.externaltools.arm-none.linux64_1.17.0.201812190825/tools/compiler/bin/../lib/gcc/arm-none-eabi/7.3.1/../../../../arm-none-eabi/lib/thumb/v6-m/libc_nano.a(lib_a-sbrkr.o)
                0x0000000008010758                _sbrk_r
 .text.sprintf  0x000000000801077c       0x40 /home/tomoaki/.p2/pool/plugins/fr.ac6.mcu.externaltools.arm-none.linux64_1.17.0.201812190825/tools/compiler/bin/../lib/gcc/arm-none-eabi/7.3.1/../../../../arm-none-eabi/lib/thumb/v6-m/libc_nano.a(lib_a-sprintf.o)
                0x000000000801077c                sprintf
                0x000000000801077c                siprintf
 .text          0x00000000080107bc       0x14 /home/tomoaki/.p2/pool/plugins/fr.ac6.mcu.externaltools.arm-none.linux64_1.17.0.201812190825/tools/compiler/bin/../lib/gcc/arm-none-eabi/7.3.1/../../../../arm-none-eabi/lib/thumb/v6-m/libc_nano.a(lib_a-strcmp.o)
                0x00000000080107bc                strcmp
 .text.strcpy   0x00000000080107d0       0x10 /home/tomoaki/.p2/pool/plugins/fr.ac6.mcu.externaltools.arm-none.linux64_1.17.0.201812190825/tools/compiler/bin/../lib/gcc/arm-none-eabi/7.3.1/../../../../arm-none-eabi/lib/thumb/v6-m/libc_nano.a(lib_a-strcpy.o)
                0x00000000080107d0                strcpy
 .text          0x00000000080107e0        0xe /home/tomoaki/.p2/pool/plugins/fr.ac6.mcu.externaltools.arm-none.linux64_1.17.0.201812190825/tools/compiler/bin/../lib/gcc/arm-none-eabi/7.3.1/../../../../arm-none-eabi/lib/thumb/v6-m/libc_nano.a(lib_a-strlen.o)
                0x00000000080107e0                strlen
 .text.strncmp  0x00000000080107ee       0x22 /home/tomoaki/.p2/pool/plugins/fr.ac6.mcu.externaltools.arm-none.linux64_1.17.0.201812190825/tools/compiler/bin/../lib/gcc/arm-none-eabi/7.3.1/../../../../arm-none-eabi/lib/thumb/v6-m/libc_nano.a(lib_a-strncmp.o)
                0x00000000080107ee                strncmp
 .text.strncpy  0x0000000008010810       0x28 /home/tomoaki/.p2/pool/plugins/fr.ac6.mcu.externaltools.arm-none.linux64_1.17.0.201812190825/tools/compiler/bin/../lib/gcc/arm-none-eabi/7.3.1/../../../../arm-none-eabi/lib/thumb/v6-m/libc_nano.a(lib_a-strncpy.o)
                0x0000000008010810                strncpy
 .text.__swbuf_r
                0x0000000008010838       0xac /home/tomoaki/.p2/pool/plugins/fr.ac6.mcu.externaltools.arm-none.linux64_1.17.0.201812190825/tools/compiler/bin/../lib/gcc/arm-none-eabi/7.3.1/../../../../arm-none-eabi/lib/thumb/v6-m/libc_nano.a(lib_a-wbuf.o)
                0x0000000008010838                __swbuf_r
 .text.__swsetup_r
                0x00000000080108e4       0xec /home/tomoaki/.p2/pool/plugins/fr.ac6.mcu.externaltools.arm-none.linux64_1.17.0.201812190825/tools/compiler/bin/../lib/gcc/arm-none-eabi/7.3.1/../../../../arm-none-eabi/lib/thumb/v6-m/libc_nano.a(lib_a-wsetup.o)
                0x00000000080108e4                __swsetup_r
 .text.quorem   0x00000000080109d0      0x10c /home/tomoaki/.p2/pool/plugins/fr.ac6.mcu.externaltools.arm-none.linux64_1.17.0.201812190825/tools/compiler/bin/../lib/gcc/arm-none-eabi/7.3.1/../../../../arm-none-eabi/lib/thumb/v6-m/libc_nano.a(lib_a-dtoa.o)
 .text._dtoa_r  0x0000000008010adc      0xbc0 /home/tomoaki/.p2/pool/plugins/fr.ac6.mcu.externaltools.arm-none.linux64_1.17.0.201812190825/tools/compiler/bin/../lib/gcc/arm-none-eabi/7.3.1/../../../../arm-none-eabi/lib/thumb/v6-m/libc_nano.a(lib_a-dtoa.o)
                0x0000000008010adc                _dtoa_r
 .text.__sflush_r
                0x000000000801169c      0x114 /home/tomoaki/.p2/pool/plugins/fr.ac6.mcu.externaltools.arm-none.linux64_1.17.0.201812190825/tools/compiler/bin/../lib/gcc/arm-none-eabi/7.3.1/../../../../arm-none-eabi/lib/thumb/v6-m/libc_nano.a(lib_a-fflush.o)
                0x000000000801169c                __sflush_r
 .text._fflush_r
                0x00000000080117b0       0x58 /home/tomoaki/.p2/pool/plugins/fr.ac6.mcu.externaltools.arm-none.linux64_1.17.0.201812190825/tools/compiler/bin/../lib/gcc/arm-none-eabi/7.3.1/../../../../arm-none-eabi/lib/thumb/v6-m/libc_nano.a(lib_a-fflush.o)
                0x00000000080117b0                _fflush_r
 .text.std      0x0000000008011808       0x48 /home/tomoaki/.p2/pool/plugins/fr.ac6.mcu.externaltools.arm-none.linux64_1.17.0.201812190825/tools/compiler/bin/../lib/gcc/arm-none-eabi/7.3.1/../../../../arm-none-eabi/lib/thumb/v6-m/libc_nano.a(lib_a-findfp.o)
 .text._cleanup_r
                0x0000000008011850       0x10 /home/tomoaki/.p2/pool/plugins/fr.ac6.mcu.externaltools.arm-none.linux64_1.17.0.201812190825/tools/compiler/bin/../lib/gcc/arm-none-eabi/7.3.1/../../../../arm-none-eabi/lib/thumb/v6-m/libc_nano.a(lib_a-findfp.o)
                0x0000000008011850                _cleanup_r
 .text.__sfmoreglue
                0x0000000008011860       0x2c /home/tomoaki/.p2/pool/plugins/fr.ac6.mcu.externaltools.arm-none.linux64_1.17.0.201812190825/tools/compiler/bin/../lib/gcc/arm-none-eabi/7.3.1/../../../../arm-none-eabi/lib/thumb/v6-m/libc_nano.a(lib_a-findfp.o)
                0x0000000008011860                __sfmoreglue
 .text.__sinit  0x000000000801188c       0x68 /home/tomoaki/.p2/pool/plugins/fr.ac6.mcu.externaltools.arm-none.linux64_1.17.0.201812190825/tools/compiler/bin/../lib/gcc/arm-none-eabi/7.3.1/../../../../arm-none-eabi/lib/thumb/v6-m/libc_nano.a(lib_a-findfp.o)
                0x000000000801188c                __sinit
 .text.__sfp    0x00000000080118f4       0x7c /home/tomoaki/.p2/pool/plugins/fr.ac6.mcu.externaltools.arm-none.linux64_1.17.0.201812190825/tools/compiler/bin/../lib/gcc/arm-none-eabi/7.3.1/../../../../arm-none-eabi/lib/thumb/v6-m/libc_nano.a(lib_a-findfp.o)
                0x00000000080118f4                __sfp
 .text._fwalk_reent
                0x0000000008011970       0x42 /home/tomoaki/.p2/pool/plugins/fr.ac6.mcu.externaltools.arm-none.linux64_1.17.0.201812190825/tools/compiler/bin/../lib/gcc/arm-none-eabi/7.3.1/../../../../arm-none-eabi/lib/thumb/v6-m/libc_nano.a(lib_a-fwalk.o)
                0x0000000008011970                _fwalk_reent
 *fill*         0x00000000080119b2        0x2 
 .text._localeconv_r
                0x00000000080119b4       0x18 /home/tomoaki/.p2/pool/plugins/fr.ac6.mcu.externaltools.arm-none.linux64_1.17.0.201812190825/tools/compiler/bin/../lib/gcc/arm-none-eabi/7.3.1/../../../../arm-none-eabi/lib/thumb/v6-m/libc_nano.a(lib_a-localeconv.o)
                0x00000000080119b4                _localeconv_r
 .text.__swhatbuf_r
                0x00000000080119cc       0x50 /home/tomoaki/.p2/pool/plugins/fr.ac6.mcu.externaltools.arm-none.linux64_1.17.0.201812190825/tools/compiler/bin/../lib/gcc/arm-none-eabi/7.3.1/../../../../arm-none-eabi/lib/thumb/v6-m/libc_nano.a(lib_a-makebuf.o)
                0x00000000080119cc                __swhatbuf_r
 .text.__smakebuf_r
                0x0000000008011a1c       0x88 /home/tomoaki/.p2/pool/plugins/fr.ac6.mcu.externaltools.arm-none.linux64_1.17.0.201812190825/tools/compiler/bin/../lib/gcc/arm-none-eabi/7.3.1/../../../../arm-none-eabi/lib/thumb/v6-m/libc_nano.a(lib_a-makebuf.o)
                0x0000000008011a1c                __smakebuf_r
 .text.memchr   0x0000000008011aa4       0x16 /home/tomoaki/.p2/pool/plugins/fr.ac6.mcu.externaltools.arm-none.linux64_1.17.0.201812190825/tools/compiler/bin/../lib/gcc/arm-none-eabi/7.3.1/../../../../arm-none-eabi/lib/thumb/v6-m/libc_nano.a(lib_a-memchr-stub.o)
                0x0000000008011aa4                memchr
 .text.__malloc_lock
                0x0000000008011aba        0x2 /home/tomoaki/.p2/pool/plugins/fr.ac6.mcu.externaltools.arm-none.linux64_1.17.0.201812190825/tools/compiler/bin/../lib/gcc/arm-none-eabi/7.3.1/../../../../arm-none-eabi/lib/thumb/v6-m/libc_nano.a(lib_a-mlock.o)
                0x0000000008011aba                __malloc_lock
 .text.__malloc_unlock
                0x0000000008011abc        0x2 /home/tomoaki/.p2/pool/plugins/fr.ac6.mcu.externaltools.arm-none.linux64_1.17.0.201812190825/tools/compiler/bin/../lib/gcc/arm-none-eabi/7.3.1/../../../../arm-none-eabi/lib/thumb/v6-m/libc_nano.a(lib_a-mlock.o)
                0x0000000008011abc                __malloc_unlock
 .text._Balloc  0x0000000008011abe       0x70 /home/tomoaki/.p2/pool/plugins/fr.ac6.mcu.externaltools.arm-none.linux64_1.17.0.201812190825/tools/compiler/bin/../lib/gcc/arm-none-eabi/7.3.1/../../../../arm-none-eabi/lib/thumb/v6-m/libc_nano.a(lib_a-mprec.o)
                0x0000000008011abe                _Balloc
 .text._Bfree   0x0000000008011b2e       0x32 /home/tomoaki/.p2/pool/plugins/fr.ac6.mcu.externaltools.arm-none.linux64_1.17.0.201812190825/tools/compiler/bin/../lib/gcc/arm-none-eabi/7.3.1/../../../../arm-none-eabi/lib/thumb/v6-m/libc_nano.a(lib_a-mprec.o)
                0x0000000008011b2e                _Bfree
 .text.__multadd
                0x0000000008011b60       0x7c /home/tomoaki/.p2/pool/plugins/fr.ac6.mcu.externaltools.arm-none.linux64_1.17.0.201812190825/tools/compiler/bin/../lib/gcc/arm-none-eabi/7.3.1/../../../../arm-none-eabi/lib/thumb/v6-m/libc_nano.a(lib_a-mprec.o)
                0x0000000008011b60                __multadd
 .text.__hi0bits
                0x0000000008011bdc       0x34 /home/tomoaki/.p2/pool/plugins/fr.ac6.mcu.externaltools.arm-none.linux64_1.17.0.201812190825/tools/compiler/bin/../lib/gcc/arm-none-eabi/7.3.1/../../../../arm-none-eabi/lib/thumb/v6-m/libc_nano.a(lib_a-mprec.o)
                0x0000000008011bdc                __hi0bits
 .text.__lo0bits
                0x0000000008011c10       0x5e /home/tomoaki/.p2/pool/plugins/fr.ac6.mcu.externaltools.arm-none.linux64_1.17.0.201812190825/tools/compiler/bin/../lib/gcc/arm-none-eabi/7.3.1/../../../../arm-none-eabi/lib/thumb/v6-m/libc_nano.a(lib_a-mprec.o)
                0x0000000008011c10                __lo0bits
 .text.__i2b    0x0000000008011c6e       0x12 /home/tomoaki/.p2/pool/plugins/fr.ac6.mcu.externaltools.arm-none.linux64_1.17.0.201812190825/tools/compiler/bin/../lib/gcc/arm-none-eabi/7.3.1/../../../../arm-none-eabi/lib/thumb/v6-m/libc_nano.a(lib_a-mprec.o)
                0x0000000008011c6e                __i2b
 .text.__multiply
                0x0000000008011c80      0x11e /home/tomoaki/.p2/pool/plugins/fr.ac6.mcu.externaltools.arm-none.linux64_1.17.0.201812190825/tools/compiler/bin/../lib/gcc/arm-none-eabi/7.3.1/../../../../arm-none-eabi/lib/thumb/v6-m/libc_nano.a(lib_a-mprec.o)
                0x0000000008011c80                __multiply
 *fill*         0x0000000008011d9e        0x2 
 .text.__pow5mult
                0x0000000008011da0       0xa4 /home/tomoaki/.p2/pool/plugins/fr.ac6.mcu.externaltools.arm-none.linux64_1.17.0.201812190825/tools/compiler/bin/../lib/gcc/arm-none-eabi/7.3.1/../../../../arm-none-eabi/lib/thumb/v6-m/libc_nano.a(lib_a-mprec.o)
                0x0000000008011da0                __pow5mult
 .text.__lshift
                0x0000000008011e44       0xa4 /home/tomoaki/.p2/pool/plugins/fr.ac6.mcu.externaltools.arm-none.linux64_1.17.0.201812190825/tools/compiler/bin/../lib/gcc/arm-none-eabi/7.3.1/../../../../arm-none-eabi/lib/thumb/v6-m/libc_nano.a(lib_a-mprec.o)
                0x0000000008011e44                __lshift
 .text.__mcmp   0x0000000008011ee8       0x34 /home/tomoaki/.p2/pool/plugins/fr.ac6.mcu.externaltools.arm-none.linux64_1.17.0.201812190825/tools/compiler/bin/../lib/gcc/arm-none-eabi/7.3.1/../../../../arm-none-eabi/lib/thumb/v6-m/libc_nano.a(lib_a-mprec.o)
                0x0000000008011ee8                __mcmp
 .text.__mdiff  0x0000000008011f1c       0xc8 /home/tomoaki/.p2/pool/plugins/fr.ac6.mcu.externaltools.arm-none.linux64_1.17.0.201812190825/tools/compiler/bin/../lib/gcc/arm-none-eabi/7.3.1/../../../../arm-none-eabi/lib/thumb/v6-m/libc_nano.a(lib_a-mprec.o)
                0x0000000008011f1c                __mdiff
 .text.__d2b    0x0000000008011fe4       0xa8 /home/tomoaki/.p2/pool/plugins/fr.ac6.mcu.externaltools.arm-none.linux64_1.17.0.201812190825/tools/compiler/bin/../lib/gcc/arm-none-eabi/7.3.1/../../../../arm-none-eabi/lib/thumb/v6-m/libc_nano.a(lib_a-mprec.o)
                0x0000000008011fe4                __d2b
 .text.__ssputs_r
                0x000000000801208c       0xc4 /home/tomoaki/.p2/pool/plugins/fr.ac6.mcu.externaltools.arm-none.linux64_1.17.0.201812190825/tools/compiler/bin/../lib/gcc/arm-none-eabi/7.3.1/../../../../arm-none-eabi/lib/thumb/v6-m/libc_nano.a(lib_a-nano-svfprintf.o)
                0x000000000801208c                __ssputs_r
 .text._svfprintf_r
                0x0000000008012150      0x1fc /home/tomoaki/.p2/pool/plugins/fr.ac6.mcu.externaltools.arm-none.linux64_1.17.0.201812190825/tools/compiler/bin/../lib/gcc/arm-none-eabi/7.3.1/../../../../arm-none-eabi/lib/thumb/v6-m/libc_nano.a(lib_a-nano-svfprintf.o)
                0x0000000008012150                _svfprintf_r
                0x0000000008012150                _svfiprintf_r
 .text.__sfputc_r
                0x000000000801234c       0x2a /home/tomoaki/.p2/pool/plugins/fr.ac6.mcu.externaltools.arm-none.linux64_1.17.0.201812190825/tools/compiler/bin/../lib/gcc/arm-none-eabi/7.3.1/../../../../arm-none-eabi/lib/thumb/v6-m/libc_nano.a(lib_a-nano-vfprintf.o)
 .text.__sfputs_r
                0x0000000008012376       0x24 /home/tomoaki/.p2/pool/plugins/fr.ac6.mcu.externaltools.arm-none.linux64_1.17.0.201812190825/tools/compiler/bin/../lib/gcc/arm-none-eabi/7.3.1/../../../../arm-none-eabi/lib/thumb/v6-m/libc_nano.a(lib_a-nano-vfprintf.o)
                0x0000000008012376                __sfputs_r
 *fill*         0x000000000801239a        0x2 
 .text._vfprintf_r
                0x000000000801239c      0x22c /home/tomoaki/.p2/pool/plugins/fr.ac6.mcu.externaltools.arm-none.linux64_1.17.0.201812190825/tools/compiler/bin/../lib/gcc/arm-none-eabi/7.3.1/../../../../arm-none-eabi/lib/thumb/v6-m/libc_nano.a(lib_a-nano-vfprintf.o)
                0x000000000801239c                _vfiprintf_r
                0x000000000801239c                _vfprintf_r
 .text.__sread  0x00000000080125c8       0x28 /home/tomoaki/.p2/pool/plugins/fr.ac6.mcu.externaltools.arm-none.linux64_1.17.0.201812190825/tools/compiler/bin/../lib/gcc/arm-none-eabi/7.3.1/../../../../arm-none-eabi/lib/thumb/v6-m/libc_nano.a(lib_a-stdio.o)
                0x00000000080125c8                __sread
 .text.__swrite
                0x00000000080125f0       0x38 /home/tomoaki/.p2/pool/plugins/fr.ac6.mcu.externaltools.arm-none.linux64_1.17.0.201812190825/tools/compiler/bin/../lib/gcc/arm-none-eabi/7.3.1/../../../../arm-none-eabi/lib/thumb/v6-m/libc_nano.a(lib_a-stdio.o)
                0x00000000080125f0                __swrite
 .text.__sseek  0x0000000008012628       0x2c /home/tomoaki/.p2/pool/plugins/fr.ac6.mcu.externaltools.arm-none.linux64_1.17.0.201812190825/tools/compiler/bin/../lib/gcc/arm-none-eabi/7.3.1/../../../../arm-none-eabi/lib/thumb/v6-m/libc_nano.a(lib_a-stdio.o)
                0x0000000008012628                __sseek
 .text.__sclose
                0x0000000008012654        0xc /home/tomoaki/.p2/pool/plugins/fr.ac6.mcu.externaltools.arm-none.linux64_1.17.0.201812190825/tools/compiler/bin/../lib/gcc/arm-none-eabi/7.3.1/../../../../arm-none-eabi/lib/thumb/v6-m/libc_nano.a(lib_a-stdio.o)
                0x0000000008012654                __sclose
 .text._write_r
                0x0000000008012660       0x28 /home/tomoaki/.p2/pool/plugins/fr.ac6.mcu.externaltools.arm-none.linux64_1.17.0.201812190825/tools/compiler/bin/../lib/gcc/arm-none-eabi/7.3.1/../../../../arm-none-eabi/lib/thumb/v6-m/libc_nano.a(lib_a-writer.o)
                0x0000000008012660                _write_r
 .text._close_r
                0x0000000008012688       0x24 /home/tomoaki/.p2/pool/plugins/fr.ac6.mcu.externaltools.arm-none.linux64_1.17.0.201812190825/tools/compiler/bin/../lib/gcc/arm-none-eabi/7.3.1/../../../../arm-none-eabi/lib/thumb/v6-m/libc_nano.a(lib_a-closer.o)
                0x0000000008012688                _close_r
 .text._fstat_r
                0x00000000080126ac       0x24 /home/tomoaki/.p2/pool/plugins/fr.ac6.mcu.externaltools.arm-none.linux64_1.17.0.201812190825/tools/compiler/bin/../lib/gcc/arm-none-eabi/7.3.1/../../../../arm-none-eabi/lib/thumb/v6-m/libc_nano.a(lib_a-fstatr.o)
                0x00000000080126ac                _fstat_r
 .text._isatty_r
                0x00000000080126d0       0x24 /home/tomoaki/.p2/pool/plugins/fr.ac6.mcu.externaltools.arm-none.linux64_1.17.0.201812190825/tools/compiler/bin/../lib/gcc/arm-none-eabi/7.3.1/../../../../arm-none-eabi/lib/thumb/v6-m/libc_nano.a(lib_a-isattyr.o)
                0x00000000080126d0                _isatty_r
 .text._lseek_r
                0x00000000080126f4       0x28 /home/tomoaki/.p2/pool/plugins/fr.ac6.mcu.externaltools.arm-none.linux64_1.17.0.201812190825/tools/compiler/bin/../lib/gcc/arm-none-eabi/7.3.1/../../../../arm-none-eabi/lib/thumb/v6-m/libc_nano.a(lib_a-lseekr.o)
                0x00000000080126f4                _lseek_r
 .text.__ascii_mbtowc
                0x000000000801271c       0x24 /home/tomoaki/.p2/pool/plugins/fr.ac6.mcu.externaltools.arm-none.linux64_1.17.0.201812190825/tools/compiler/bin/../lib/gcc/arm-none-eabi/7.3.1/../../../../arm-none-eabi/lib/thumb/v6-m/libc_nano.a(lib_a-mbtowc_r.o)
                0x000000000801271c                __ascii_mbtowc
 .text.memmove  0x0000000008012740       0x26 /home/tomoaki/.p2/pool/plugins/fr.ac6.mcu.externaltools.arm-none.linux64_1.17.0.201812190825/tools/compiler/bin/../lib/gcc/arm-none-eabi/7.3.1/../../../../arm-none-eabi/lib/thumb/v6-m/libc_nano.a(lib_a-memmove.o)
                0x0000000008012740                memmove
 .text._realloc_r
                0x0000000008012766       0x4c /home/tomoaki/.p2/pool/plugins/fr.ac6.mcu.externaltools.arm-none.linux64_1.17.0.201812190825/tools/compiler/bin/../lib/gcc/arm-none-eabi/7.3.1/../../../../arm-none-eabi/lib/thumb/v6-m/libc_nano.a(lib_a-nano-reallocr.o)
                0x0000000008012766                _realloc_r
 *fill*         0x00000000080127b2        0x2 
 .text._read_r  0x00000000080127b4       0x28 /home/tomoaki/.p2/pool/plugins/fr.ac6.mcu.externaltools.arm-none.linux64_1.17.0.201812190825/tools/compiler/bin/../lib/gcc/arm-none-eabi/7.3.1/../../../../arm-none-eabi/lib/thumb/v6-m/libc_nano.a(lib_a-readr.o)
                0x00000000080127b4                _read_r
 .text.__ascii_wctomb
                0x00000000080127dc       0x18 /home/tomoaki/.p2/pool/plugins/fr.ac6.mcu.externaltools.arm-none.linux64_1.17.0.201812190825/tools/compiler/bin/../lib/gcc/arm-none-eabi/7.3.1/../../../../arm-none-eabi/lib/thumb/v6-m/libc_nano.a(lib_a-wctomb_r.o)
                0x00000000080127dc                __ascii_wctomb
 .text._malloc_usable_size_r
                0x00000000080127f4       0x10 /home/tomoaki/.p2/pool/plugins/fr.ac6.mcu.externaltools.arm-none.linux64_1.17.0.201812190825/tools/compiler/bin/../lib/gcc/arm-none-eabi/7.3.1/../../../../arm-none-eabi/lib/thumb/v6-m/libc_nano.a(lib_a-nano-msizer.o)
                0x00000000080127f4                _malloc_usable_size_r
 .text          0x0000000008012804       0x14 /home/tomoaki/.p2/pool/plugins/fr.ac6.mcu.externaltools.arm-none.linux64_1.17.0.201812190825/tools/compiler/bin/../lib/gcc/arm-none-eabi/7.3.1/thumb/v6-m/libgcc.a(_thumb1_case_uqi.o)
                0x0000000008012804                __gnu_thumb1_case_uqi
 .text          0x0000000008012818       0x38 /home/tomoaki/.p2/pool/plugins/fr.ac6.mcu.externaltools.arm-none.linux64_1.17.0.201812190825/tools/compiler/bin/../lib/gcc/arm-none-eabi/7.3.1/thumb/v6-m/libgcc.a(unorddf2.o)
                0x0000000008012818                __aeabi_dcmpun
 .text._close   0x0000000008012850       0x10 /home/tomoaki/.p2/pool/plugins/fr.ac6.mcu.externaltools.arm-none.linux64_1.17.0.201812190825/tools/compiler/bin/../lib/gcc/arm-none-eabi/7.3.1/../../../../arm-none-eabi/lib/thumb/v6-m/libnosys.a(close.o)
                0x0000000008012850                _close
 .text._fstat   0x0000000008012860       0x10 /home/tomoaki/.p2/pool/plugins/fr.ac6.mcu.externaltools.arm-none.linux64_1.17.0.201812190825/tools/compiler/bin/../lib/gcc/arm-none-eabi/7.3.1/../../../../arm-none-eabi/lib/thumb/v6-m/libnosys.a(fstat.o)
                0x0000000008012860                _fstat
 .text._isatty  0x0000000008012870       0x10 /home/tomoaki/.p2/pool/plugins/fr.ac6.mcu.externaltools.arm-none.linux64_1.17.0.201812190825/tools/compiler/bin/../lib/gcc/arm-none-eabi/7.3.1/../../../../arm-none-eabi/lib/thumb/v6-m/libnosys.a(isatty.o)
                0x0000000008012870                _isatty
 .text._lseek   0x0000000008012880       0x10 /home/tomoaki/.p2/pool/plugins/fr.ac6.mcu.externaltools.arm-none.linux64_1.17.0.201812190825/tools/compiler/bin/../lib/gcc/arm-none-eabi/7.3.1/../../../../arm-none-eabi/lib/thumb/v6-m/libnosys.a(lseek.o)
                0x0000000008012880                _lseek
 .text._sbrk    0x0000000008012890       0x1c /home/tomoaki/.p2/pool/plugins/fr.ac6.mcu.externaltools.arm-none.linux64_1.17.0.201812190825/tools/compiler/bin/../lib/gcc/arm-none-eabi/7.3.1/../../../../arm-none-eabi/lib/thumb/v6-m/libnosys.a(sbrk.o)
                0x0000000008012890                _sbrk
 *(.init)
 .init          0x00000000080128ac        0x4 /home/tomoaki/.p2/pool/plugins/fr.ac6.mcu.externaltools.arm-none.linux64_1.17.0.201812190825/tools/compiler/bin/../lib/gcc/arm-none-eabi/7.3.1/thumb/v6-m/crti.o
                0x00000000080128ac                _init
 .init          0x00000000080128b0        0x8 /home/tomoaki/.p2/pool/plugins/fr.ac6.mcu.externaltools.arm-none.linux64_1.17.0.201812190825/tools/compiler/bin/../lib/gcc/arm-none-eabi/7.3.1/thumb/v6-m/crtn.o
 *(.fini)
 .fini          0x00000000080128b8        0x4 /home/tomoaki/.p2/pool/plugins/fr.ac6.mcu.externaltools.arm-none.linux64_1.17.0.201812190825/tools/compiler/bin/../lib/gcc/arm-none-eabi/7.3.1/thumb/v6-m/crti.o
                0x00000000080128b8                _fini
 .fini          0x00000000080128bc        0x8 /home/tomoaki/.p2/pool/plugins/fr.ac6.mcu.externaltools.arm-none.linux64_1.17.0.201812190825/tools/compiler/bin/../lib/gcc/arm-none-eabi/7.3.1/thumb/v6-m/crtn.o
 *crtbegin.o(.ctors)
 *crtbegin?.o(.ctors)
 *(EXCLUDE_FILE(*crtend.o *crtend?.o) .ctors)
 *(SORT_BY_NAME(.ctors.*))
 *(.ctors)
 *crtbegin.o(.dtors)
 *crtbegin?.o(.dtors)
 *(EXCLUDE_FILE(*crtend.o *crtend?.o) .dtors)
 *(SORT_BY_NAME(.dtors.*))
 *(.dtors)
 *(.rodata*)
 .rodata.str1.4
                0x00000000080128c4       0x37 AppSrc/test.o
                                         0x39 (size before relaxing)
 *fill*         0x00000000080128fb        0x1 
 .rodata        0x00000000080128fc       0x10 LoRaEz/gpio.o
 .rodata        0x000000000801290c       0x18 LoRaEz/rtc.o
 .rodata        0x0000000008012924      0x17c LoRaEz/mcu/STM32L0xx_HAL_Driver/Src/stm32l0xx_hal_uart.o
 .rodata        0x0000000008012aa0       0x24 LoRaEz/mcu/cmsis/system_stm32l0xx.o
                0x0000000008012aa0                PLLMulTable
                0x0000000008012aac                AHBPrescTable
                0x0000000008012abc                APBPrescTable
 *fill*         0x0000000008012ac4        0x4 
 .rodata        0x0000000008012ac8      0x120 LoRaEz/sx1276/sx1276.o
                0x0000000008012af0                RadioRegsInit
                0x0000000008012b38                FskBandwidths
 .rodata        0x0000000008012be8       0x84 LoRaLink/LoRaLink.o
 .rodata.str1.4
                0x0000000008012c6c       0x29 LoRaLink/LoRaLink.o
 *fill*         0x0000000008012c95        0x3 
 .rodata        0x0000000008012c98       0x14 LoRaLink/LoRaLinkApi.o
 .rodata        0x0000000008012cac      0x300 LoRaLink/aes.o
 .rodata        0x0000000008012fac       0x78 MQTTSN/MQTTSNClient.o
 .rodata.str1.4
                0x0000000008013024      0x20c MQTTSN/MQTTSNClient.o
                                        0x21c (size before relaxing)
 .rodata.str1.4
                0x0000000008013230       0x18 MQTTSN/MQTTSNPublish.o
                                         0x31 (size before relaxing)
 .rodata.str1.4
                0x0000000008013248       0x25 MQTTSN/MQTTSNSubscribe.o
 .rodata.str1.4
                0x0000000008013248       0x64 System/TaskMgmt.o
                                         0x66 (size before relaxing)
 .rodata        0x00000000080132ac       0x40 /home/tomoaki/.p2/pool/plugins/fr.ac6.mcu.externaltools.arm-none.linux64_1.17.0.201812190825/tools/compiler/bin/../lib/gcc/arm-none-eabi/7.3.1/thumb/v6-m/libgcc.a(divdf3.o)
 .rodata        0x00000000080132ec       0x40 /home/tomoaki/.p2/pool/plugins/fr.ac6.mcu.externaltools.arm-none.linux64_1.17.0.201812190825/tools/compiler/bin/../lib/gcc/arm-none-eabi/7.3.1/thumb/v6-m/libgcc.a(muldf3.o)
 .rodata._global_impure_ptr
                0x000000000801332c        0x4 /home/tomoaki/.p2/pool/plugins/fr.ac6.mcu.externaltools.arm-none.linux64_1.17.0.201812190825/tools/compiler/bin/../lib/gcc/arm-none-eabi/7.3.1/../../../../arm-none-eabi/lib/thumb/v6-m/libc_nano.a(lib_a-impure.o)
                0x000000000801332c                _global_impure_ptr
 .rodata._printf_float.str1.1
                0x0000000008013330       0x12 /home/tomoaki/.p2/pool/plugins/fr.ac6.mcu.externaltools.arm-none.linux64_1.17.0.201812190825/tools/compiler/bin/../lib/gcc/arm-none-eabi/7.3.1/../../../../arm-none-eabi/lib/thumb/v6-m/libc_nano.a(lib_a-nano-vfprintf_float.o)
 .rodata._printf_i.str1.1
                0x0000000008013342       0x22 /home/tomoaki/.p2/pool/plugins/fr.ac6.mcu.externaltools.arm-none.linux64_1.17.0.201812190825/tools/compiler/bin/../lib/gcc/arm-none-eabi/7.3.1/../../../../arm-none-eabi/lib/thumb/v6-m/libc_nano.a(lib_a-nano-vfprintf_i.o)
 .rodata._dtoa_r.str1.1
                0x0000000008013364        0xd /home/tomoaki/.p2/pool/plugins/fr.ac6.mcu.externaltools.arm-none.linux64_1.17.0.201812190825/tools/compiler/bin/../lib/gcc/arm-none-eabi/7.3.1/../../../../arm-none-eabi/lib/thumb/v6-m/libc_nano.a(lib_a-dtoa.o)
                                          0xf (size before relaxing)
 *fill*         0x0000000008013371        0x3 
 .rodata.__sf_fake_stderr
                0x0000000008013374       0x20 /home/tomoaki/.p2/pool/plugins/fr.ac6.mcu.externaltools.arm-none.linux64_1.17.0.201812190825/tools/compiler/bin/../lib/gcc/arm-none-eabi/7.3.1/../../../../arm-none-eabi/lib/thumb/v6-m/libc_nano.a(lib_a-findfp.o)
                0x0000000008013374                __sf_fake_stderr
 .rodata.__sf_fake_stdin
                0x0000000008013394       0x20 /home/tomoaki/.p2/pool/plugins/fr.ac6.mcu.externaltools.arm-none.linux64_1.17.0.201812190825/tools/compiler/bin/../lib/gcc/arm-none-eabi/7.3.1/../../../../arm-none-eabi/lib/thumb/v6-m/libc_nano.a(lib_a-findfp.o)
                0x0000000008013394                __sf_fake_stdin
 .rodata.__sf_fake_stdout
                0x00000000080133b4       0x20 /home/tomoaki/.p2/pool/plugins/fr.ac6.mcu.externaltools.arm-none.linux64_1.17.0.201812190825/tools/compiler/bin/../lib/gcc/arm-none-eabi/7.3.1/../../../../arm-none-eabi/lib/thumb/v6-m/libc_nano.a(lib_a-findfp.o)
                0x00000000080133b4                __sf_fake_stdout
 *fill*         0x00000000080133d4        0x4 
 .rodata.__mprec_bigtens
                0x00000000080133d8       0x28 /home/tomoaki/.p2/pool/plugins/fr.ac6.mcu.externaltools.arm-none.linux64_1.17.0.201812190825/tools/compiler/bin/../lib/gcc/arm-none-eabi/7.3.1/../../../../arm-none-eabi/lib/thumb/v6-m/libc_nano.a(lib_a-mprec.o)
                0x00000000080133d8                __mprec_bigtens
 .rodata.__mprec_tens
                0x0000000008013400       0xc8 /home/tomoaki/.p2/pool/plugins/fr.ac6.mcu.externaltools.arm-none.linux64_1.17.0.201812190825/tools/compiler/bin/../lib/gcc/arm-none-eabi/7.3.1/../../../../arm-none-eabi/lib/thumb/v6-m/libc_nano.a(lib_a-mprec.o)
                0x0000000008013400                __mprec_tens
 .rodata.p05.6084
                0x00000000080134c8        0xc /home/tomoaki/.p2/pool/plugins/fr.ac6.mcu.externaltools.arm-none.linux64_1.17.0.201812190825/tools/compiler/bin/../lib/gcc/arm-none-eabi/7.3.1/../../../../arm-none-eabi/lib/thumb/v6-m/libc_nano.a(lib_a-mprec.o)
 .rodata._svfprintf_r.str1.1